进程内 CPU 隔离: [28, 29, 30, 31]，CPU 线程数 2；不修改系统设置
{'repeat': -1, 'id': 'v8-multi-025-en', 'seconds': 8.555068599999998}
{'repeat': -1, 'id': 'v8-multi-026-en', 'seconds': 7.614380899999986}
{'repeat': -1, 'id': 'v8-multi-027-en', 'seconds': 6.781330299999979}
{'repeat': -1, 'id': 'v8-multi-025-zh-CN', 'seconds': 6.634272199999998}
{'repeat': -1, 'id': 'v8-multi-026-zh-CN', 'seconds': 6.289218300000016}
{'repeat': -1, 'id': 'v8-multi-027-zh-CN', 'seconds': 5.32820719999998}
{'repeat': -1, 'id': 'v8-multi-001-en', 'seconds': 7.148131400000011}
{'repeat': -1, 'id': 'v8-multi-002-en', 'seconds': 7.197798799999987}
{'repeat': -1, 'id': 'v8-multi-003-en', 'seconds': 6.681626400000027}
{'repeat': -1, 'id': 'v8-multi-001-zh-CN', 'seconds': 6.4909178999999995}
{'repeat': -1, 'id': 'v8-multi-002-zh-CN', 'seconds': 5.5183571999999685}
{'repeat': -1, 'id': 'v8-multi-003-zh-CN', 'seconds': 5.563501900000006}
{'repeat': -1, 'id': 'v8-multi-018-en', 'seconds': 7.523921299999984}
{'repeat': -1, 'id': 'v8-multi-019-en', 'seconds': 7.080973899999947}
{'repeat': -1, 'id': 'v8-multi-017-zh-CN', 'seconds': 5.774804999999958}
{'repeat': -1, 'id': 'v8-multi-018-zh-CN', 'seconds': 6.92256900000001}
{'repeat': -1, 'id': 'v8-multi-019-zh-CN', 'seconds': 5.672066400000006}
{'repeat': -1, 'id': 'v8-multi-038-zh-CN', 'seconds': 5.757876199999998}
{'repeat': -1, 'id': 'v8-multi-009-en', 'seconds': 8.039940099999967}
{'repeat': -1, 'id': 'v8-multi-010-en', 'seconds': 6.333352099999956}
{'repeat': -1, 'id': 'v8-multi-011-en', 'seconds': 8.371726699999954}
{'repeat': -1, 'id': 'v8-multi-009-zh-CN', 'seconds': 5.444544600000029}
{'repeat': -1, 'id': 'v8-multi-010-zh-CN', 'seconds': 6.761812300000031}
{'repeat': -1, 'id': 'v8-multi-011-zh-CN', 'seconds': 6.955439600000034}
{'repeat': 0, 'id': 'v8-multi-025-en', 'seconds': 7.389804700000013}
{'repeat': 0, 'id': 'v8-multi-026-en', 'seconds': 7.399538199999995}
{'repeat': 0, 'id': 'v8-multi-027-en', 'seconds': 6.573360899999955}
{'repeat': 0, 'id': 'v8-multi-025-zh-CN', 'seconds': 6.082018600000026}
{'repeat': 0, 'id': 'v8-multi-026-zh-CN', 'seconds': 5.855867899999964}
{'repeat': 0, 'id': 'v8-multi-027-zh-CN', 'seconds': 5.160737500000039}
{'repeat': 0, 'id': 'v8-multi-001-en', 'seconds': 7.219405100000017}
{'repeat': 0, 'id': 'v8-multi-002-en', 'seconds': 6.9547918000000095}
{'repeat': 0, 'id': 'v8-multi-003-en', 'seconds': 6.330395500000009}
{'repeat': 0, 'id': 'v8-multi-001-zh-CN', 'seconds': 6.232099399999981}
{'repeat': 0, 'id': 'v8-multi-002-zh-CN', 'seconds': 5.3677931000000285}
{'repeat': 0, 'id': 'v8-multi-003-zh-CN', 'seconds': 5.357266700000025}
{'repeat': 0, 'id': 'v8-multi-018-en', 'seconds': 8.312928499999998}
{'repeat': 0, 'id': 'v8-multi-019-en', 'seconds': 9.582587499999988}
{'repeat': 0, 'id': 'v8-multi-017-zh-CN', 'seconds': 6.97592689999999}
{'repeat': 0, 'id': 'v8-multi-018-zh-CN', 'seconds': 6.754046500000015}
{'repeat': 0, 'id': 'v8-multi-019-zh-CN', 'seconds': 5.464924899999971}
{'repeat': 0, 'id': 'v8-multi-038-zh-CN', 'seconds': 5.2859397000000286}
{'repeat': 0, 'id': 'v8-multi-009-en', 'seconds': 6.9231011000000535}
{'repeat': 0, 'id': 'v8-multi-010-en', 'seconds': 5.8081083999999805}
{'repeat': 0, 'id': 'v8-multi-011-en', 'seconds': 7.7623969999999645}
{'repeat': 0, 'id': 'v8-multi-009-zh-CN', 'seconds': 5.618222099999969}
{'repeat': 0, 'id': 'v8-multi-010-zh-CN', 'seconds': 6.589571299999989}
{'repeat': 0, 'id': 'v8-multi-011-zh-CN', 'seconds': 7.1713119999999435}
{'repeat': 1, 'id': 'v8-multi-025-en', 'seconds': 7.376719900000012}
{'repeat': 1, 'id': 'v8-multi-026-en', 'seconds': 7.904315699999984}
{'repeat': 1, 'id': 'v8-multi-027-en', 'seconds': 6.799237000000062}
{'repeat': 1, 'id': 'v8-multi-025-zh-CN', 'seconds': 5.784365500000035}
{'repeat': 1, 'id': 'v8-multi-026-zh-CN', 'seconds': 5.641102200000091}
{'repeat': 1, 'id': 'v8-multi-027-zh-CN', 'seconds': 5.2434068000000025}
{'repeat': 1, 'id': 'v8-multi-001-en', 'seconds': 7.293547099999955}
{'repeat': 1, 'id': 'v8-multi-002-en', 'seconds': 7.0238222000000405}
{'repeat': 1, 'id': 'v8-multi-003-en', 'seconds': 6.255203199999983}
{'repeat': 1, 'id': 'v8-multi-001-zh-CN', 'seconds': 6.2551164999999855}
{'repeat': 1, 'id': 'v8-multi-002-zh-CN', 'seconds': 6.552176900000063}
{'repeat': 1, 'id': 'v8-multi-003-zh-CN', 'seconds': 6.734654299999988}
{'repeat': 1, 'id': 'v8-multi-018-en', 'seconds': 8.63361539999994}
{'repeat': 1, 'id': 'v8-multi-019-en', 'seconds': 6.762034799999924}
{'repeat': 1, 'id': 'v8-multi-017-zh-CN', 'seconds': 5.721729699999969}
{'repeat': 1, 'id': 'v8-multi-018-zh-CN', 'seconds': 6.698057999999946}
{'repeat': 1, 'id': 'v8-multi-019-zh-CN', 'seconds': 5.670185099999912}
{'repeat': 1, 'id': 'v8-multi-038-zh-CN', 'seconds': 5.984991499999978}
{'repeat': 1, 'id': 'v8-multi-009-en', 'seconds': 8.48983869999995}
{'repeat': 1, 'id': 'v8-multi-010-en', 'seconds': 6.739364099999989}
{'repeat': 1, 'id': 'v8-multi-011-en', 'seconds': 10.898894700000028}
{'repeat': 1, 'id': 'v8-multi-009-zh-CN', 'seconds': 7.014947599999914}
{'repeat': 1, 'id': 'v8-multi-010-zh-CN', 'seconds': 6.7641960999999355}
{'repeat': 1, 'id': 'v8-multi-011-zh-CN', 'seconds': 7.53195310000001}
{'repeat': 2, 'id': 'v8-multi-025-en', 'seconds': 7.98513109999999}
{'repeat': 2, 'id': 'v8-multi-026-en', 'seconds': 7.100818799999956}
{'repeat': 2, 'id': 'v8-multi-027-en', 'seconds': 6.522002000000043}
{'repeat': 2, 'id': 'v8-multi-025-zh-CN', 'seconds': 5.705696699999976}
{'repeat': 2, 'id': 'v8-multi-026-zh-CN', 'seconds': 5.5147604}
{'repeat': 2, 'id': 'v8-multi-027-zh-CN', 'seconds': 4.966306099999997}
{'repeat': 2, 'id': 'v8-multi-001-en', 'seconds': 7.027413900000056}
{'repeat': 2, 'id': 'v8-multi-002-en', 'seconds': 7.10784179999996}
{'repeat': 2, 'id': 'v8-multi-003-en', 'seconds': 6.121022499999981}
{'repeat': 2, 'id': 'v8-multi-001-zh-CN', 'seconds': 6.333243300000049}
{'repeat': 2, 'id': 'v8-multi-002-zh-CN', 'seconds': 5.035616199999936}
{'repeat': 2, 'id': 'v8-multi-003-zh-CN', 'seconds': 5.520927400000005}
{'repeat': 2, 'id': 'v8-multi-018-en', 'seconds': 7.794143299999973}
{'repeat': 2, 'id': 'v8-multi-019-en', 'seconds': 7.0532084999999825}
{'repeat': 2, 'id': 'v8-multi-017-zh-CN', 'seconds': 5.382412599999952}
{'repeat': 2, 'id': 'v8-multi-018-zh-CN', 'seconds': 6.497299199999929}
{'repeat': 2, 'id': 'v8-multi-019-zh-CN', 'seconds': 5.150394399999982}
{'repeat': 2, 'id': 'v8-multi-038-zh-CN', 'seconds': 5.313792900000067}
{'repeat': 2, 'id': 'v8-multi-009-en', 'seconds': 9.147680700000024}
{'repeat': 2, 'id': 'v8-multi-010-en', 'seconds': 6.453422499999988}
{'repeat': 2, 'id': 'v8-multi-011-en', 'seconds': 7.8027561000000105}
{'repeat': 2, 'id': 'v8-multi-009-zh-CN', 'seconds': 4.992818199999988}
{'repeat': 2, 'id': 'v8-multi-010-zh-CN', 'seconds': 6.484762199999977}
{'repeat': 2, 'id': 'v8-multi-011-zh-CN', 'seconds': 6.966542700000105}
