进程内 CPU 隔离: [28, 29, 30, 31]，CPU 线程数 2；不修改系统设置
{'id': 'confirmation-daily-000-zh-CN', 'completed': 1, 'eos': True, 'json_valid': True}
{'id': 'confirmation-daily-000-en', 'completed': 2, 'eos': True, 'json_valid': True}
{'id': 'confirmation-daily-001-zh-CN', 'completed': 3, 'eos': True, 'json_valid': True}
{'id': 'confirmation-daily-001-en', 'completed': 4, 'eos': True, 'json_valid': True}
{'id': 'confirmation-daily-002-zh-CN', 'completed': 5, 'eos': True, 'json_valid': True}
{'id': 'confirmation-daily-002-en', 'completed': 6, 'eos': True, 'json_valid': True}
{'id': 'confirmation-daily-003-zh-CN', 'completed': 7, 'eos': True, 'json_valid': True}
{'id': 'confirmation-daily-003-en', 'completed': 8, 'eos': True, 'json_valid': True}
{'id': 'confirmation-daily-004-zh-CN', 'completed': 9, 'eos': True, 'json_valid': True}
{'id': 'confirmation-daily-004-en', 'completed': 10, 'eos': True, 'json_valid': True}
{'id': 'confirmation-daily-005-zh-CN', 'completed': 11, 'eos': True, 'json_valid': True}
{'id': 'confirmation-daily-005-en', 'completed': 12, 'eos': True, 'json_valid': True}
{'id': 'confirmation-daily-006-zh-CN', 'completed': 13, 'eos': True, 'json_valid': True}
{'id': 'confirmation-daily-006-en', 'completed': 14, 'eos': True, 'json_valid': True}
{'id': 'confirmation-daily-007-zh-CN', 'completed': 15, 'eos': True, 'json_valid': True}
{'id': 'confirmation-daily-007-en', 'completed': 16, 'eos': True, 'json_valid': True}
{'id': 'confirmation-daily-008-zh-CN', 'completed': 17, 'eos': True, 'json_valid': True}
{'id': 'confirmation-daily-008-en', 'completed': 18, 'eos': True, 'json_valid': True}
{'id': 'confirmation-daily-009-zh-CN', 'completed': 19, 'eos': True, 'json_valid': True}
{'id': 'confirmation-daily-009-en', 'completed': 20, 'eos': True, 'json_valid': True}
{'id': 'confirmation-daily-010-zh-CN', 'completed': 21, 'eos': True, 'json_valid': True}
{'id': 'confirmation-daily-010-en', 'completed': 22, 'eos': True, 'json_valid': True}
{'id': 'confirmation-daily-011-zh-CN', 'completed': 23, 'eos': True, 'json_valid': True}
{'id': 'confirmation-daily-011-en', 'completed': 24, 'eos': True, 'json_valid': True}
{'id': 'confirmation-daily-012-zh-CN', 'completed': 25, 'eos': True, 'json_valid': True}
{'id': 'confirmation-daily-012-en', 'completed': 26, 'eos': True, 'json_valid': True}
{'id': 'confirmation-daily-013-zh-CN', 'completed': 27, 'eos': True, 'json_valid': True}
{'id': 'confirmation-daily-013-en', 'completed': 28, 'eos': True, 'json_valid': True}
{'id': 'confirmation-daily-014-zh-CN', 'completed': 29, 'eos': True, 'json_valid': True}
{'id': 'confirmation-daily-014-en', 'completed': 30, 'eos': True, 'json_valid': True}
{'id': 'confirmation-daily-015-zh-CN', 'completed': 31, 'eos': True, 'json_valid': True}
{'id': 'confirmation-daily-015-en', 'completed': 32, 'eos': True, 'json_valid': True}
{'id': 'confirmation-daily-016-zh-CN', 'completed': 33, 'eos': True, 'json_valid': True}
{'id': 'confirmation-daily-016-en', 'completed': 34, 'eos': True, 'json_valid': True}
{'id': 'confirmation-daily-017-zh-CN', 'completed': 35, 'eos': True, 'json_valid': True}
{'id': 'confirmation-daily-017-en', 'completed': 36, 'eos': True, 'json_valid': True}
{'id': 'confirmation-daily-018-zh-CN', 'completed': 37, 'eos': True, 'json_valid': True}
{'id': 'confirmation-daily-018-en', 'completed': 38, 'eos': True, 'json_valid': True}
{'id': 'confirmation-daily-019-zh-CN', 'completed': 39, 'eos': True, 'json_valid': True}
{'id': 'confirmation-daily-019-en', 'completed': 40, 'eos': True, 'json_valid': True}
{'id': 'confirmation-daily-020-zh-CN', 'completed': 41, 'eos': True, 'json_valid': True}
{'id': 'confirmation-daily-020-en', 'completed': 42, 'eos': True, 'json_valid': True}
{'id': 'confirmation-daily-021-zh-CN', 'completed': 43, 'eos': True, 'json_valid': True}
{'id': 'confirmation-daily-021-en', 'completed': 44, 'eos': True, 'json_valid': True}
{'id': 'confirmation-daily-022-zh-CN', 'completed': 45, 'eos': True, 'json_valid': True}
{'id': 'confirmation-daily-022-en', 'completed': 46, 'eos': True, 'json_valid': True}
{'id': 'confirmation-daily-023-zh-CN', 'completed': 47, 'eos': True, 'json_valid': True}
{'id': 'confirmation-daily-023-en', 'completed': 48, 'eos': True, 'json_valid': True}
{'id': 'confirmation-daily-024-zh-CN', 'completed': 49, 'eos': True, 'json_valid': True}
{'id': 'confirmation-daily-024-en', 'completed': 50, 'eos': True, 'json_valid': True}
{'id': 'confirmation-daily-025-zh-CN', 'completed': 51, 'eos': True, 'json_valid': True}
{'id': 'confirmation-daily-025-en', 'completed': 52, 'eos': True, 'json_valid': True}
{'id': 'confirmation-daily-026-zh-CN', 'completed': 53, 'eos': True, 'json_valid': True}
{'id': 'confirmation-daily-026-en', 'completed': 54, 'eos': True, 'json_valid': True}
{'id': 'confirmation-daily-027-zh-CN', 'completed': 55, 'eos': True, 'json_valid': True}
{'id': 'confirmation-daily-027-en', 'completed': 56, 'eos': True, 'json_valid': True}
{'id': 'confirmation-daily-028-zh-CN', 'completed': 57, 'eos': True, 'json_valid': True}
{'id': 'confirmation-daily-028-en', 'completed': 58, 'eos': True, 'json_valid': True}
{'id': 'confirmation-daily-029-zh-CN', 'completed': 59, 'eos': True, 'json_valid': True}
{'id': 'confirmation-daily-029-en', 'completed': 60, 'eos': True, 'json_valid': True}
{'id': 'confirmation-daily-030-zh-CN', 'completed': 61, 'eos': True, 'json_valid': True}
{'id': 'confirmation-daily-030-en', 'completed': 62, 'eos': True, 'json_valid': True}
{'id': 'confirmation-daily-031-zh-CN', 'completed': 63, 'eos': True, 'json_valid': True}
{'id': 'confirmation-daily-031-en', 'completed': 64, 'eos': True, 'json_valid': True}
{'id': 'confirmation-daily-032-zh-CN', 'completed': 65, 'eos': True, 'json_valid': True}
{'id': 'confirmation-daily-032-en', 'completed': 66, 'eos': True, 'json_valid': True}
{'id': 'confirmation-daily-033-zh-CN', 'completed': 67, 'eos': True, 'json_valid': True}
{'id': 'confirmation-daily-033-en', 'completed': 68, 'eos': True, 'json_valid': True}
{'id': 'confirmation-daily-034-zh-CN', 'completed': 69, 'eos': True, 'json_valid': True}
{'id': 'confirmation-daily-034-en', 'completed': 70, 'eos': True, 'json_valid': True}
{'id': 'confirmation-daily-035-zh-CN', 'completed': 71, 'eos': True, 'json_valid': True}
{'id': 'confirmation-daily-035-en', 'completed': 72, 'eos': True, 'json_valid': True}
{'id': 'confirmation-daily-036-zh-CN', 'completed': 73, 'eos': True, 'json_valid': True}
{'id': 'confirmation-daily-036-en', 'completed': 74, 'eos': True, 'json_valid': True}
{'id': 'confirmation-daily-037-zh-CN', 'completed': 75, 'eos': True, 'json_valid': True}
{'id': 'confirmation-daily-037-en', 'completed': 76, 'eos': True, 'json_valid': True}
{'id': 'confirmation-daily-038-zh-CN', 'completed': 77, 'eos': True, 'json_valid': True}
{'id': 'confirmation-daily-038-en', 'completed': 78, 'eos': True, 'json_valid': True}
{'id': 'confirmation-daily-039-zh-CN', 'completed': 79, 'eos': True, 'json_valid': True}
{'id': 'confirmation-daily-039-en', 'completed': 80, 'eos': True, 'json_valid': True}
{'id': 'confirmation-travel-000-zh-CN', 'completed': 81, 'eos': True, 'json_valid': True}
{'id': 'confirmation-travel-000-en', 'completed': 82, 'eos': True, 'json_valid': True}
{'id': 'confirmation-travel-001-zh-CN', 'completed': 83, 'eos': True, 'json_valid': True}
{'id': 'confirmation-travel-001-en', 'completed': 84, 'eos': True, 'json_valid': True}
{'id': 'confirmation-travel-002-zh-CN', 'completed': 85, 'eos': True, 'json_valid': True}
{'id': 'confirmation-travel-002-en', 'completed': 86, 'eos': True, 'json_valid': True}
{'id': 'confirmation-travel-003-zh-CN', 'completed': 87, 'eos': True, 'json_valid': True}
{'id': 'confirmation-travel-003-en', 'completed': 88, 'eos': True, 'json_valid': True}
{'id': 'confirmation-travel-004-zh-CN', 'completed': 89, 'eos': True, 'json_valid': True}
{'id': 'confirmation-travel-004-en', 'completed': 90, 'eos': True, 'json_valid': True}
{'id': 'confirmation-travel-005-zh-CN', 'completed': 91, 'eos': True, 'json_valid': True}
{'id': 'confirmation-travel-005-en', 'completed': 92, 'eos': True, 'json_valid': True}
{'id': 'confirmation-travel-006-zh-CN', 'completed': 93, 'eos': True, 'json_valid': True}
{'id': 'confirmation-travel-006-en', 'completed': 94, 'eos': True, 'json_valid': True}
{'id': 'confirmation-travel-007-zh-CN', 'completed': 95, 'eos': True, 'json_valid': True}
{'id': 'confirmation-travel-007-en', 'completed': 96, 'eos': True, 'json_valid': True}
{'id': 'confirmation-travel-008-zh-CN', 'completed': 97, 'eos': True, 'json_valid': True}
{'id': 'confirmation-travel-008-en', 'completed': 98, 'eos': True, 'json_valid': True}
{'id': 'confirmation-travel-009-zh-CN', 'completed': 99, 'eos': True, 'json_valid': True}
{'id': 'confirmation-travel-009-en', 'completed': 100, 'eos': True, 'json_valid': True}
{'id': 'confirmation-travel-010-zh-CN', 'completed': 101, 'eos': True, 'json_valid': True}
{'id': 'confirmation-travel-010-en', 'completed': 102, 'eos': True, 'json_valid': True}
{'id': 'confirmation-travel-011-zh-CN', 'completed': 103, 'eos': True, 'json_valid': True}
{'id': 'confirmation-travel-011-en', 'completed': 104, 'eos': True, 'json_valid': True}
{'id': 'confirmation-travel-012-zh-CN', 'completed': 105, 'eos': True, 'json_valid': True}
{'id': 'confirmation-travel-012-en', 'completed': 106, 'eos': True, 'json_valid': True}
{'id': 'confirmation-travel-013-zh-CN', 'completed': 107, 'eos': True, 'json_valid': True}
{'id': 'confirmation-travel-013-en', 'completed': 108, 'eos': True, 'json_valid': True}
{'id': 'confirmation-travel-014-zh-CN', 'completed': 109, 'eos': True, 'json_valid': True}
{'id': 'confirmation-travel-014-en', 'completed': 110, 'eos': True, 'json_valid': True}
{'id': 'confirmation-travel-015-zh-CN', 'completed': 111, 'eos': True, 'json_valid': True}
{'id': 'confirmation-travel-015-en', 'completed': 112, 'eos': True, 'json_valid': True}
{'id': 'confirmation-travel-016-zh-CN', 'completed': 113, 'eos': True, 'json_valid': True}
{'id': 'confirmation-travel-016-en', 'completed': 114, 'eos': True, 'json_valid': True}
{'id': 'confirmation-travel-017-zh-CN', 'completed': 115, 'eos': True, 'json_valid': True}
{'id': 'confirmation-travel-017-en', 'completed': 116, 'eos': True, 'json_valid': True}
{'id': 'confirmation-travel-018-zh-CN', 'completed': 117, 'eos': True, 'json_valid': True}
{'id': 'confirmation-travel-018-en', 'completed': 118, 'eos': True, 'json_valid': True}
{'id': 'confirmation-travel-019-zh-CN', 'completed': 119, 'eos': True, 'json_valid': True}
{'id': 'confirmation-travel-019-en', 'completed': 120, 'eos': True, 'json_valid': True}
{'id': 'confirmation-travel-020-zh-CN', 'completed': 121, 'eos': True, 'json_valid': True}
{'id': 'confirmation-travel-020-en', 'completed': 122, 'eos': True, 'json_valid': True}
{'id': 'confirmation-travel-021-zh-CN', 'completed': 123, 'eos': True, 'json_valid': True}
{'id': 'confirmation-travel-021-en', 'completed': 124, 'eos': True, 'json_valid': True}
{'id': 'confirmation-travel-022-zh-CN', 'completed': 125, 'eos': True, 'json_valid': True}
{'id': 'confirmation-travel-022-en', 'completed': 126, 'eos': True, 'json_valid': True}
{'id': 'confirmation-travel-023-zh-CN', 'completed': 127, 'eos': True, 'json_valid': True}
{'id': 'confirmation-travel-023-en', 'completed': 128, 'eos': True, 'json_valid': True}
{'id': 'confirmation-travel-024-zh-CN', 'completed': 129, 'eos': True, 'json_valid': True}
{'id': 'confirmation-travel-024-en', 'completed': 130, 'eos': True, 'json_valid': True}
{'id': 'confirmation-travel-025-zh-CN', 'completed': 131, 'eos': True, 'json_valid': True}
{'id': 'confirmation-travel-025-en', 'completed': 132, 'eos': True, 'json_valid': True}
{'id': 'confirmation-travel-026-zh-CN', 'completed': 133, 'eos': True, 'json_valid': True}
{'id': 'confirmation-travel-026-en', 'completed': 134, 'eos': True, 'json_valid': True}
{'id': 'confirmation-travel-027-zh-CN', 'completed': 135, 'eos': True, 'json_valid': True}
{'id': 'confirmation-travel-027-en', 'completed': 136, 'eos': True, 'json_valid': True}
{'id': 'confirmation-travel-028-zh-CN', 'completed': 137, 'eos': True, 'json_valid': True}
{'id': 'confirmation-travel-028-en', 'completed': 138, 'eos': True, 'json_valid': True}
{'id': 'confirmation-travel-029-zh-CN', 'completed': 139, 'eos': True, 'json_valid': True}
{'id': 'confirmation-travel-029-en', 'completed': 140, 'eos': True, 'json_valid': True}
{'id': 'confirmation-travel-030-zh-CN', 'completed': 141, 'eos': True, 'json_valid': True}
{'id': 'confirmation-travel-030-en', 'completed': 142, 'eos': True, 'json_valid': True}
{'id': 'confirmation-travel-031-zh-CN', 'completed': 143, 'eos': True, 'json_valid': True}
{'id': 'confirmation-travel-031-en', 'completed': 144, 'eos': True, 'json_valid': True}
{'id': 'confirmation-travel-032-zh-CN', 'completed': 145, 'eos': True, 'json_valid': True}
{'id': 'confirmation-travel-032-en', 'completed': 146, 'eos': True, 'json_valid': True}
{'id': 'confirmation-travel-033-zh-CN', 'completed': 147, 'eos': True, 'json_valid': True}
{'id': 'confirmation-travel-033-en', 'completed': 148, 'eos': True, 'json_valid': True}
{'id': 'confirmation-travel-034-zh-CN', 'completed': 149, 'eos': True, 'json_valid': True}
{'id': 'confirmation-travel-034-en', 'completed': 150, 'eos': True, 'json_valid': True}
{'id': 'confirmation-travel-035-zh-CN', 'completed': 151, 'eos': True, 'json_valid': True}
{'id': 'confirmation-travel-035-en', 'completed': 152, 'eos': True, 'json_valid': True}
{'id': 'confirmation-travel-036-zh-CN', 'completed': 153, 'eos': True, 'json_valid': True}
{'id': 'confirmation-travel-036-en', 'completed': 154, 'eos': True, 'json_valid': True}
{'id': 'confirmation-travel-037-zh-CN', 'completed': 155, 'eos': True, 'json_valid': True}
{'id': 'confirmation-travel-037-en', 'completed': 156, 'eos': True, 'json_valid': True}
{'id': 'confirmation-travel-038-zh-CN', 'completed': 157, 'eos': True, 'json_valid': True}
{'id': 'confirmation-travel-038-en', 'completed': 158, 'eos': True, 'json_valid': True}
{'id': 'confirmation-travel-039-zh-CN', 'completed': 159, 'eos': True, 'json_valid': True}
{'id': 'confirmation-travel-039-en', 'completed': 160, 'eos': True, 'json_valid': True}
{'id': 'confirmation-food-000-zh-CN', 'completed': 161, 'eos': True, 'json_valid': True}
{'id': 'confirmation-food-000-en', 'completed': 162, 'eos': True, 'json_valid': True}
{'id': 'confirmation-food-001-zh-CN', 'completed': 163, 'eos': True, 'json_valid': True}
{'id': 'confirmation-food-001-en', 'completed': 164, 'eos': True, 'json_valid': True}
{'id': 'confirmation-food-002-zh-CN', 'completed': 165, 'eos': True, 'json_valid': True}
{'id': 'confirmation-food-002-en', 'completed': 166, 'eos': True, 'json_valid': True}
{'id': 'confirmation-food-003-zh-CN', 'completed': 167, 'eos': True, 'json_valid': True}
{'id': 'confirmation-food-003-en', 'completed': 168, 'eos': True, 'json_valid': True}
{'id': 'confirmation-food-004-zh-CN', 'completed': 169, 'eos': True, 'json_valid': True}
{'id': 'confirmation-food-004-en', 'completed': 170, 'eos': True, 'json_valid': True}
{'id': 'confirmation-food-005-zh-CN', 'completed': 171, 'eos': True, 'json_valid': True}
{'id': 'confirmation-food-005-en', 'completed': 172, 'eos': True, 'json_valid': True}
{'id': 'confirmation-food-006-zh-CN', 'completed': 173, 'eos': True, 'json_valid': True}
{'id': 'confirmation-food-006-en', 'completed': 174, 'eos': True, 'json_valid': True}
{'id': 'confirmation-food-007-zh-CN', 'completed': 175, 'eos': True, 'json_valid': True}
{'id': 'confirmation-food-007-en', 'completed': 176, 'eos': True, 'json_valid': True}
{'id': 'confirmation-food-008-zh-CN', 'completed': 177, 'eos': True, 'json_valid': True}
{'id': 'confirmation-food-008-en', 'completed': 178, 'eos': True, 'json_valid': True}
{'id': 'confirmation-food-009-zh-CN', 'completed': 179, 'eos': True, 'json_valid': True}
{'id': 'confirmation-food-009-en', 'completed': 180, 'eos': True, 'json_valid': True}
{'id': 'confirmation-food-010-zh-CN', 'completed': 181, 'eos': True, 'json_valid': True}
{'id': 'confirmation-food-010-en', 'completed': 182, 'eos': True, 'json_valid': True}
{'id': 'confirmation-food-011-zh-CN', 'completed': 183, 'eos': True, 'json_valid': True}
{'id': 'confirmation-food-011-en', 'completed': 184, 'eos': True, 'json_valid': True}
{'id': 'confirmation-food-012-zh-CN', 'completed': 185, 'eos': True, 'json_valid': True}
{'id': 'confirmation-food-012-en', 'completed': 186, 'eos': True, 'json_valid': True}
{'id': 'confirmation-food-013-zh-CN', 'completed': 187, 'eos': True, 'json_valid': True}
{'id': 'confirmation-food-013-en', 'completed': 188, 'eos': True, 'json_valid': True}
{'id': 'confirmation-food-014-zh-CN', 'completed': 189, 'eos': True, 'json_valid': True}
{'id': 'confirmation-food-014-en', 'completed': 190, 'eos': True, 'json_valid': True}
{'id': 'confirmation-food-015-zh-CN', 'completed': 191, 'eos': True, 'json_valid': True}
{'id': 'confirmation-food-015-en', 'completed': 192, 'eos': True, 'json_valid': True}
{'id': 'confirmation-food-016-zh-CN', 'completed': 193, 'eos': True, 'json_valid': True}
{'id': 'confirmation-food-016-en', 'completed': 194, 'eos': True, 'json_valid': True}
{'id': 'confirmation-food-017-zh-CN', 'completed': 195, 'eos': True, 'json_valid': True}
{'id': 'confirmation-food-017-en', 'completed': 196, 'eos': True, 'json_valid': True}
{'id': 'confirmation-food-018-zh-CN', 'completed': 197, 'eos': True, 'json_valid': True}
{'id': 'confirmation-food-018-en', 'completed': 198, 'eos': True, 'json_valid': True}
{'id': 'confirmation-food-019-zh-CN', 'completed': 199, 'eos': True, 'json_valid': True}
{'id': 'confirmation-food-019-en', 'completed': 200, 'eos': True, 'json_valid': True}
{'id': 'confirmation-food-020-zh-CN', 'completed': 201, 'eos': True, 'json_valid': True}
{'id': 'confirmation-food-020-en', 'completed': 202, 'eos': True, 'json_valid': True}
{'id': 'confirmation-food-021-zh-CN', 'completed': 203, 'eos': True, 'json_valid': True}
{'id': 'confirmation-food-021-en', 'completed': 204, 'eos': True, 'json_valid': True}
{'id': 'confirmation-food-022-zh-CN', 'completed': 205, 'eos': True, 'json_valid': True}
{'id': 'confirmation-food-022-en', 'completed': 206, 'eos': True, 'json_valid': True}
{'id': 'confirmation-food-023-zh-CN', 'completed': 207, 'eos': True, 'json_valid': True}
{'id': 'confirmation-food-023-en', 'completed': 208, 'eos': True, 'json_valid': True}
{'id': 'confirmation-food-024-zh-CN', 'completed': 209, 'eos': True, 'json_valid': True}
{'id': 'confirmation-food-024-en', 'completed': 210, 'eos': True, 'json_valid': True}
{'id': 'confirmation-food-025-zh-CN', 'completed': 211, 'eos': True, 'json_valid': True}
{'id': 'confirmation-food-025-en', 'completed': 212, 'eos': True, 'json_valid': True}
{'id': 'confirmation-food-026-zh-CN', 'completed': 213, 'eos': True, 'json_valid': True}
{'id': 'confirmation-food-026-en', 'completed': 214, 'eos': True, 'json_valid': True}
{'id': 'confirmation-food-027-zh-CN', 'completed': 215, 'eos': True, 'json_valid': True}
{'id': 'confirmation-food-027-en', 'completed': 216, 'eos': True, 'json_valid': True}
{'id': 'confirmation-food-028-zh-CN', 'completed': 217, 'eos': True, 'json_valid': True}
{'id': 'confirmation-food-028-en', 'completed': 218, 'eos': True, 'json_valid': True}
{'id': 'confirmation-food-029-zh-CN', 'completed': 219, 'eos': True, 'json_valid': True}
{'id': 'confirmation-food-029-en', 'completed': 220, 'eos': True, 'json_valid': True}
{'id': 'confirmation-food-030-zh-CN', 'completed': 221, 'eos': True, 'json_valid': True}
{'id': 'confirmation-food-030-en', 'completed': 222, 'eos': True, 'json_valid': True}
{'id': 'confirmation-food-031-zh-CN', 'completed': 223, 'eos': True, 'json_valid': True}
{'id': 'confirmation-food-031-en', 'completed': 224, 'eos': True, 'json_valid': True}
{'id': 'confirmation-food-032-zh-CN', 'completed': 225, 'eos': True, 'json_valid': True}
{'id': 'confirmation-food-032-en', 'completed': 226, 'eos': True, 'json_valid': True}
{'id': 'confirmation-food-033-zh-CN', 'completed': 227, 'eos': True, 'json_valid': True}
{'id': 'confirmation-food-033-en', 'completed': 228, 'eos': True, 'json_valid': True}
{'id': 'confirmation-food-034-zh-CN', 'completed': 229, 'eos': True, 'json_valid': True}
{'id': 'confirmation-food-034-en', 'completed': 230, 'eos': True, 'json_valid': True}
{'id': 'confirmation-food-035-zh-CN', 'completed': 231, 'eos': True, 'json_valid': True}
{'id': 'confirmation-food-035-en', 'completed': 232, 'eos': True, 'json_valid': True}
{'id': 'confirmation-food-036-zh-CN', 'completed': 233, 'eos': True, 'json_valid': True}
{'id': 'confirmation-food-036-en', 'completed': 234, 'eos': True, 'json_valid': True}
{'id': 'confirmation-food-037-zh-CN', 'completed': 235, 'eos': True, 'json_valid': True}
{'id': 'confirmation-food-037-en', 'completed': 236, 'eos': True, 'json_valid': True}
{'id': 'confirmation-food-038-zh-CN', 'completed': 237, 'eos': True, 'json_valid': True}
{'id': 'confirmation-food-038-en', 'completed': 238, 'eos': True, 'json_valid': True}
{'id': 'confirmation-food-039-zh-CN', 'completed': 239, 'eos': True, 'json_valid': True}
{'id': 'confirmation-food-039-en', 'completed': 240, 'eos': True, 'json_valid': True}
{'id': 'confirmation-academic-000-zh-CN', 'completed': 241, 'eos': True, 'json_valid': True}
{'id': 'confirmation-academic-000-en', 'completed': 242, 'eos': True, 'json_valid': True}
{'id': 'confirmation-academic-001-zh-CN', 'completed': 243, 'eos': True, 'json_valid': True}
{'id': 'confirmation-academic-001-en', 'completed': 244, 'eos': True, 'json_valid': True}
{'id': 'confirmation-academic-002-zh-CN', 'completed': 245, 'eos': True, 'json_valid': True}
{'id': 'confirmation-academic-002-en', 'completed': 246, 'eos': True, 'json_valid': True}
{'id': 'confirmation-academic-003-zh-CN', 'completed': 247, 'eos': True, 'json_valid': True}
{'id': 'confirmation-academic-003-en', 'completed': 248, 'eos': True, 'json_valid': True}
{'id': 'confirmation-academic-004-zh-CN', 'completed': 249, 'eos': True, 'json_valid': True}
{'id': 'confirmation-academic-004-en', 'completed': 250, 'eos': True, 'json_valid': True}
{'id': 'confirmation-academic-005-zh-CN', 'completed': 251, 'eos': True, 'json_valid': True}
{'id': 'confirmation-academic-005-en', 'completed': 252, 'eos': True, 'json_valid': True}
{'id': 'confirmation-academic-006-zh-CN', 'completed': 253, 'eos': True, 'json_valid': True}
{'id': 'confirmation-academic-006-en', 'completed': 254, 'eos': True, 'json_valid': True}
{'id': 'confirmation-academic-007-zh-CN', 'completed': 255, 'eos': True, 'json_valid': True}
{'id': 'confirmation-academic-007-en', 'completed': 256, 'eos': True, 'json_valid': True}
{'id': 'confirmation-academic-008-zh-CN', 'completed': 257, 'eos': True, 'json_valid': True}
{'id': 'confirmation-academic-008-en', 'completed': 258, 'eos': True, 'json_valid': True}
{'id': 'confirmation-academic-009-zh-CN', 'completed': 259, 'eos': True, 'json_valid': True}
{'id': 'confirmation-academic-009-en', 'completed': 260, 'eos': True, 'json_valid': True}
{'id': 'confirmation-academic-010-zh-CN', 'completed': 261, 'eos': True, 'json_valid': True}
{'id': 'confirmation-academic-010-en', 'completed': 262, 'eos': True, 'json_valid': True}
{'id': 'confirmation-academic-011-zh-CN', 'completed': 263, 'eos': True, 'json_valid': True}
{'id': 'confirmation-academic-011-en', 'completed': 264, 'eos': True, 'json_valid': True}
{'id': 'confirmation-academic-012-zh-CN', 'completed': 265, 'eos': True, 'json_valid': True}
{'id': 'confirmation-academic-012-en', 'completed': 266, 'eos': True, 'json_valid': True}
{'id': 'confirmation-academic-013-zh-CN', 'completed': 267, 'eos': True, 'json_valid': True}
{'id': 'confirmation-academic-013-en', 'completed': 268, 'eos': True, 'json_valid': True}
{'id': 'confirmation-academic-014-zh-CN', 'completed': 269, 'eos': True, 'json_valid': True}
{'id': 'confirmation-academic-014-en', 'completed': 270, 'eos': True, 'json_valid': True}
{'id': 'confirmation-academic-015-zh-CN', 'completed': 271, 'eos': True, 'json_valid': True}
{'id': 'confirmation-academic-015-en', 'completed': 272, 'eos': True, 'json_valid': True}
{'id': 'confirmation-academic-016-zh-CN', 'completed': 273, 'eos': True, 'json_valid': True}
{'id': 'confirmation-academic-016-en', 'completed': 274, 'eos': True, 'json_valid': True}
{'id': 'confirmation-academic-017-zh-CN', 'completed': 275, 'eos': True, 'json_valid': True}
{'id': 'confirmation-academic-017-en', 'completed': 276, 'eos': True, 'json_valid': True}
{'id': 'confirmation-academic-018-zh-CN', 'completed': 277, 'eos': True, 'json_valid': True}
{'id': 'confirmation-academic-018-en', 'completed': 278, 'eos': True, 'json_valid': True}
{'id': 'confirmation-academic-019-zh-CN', 'completed': 279, 'eos': True, 'json_valid': True}
{'id': 'confirmation-academic-019-en', 'completed': 280, 'eos': True, 'json_valid': True}
{'id': 'confirmation-academic-020-zh-CN', 'completed': 281, 'eos': True, 'json_valid': True}
{'id': 'confirmation-academic-020-en', 'completed': 282, 'eos': True, 'json_valid': True}
{'id': 'confirmation-academic-021-zh-CN', 'completed': 283, 'eos': True, 'json_valid': True}
{'id': 'confirmation-academic-021-en', 'completed': 284, 'eos': True, 'json_valid': True}
{'id': 'confirmation-academic-022-zh-CN', 'completed': 285, 'eos': True, 'json_valid': True}
{'id': 'confirmation-academic-022-en', 'completed': 286, 'eos': True, 'json_valid': True}
{'id': 'confirmation-academic-023-zh-CN', 'completed': 287, 'eos': True, 'json_valid': True}
{'id': 'confirmation-academic-023-en', 'completed': 288, 'eos': True, 'json_valid': True}
{'id': 'confirmation-academic-024-zh-CN', 'completed': 289, 'eos': True, 'json_valid': True}
{'id': 'confirmation-academic-024-en', 'completed': 290, 'eos': True, 'json_valid': True}
{'id': 'confirmation-academic-025-zh-CN', 'completed': 291, 'eos': True, 'json_valid': True}
{'id': 'confirmation-academic-025-en', 'completed': 292, 'eos': True, 'json_valid': True}
{'id': 'confirmation-academic-026-zh-CN', 'completed': 293, 'eos': True, 'json_valid': True}
{'id': 'confirmation-academic-026-en', 'completed': 294, 'eos': True, 'json_valid': True}
{'id': 'confirmation-academic-027-zh-CN', 'completed': 295, 'eos': True, 'json_valid': True}
{'id': 'confirmation-academic-027-en', 'completed': 296, 'eos': True, 'json_valid': True}
{'id': 'confirmation-academic-028-zh-CN', 'completed': 297, 'eos': True, 'json_valid': True}
{'id': 'confirmation-academic-028-en', 'completed': 298, 'eos': True, 'json_valid': True}
{'id': 'confirmation-academic-029-zh-CN', 'completed': 299, 'eos': True, 'json_valid': True}
{'id': 'confirmation-academic-029-en', 'completed': 300, 'eos': True, 'json_valid': True}
{'id': 'confirmation-academic-030-zh-CN', 'completed': 301, 'eos': True, 'json_valid': True}
{'id': 'confirmation-academic-030-en', 'completed': 302, 'eos': True, 'json_valid': True}
{'id': 'confirmation-academic-031-zh-CN', 'completed': 303, 'eos': True, 'json_valid': True}
{'id': 'confirmation-academic-031-en', 'completed': 304, 'eos': True, 'json_valid': True}
{'id': 'confirmation-academic-032-zh-CN', 'completed': 305, 'eos': True, 'json_valid': True}
{'id': 'confirmation-academic-032-en', 'completed': 306, 'eos': True, 'json_valid': True}
{'id': 'confirmation-academic-033-zh-CN', 'completed': 307, 'eos': True, 'json_valid': True}
{'id': 'confirmation-academic-033-en', 'completed': 308, 'eos': True, 'json_valid': True}
{'id': 'confirmation-academic-034-zh-CN', 'completed': 309, 'eos': True, 'json_valid': True}
{'id': 'confirmation-academic-034-en', 'completed': 310, 'eos': True, 'json_valid': True}
{'id': 'confirmation-academic-035-zh-CN', 'completed': 311, 'eos': True, 'json_valid': True}
{'id': 'confirmation-academic-035-en', 'completed': 312, 'eos': True, 'json_valid': True}
{'id': 'confirmation-academic-036-zh-CN', 'completed': 313, 'eos': True, 'json_valid': True}
{'id': 'confirmation-academic-036-en', 'completed': 314, 'eos': True, 'json_valid': True}
{'id': 'confirmation-academic-037-zh-CN', 'completed': 315, 'eos': True, 'json_valid': True}
{'id': 'confirmation-academic-037-en', 'completed': 316, 'eos': True, 'json_valid': True}
{'id': 'confirmation-academic-038-zh-CN', 'completed': 317, 'eos': True, 'json_valid': True}
{'id': 'confirmation-academic-038-en', 'completed': 318, 'eos': True, 'json_valid': True}
{'id': 'confirmation-academic-039-zh-CN', 'completed': 319, 'eos': True, 'json_valid': True}
{'id': 'confirmation-academic-039-en', 'completed': 320, 'eos': True, 'json_valid': True}
{'id': 'confirmation-hard-000-zh-CN', 'completed': 321, 'eos': True, 'json_valid': True}
{'id': 'confirmation-hard-000-en', 'completed': 322, 'eos': True, 'json_valid': True}
{'id': 'confirmation-hard-001-zh-CN', 'completed': 323, 'eos': True, 'json_valid': True}
{'id': 'confirmation-hard-001-en', 'completed': 324, 'eos': True, 'json_valid': True}
{'id': 'confirmation-hard-002-zh-CN', 'completed': 325, 'eos': True, 'json_valid': True}
{'id': 'confirmation-hard-002-en', 'completed': 326, 'eos': True, 'json_valid': True}
{'id': 'confirmation-hard-003-zh-CN', 'completed': 327, 'eos': True, 'json_valid': True}
{'id': 'confirmation-hard-003-en', 'completed': 328, 'eos': True, 'json_valid': True}
{'id': 'confirmation-hard-004-zh-CN', 'completed': 329, 'eos': True, 'json_valid': True}
{'id': 'confirmation-hard-004-en', 'completed': 330, 'eos': True, 'json_valid': True}
{'id': 'confirmation-hard-005-zh-CN', 'completed': 331, 'eos': True, 'json_valid': True}
{'id': 'confirmation-hard-005-en', 'completed': 332, 'eos': True, 'json_valid': True}
{'id': 'confirmation-hard-006-zh-CN', 'completed': 333, 'eos': True, 'json_valid': True}
{'id': 'confirmation-hard-006-en', 'completed': 334, 'eos': True, 'json_valid': True}
{'id': 'confirmation-hard-007-zh-CN', 'completed': 335, 'eos': True, 'json_valid': True}
{'id': 'confirmation-hard-007-en', 'completed': 336, 'eos': True, 'json_valid': True}
{'id': 'confirmation-hard-008-zh-CN', 'completed': 337, 'eos': True, 'json_valid': True}
{'id': 'confirmation-hard-008-en', 'completed': 338, 'eos': True, 'json_valid': True}
{'id': 'confirmation-hard-009-zh-CN', 'completed': 339, 'eos': True, 'json_valid': True}
{'id': 'confirmation-hard-009-en', 'completed': 340, 'eos': True, 'json_valid': True}
{'id': 'confirmation-hard-010-zh-CN', 'completed': 341, 'eos': True, 'json_valid': True}
{'id': 'confirmation-hard-010-en', 'completed': 342, 'eos': True, 'json_valid': True}
{'id': 'confirmation-hard-011-zh-CN', 'completed': 343, 'eos': True, 'json_valid': True}
{'id': 'confirmation-hard-011-en', 'completed': 344, 'eos': True, 'json_valid': True}
{'id': 'confirmation-hard-012-zh-CN', 'completed': 345, 'eos': True, 'json_valid': True}
{'id': 'confirmation-hard-012-en', 'completed': 346, 'eos': True, 'json_valid': True}
{'id': 'confirmation-hard-013-zh-CN', 'completed': 347, 'eos': True, 'json_valid': True}
{'id': 'confirmation-hard-013-en', 'completed': 348, 'eos': True, 'json_valid': True}
{'id': 'confirmation-hard-014-zh-CN', 'completed': 349, 'eos': True, 'json_valid': True}
{'id': 'confirmation-hard-014-en', 'completed': 350, 'eos': True, 'json_valid': True}
{'id': 'confirmation-hard-015-zh-CN', 'completed': 351, 'eos': True, 'json_valid': True}
{'id': 'confirmation-hard-015-en', 'completed': 352, 'eos': True, 'json_valid': True}
{'id': 'confirmation-hard-016-zh-CN', 'completed': 353, 'eos': True, 'json_valid': True}
{'id': 'confirmation-hard-016-en', 'completed': 354, 'eos': True, 'json_valid': True}
{'id': 'confirmation-hard-017-zh-CN', 'completed': 355, 'eos': True, 'json_valid': True}
{'id': 'confirmation-hard-017-en', 'completed': 356, 'eos': True, 'json_valid': True}
{'id': 'confirmation-hard-018-zh-CN', 'completed': 357, 'eos': True, 'json_valid': True}
{'id': 'confirmation-hard-018-en', 'completed': 358, 'eos': True, 'json_valid': True}
{'id': 'confirmation-hard-019-zh-CN', 'completed': 359, 'eos': True, 'json_valid': True}
{'id': 'confirmation-hard-019-en', 'completed': 360, 'eos': True, 'json_valid': True}
{'id': 'confirmation-hard-020-zh-CN', 'completed': 361, 'eos': True, 'json_valid': True}
{'id': 'confirmation-hard-020-en', 'completed': 362, 'eos': True, 'json_valid': True}
{'id': 'confirmation-hard-021-zh-CN', 'completed': 363, 'eos': True, 'json_valid': True}
{'id': 'confirmation-hard-021-en', 'completed': 364, 'eos': True, 'json_valid': True}
{'id': 'confirmation-hard-022-zh-CN', 'completed': 365, 'eos': True, 'json_valid': True}
{'id': 'confirmation-hard-022-en', 'completed': 366, 'eos': True, 'json_valid': True}
{'id': 'confirmation-hard-023-zh-CN', 'completed': 367, 'eos': True, 'json_valid': True}
{'id': 'confirmation-hard-023-en', 'completed': 368, 'eos': True, 'json_valid': True}
{'id': 'confirmation-hard-024-zh-CN', 'completed': 369, 'eos': True, 'json_valid': True}
{'id': 'confirmation-hard-024-en', 'completed': 370, 'eos': True, 'json_valid': True}
{'id': 'confirmation-hard-025-zh-CN', 'completed': 371, 'eos': True, 'json_valid': True}
{'id': 'confirmation-hard-025-en', 'completed': 372, 'eos': True, 'json_valid': True}
{'id': 'confirmation-hard-026-zh-CN', 'completed': 373, 'eos': True, 'json_valid': True}
{'id': 'confirmation-hard-026-en', 'completed': 374, 'eos': True, 'json_valid': True}
{'id': 'confirmation-hard-027-zh-CN', 'completed': 375, 'eos': True, 'json_valid': True}
{'id': 'confirmation-hard-027-en', 'completed': 376, 'eos': True, 'json_valid': True}
{'id': 'confirmation-hard-028-zh-CN', 'completed': 377, 'eos': True, 'json_valid': True}
{'id': 'confirmation-hard-028-en', 'completed': 378, 'eos': True, 'json_valid': True}
{'id': 'confirmation-hard-029-zh-CN', 'completed': 379, 'eos': True, 'json_valid': True}
{'id': 'confirmation-hard-029-en', 'completed': 380, 'eos': True, 'json_valid': True}
{'id': 'confirmation-hard-030-zh-CN', 'completed': 381, 'eos': True, 'json_valid': True}
{'id': 'confirmation-hard-030-en', 'completed': 382, 'eos': True, 'json_valid': True}
{'id': 'confirmation-hard-031-zh-CN', 'completed': 383, 'eos': True, 'json_valid': True}
{'id': 'confirmation-hard-031-en', 'completed': 384, 'eos': True, 'json_valid': True}
{'id': 'confirmation-hard-032-zh-CN', 'completed': 385, 'eos': True, 'json_valid': True}
{'id': 'confirmation-hard-032-en', 'completed': 386, 'eos': True, 'json_valid': True}
{'id': 'confirmation-hard-033-zh-CN', 'completed': 387, 'eos': True, 'json_valid': True}
{'id': 'confirmation-hard-033-en', 'completed': 388, 'eos': True, 'json_valid': True}
{'id': 'confirmation-hard-034-zh-CN', 'completed': 389, 'eos': True, 'json_valid': True}
{'id': 'confirmation-hard-034-en', 'completed': 390, 'eos': True, 'json_valid': True}
{'id': 'confirmation-hard-035-zh-CN', 'completed': 391, 'eos': True, 'json_valid': True}
{'id': 'confirmation-hard-035-en', 'completed': 392, 'eos': True, 'json_valid': True}
{'id': 'confirmation-hard-036-zh-CN', 'completed': 393, 'eos': True, 'json_valid': True}
{'id': 'confirmation-hard-036-en', 'completed': 394, 'eos': True, 'json_valid': True}
{'id': 'confirmation-hard-037-zh-CN', 'completed': 395, 'eos': True, 'json_valid': True}
{'id': 'confirmation-hard-037-en', 'completed': 396, 'eos': True, 'json_valid': True}
{'id': 'confirmation-hard-038-zh-CN', 'completed': 397, 'eos': True, 'json_valid': True}
{'id': 'confirmation-hard-038-en', 'completed': 398, 'eos': True, 'json_valid': True}
{'id': 'confirmation-hard-039-zh-CN', 'completed': 399, 'eos': True, 'json_valid': True}
{'id': 'confirmation-hard-039-en', 'completed': 400, 'eos': True, 'json_valid': True}
