进程内 CPU 隔离: [28, 29, 30, 31]，CPU 线程数 2；不修改系统设置
{'repeat': -1, 'id': 'v8-multi-025-en', 'seconds': 96.10653999999977}
{'repeat': -1, 'id': 'v8-multi-026-en', 'seconds': 3.592311100000188}
{'repeat': -1, 'id': 'v8-multi-027-en', 'seconds': 3.608821899999839}
{'repeat': -1, 'id': 'v8-multi-025-zh-CN', 'seconds': 2.83046319999994}
{'repeat': -1, 'id': 'v8-multi-026-zh-CN', 'seconds': 2.7023337999999058}
{'repeat': -1, 'id': 'v8-multi-027-zh-CN', 'seconds': 2.4782202999999754}
{'repeat': -1, 'id': 'v8-multi-001-en', 'seconds': 3.5696639000002506}
{'repeat': -1, 'id': 'v8-multi-002-en', 'seconds': 3.269093899999916}
{'repeat': -1, 'id': 'v8-multi-003-en', 'seconds': 2.974876100000074}
{'repeat': -1, 'id': 'v8-multi-001-zh-CN', 'seconds': 3.196490100000119}
{'repeat': -1, 'id': 'v8-multi-002-zh-CN', 'seconds': 2.4953507000000172}
{'repeat': -1, 'id': 'v8-multi-003-zh-CN', 'seconds': 2.561138000000028}
{'repeat': -1, 'id': 'v8-multi-018-en', 'seconds': 3.45327159999988}
{'repeat': -1, 'id': 'v8-multi-019-en', 'seconds': 3.3169920000000275}
{'repeat': -1, 'id': 'v8-multi-017-zh-CN', 'seconds': 2.542002499999853}
{'repeat': -1, 'id': 'v8-multi-018-zh-CN', 'seconds': 3.211503800000173}
{'repeat': -1, 'id': 'v8-multi-019-zh-CN', 'seconds': 2.8736909000003834}
{'repeat': -1, 'id': 'v8-multi-038-zh-CN', 'seconds': 2.602112799999759}
{'repeat': -1, 'id': 'v8-multi-009-en', 'seconds': 3.7052568999997675}
{'repeat': -1, 'id': 'v8-multi-010-en', 'seconds': 3.2270583999998053}
{'repeat': -1, 'id': 'v8-multi-011-en', 'seconds': 4.001194899999973}
{'repeat': -1, 'id': 'v8-multi-009-zh-CN', 'seconds': 2.6966105999999854}
{'repeat': -1, 'id': 'v8-multi-010-zh-CN', 'seconds': 3.143648799999937}
{'repeat': -1, 'id': 'v8-multi-011-zh-CN', 'seconds': 3.26579670000001}
{'repeat': 0, 'id': 'v8-multi-025-en', 'seconds': 3.3708284999997886}
{'repeat': 0, 'id': 'v8-multi-026-en', 'seconds': 3.7271928000000116}
{'repeat': 0, 'id': 'v8-multi-027-en', 'seconds': 3.0752966000000015}
{'repeat': 0, 'id': 'v8-multi-025-zh-CN', 'seconds': 2.763640199999827}
{'repeat': 0, 'id': 'v8-multi-026-zh-CN', 'seconds': 2.710438999999951}
{'repeat': 0, 'id': 'v8-multi-027-zh-CN', 'seconds': 2.57951839999987}
{'repeat': 0, 'id': 'v8-multi-001-en', 'seconds': 3.3138621000002786}
{'repeat': 0, 'id': 'v8-multi-002-en', 'seconds': 3.2921713000000636}
{'repeat': 0, 'id': 'v8-multi-003-en', 'seconds': 3.2544158000000607}
{'repeat': 0, 'id': 'v8-multi-001-zh-CN', 'seconds': 3.06011559999979}
{'repeat': 0, 'id': 'v8-multi-002-zh-CN', 'seconds': 2.460975100000269}
{'repeat': 0, 'id': 'v8-multi-003-zh-CN', 'seconds': 2.6106079999999565}
{'repeat': 0, 'id': 'v8-multi-018-en', 'seconds': 3.6523614000002453}
{'repeat': 0, 'id': 'v8-multi-019-en', 'seconds': 3.147820199999842}
{'repeat': 0, 'id': 'v8-multi-017-zh-CN', 'seconds': 2.541702400000304}
{'repeat': 0, 'id': 'v8-multi-018-zh-CN', 'seconds': 3.376500599999872}
{'repeat': 0, 'id': 'v8-multi-019-zh-CN', 'seconds': 2.578723000000082}
{'repeat': 0, 'id': 'v8-multi-038-zh-CN', 'seconds': 2.5642054999998436}
{'repeat': 0, 'id': 'v8-multi-009-en', 'seconds': 3.330061900000146}
{'repeat': 0, 'id': 'v8-multi-010-en', 'seconds': 2.966239400000177}
{'repeat': 0, 'id': 'v8-multi-011-en', 'seconds': 3.6228986999999506}
{'repeat': 0, 'id': 'v8-multi-009-zh-CN', 'seconds': 2.4137904999997772}
{'repeat': 0, 'id': 'v8-multi-010-zh-CN', 'seconds': 3.051835900000242}
{'repeat': 0, 'id': 'v8-multi-011-zh-CN', 'seconds': 3.3015064999999595}
{'repeat': 1, 'id': 'v8-multi-025-en', 'seconds': 3.3794368000003487}
{'repeat': 1, 'id': 'v8-multi-026-en', 'seconds': 3.5359401999999136}
{'repeat': 1, 'id': 'v8-multi-027-en', 'seconds': 3.1997160000000804}
{'repeat': 1, 'id': 'v8-multi-025-zh-CN', 'seconds': 2.7988413000002765}
{'repeat': 1, 'id': 'v8-multi-026-zh-CN', 'seconds': 2.766281600000184}
{'repeat': 1, 'id': 'v8-multi-027-zh-CN', 'seconds': 2.6706629999998768}
{'repeat': 1, 'id': 'v8-multi-001-en', 'seconds': 3.837849600000027}
{'repeat': 1, 'id': 'v8-multi-002-en', 'seconds': 3.2899289000001772}
{'repeat': 1, 'id': 'v8-multi-003-en', 'seconds': 3.1060765999995965}
{'repeat': 1, 'id': 'v8-multi-001-zh-CN', 'seconds': 2.9815111000002616}
{'repeat': 1, 'id': 'v8-multi-002-zh-CN', 'seconds': 2.4575604000001476}
{'repeat': 1, 'id': 'v8-multi-003-zh-CN', 'seconds': 2.5469146000000364}
{'repeat': 1, 'id': 'v8-multi-018-en', 'seconds': 3.6386673000001792}
{'repeat': 1, 'id': 'v8-multi-019-en', 'seconds': 3.2176538000003347}
{'repeat': 1, 'id': 'v8-multi-017-zh-CN', 'seconds': 2.539121199999954}
{'repeat': 1, 'id': 'v8-multi-018-zh-CN', 'seconds': 3.4122864000000845}
{'repeat': 1, 'id': 'v8-multi-019-zh-CN', 'seconds': 2.6474512999998296}
{'repeat': 1, 'id': 'v8-multi-038-zh-CN', 'seconds': 2.5415775000001304}
{'repeat': 1, 'id': 'v8-multi-009-en', 'seconds': 3.456689600000118}
{'repeat': 1, 'id': 'v8-multi-010-en', 'seconds': 2.7971832999996877}
{'repeat': 1, 'id': 'v8-multi-011-en', 'seconds': 3.582513999999719}
{'repeat': 1, 'id': 'v8-multi-009-zh-CN', 'seconds': 2.363059499999963}
{'repeat': 1, 'id': 'v8-multi-010-zh-CN', 'seconds': 3.0627198000001954}
{'repeat': 1, 'id': 'v8-multi-011-zh-CN', 'seconds': 3.2249864000000343}
{'repeat': 2, 'id': 'v8-multi-025-en', 'seconds': 3.549141700000291}
{'repeat': 2, 'id': 'v8-multi-026-en', 'seconds': 3.4892965999997614}
{'repeat': 2, 'id': 'v8-multi-027-en', 'seconds': 3.0571138000000246}
{'repeat': 2, 'id': 'v8-multi-025-zh-CN', 'seconds': 2.775718400000187}
{'repeat': 2, 'id': 'v8-multi-026-zh-CN', 'seconds': 2.6957743000002665}
{'repeat': 2, 'id': 'v8-multi-027-zh-CN', 'seconds': 2.674492900000132}
{'repeat': 2, 'id': 'v8-multi-001-en', 'seconds': 3.332625900000039}
{'repeat': 2, 'id': 'v8-multi-002-en', 'seconds': 3.2366649000000507}
{'repeat': 2, 'id': 'v8-multi-003-en', 'seconds': 3.1606919000000744}
{'repeat': 2, 'id': 'v8-multi-001-zh-CN', 'seconds': 2.9679691999999704}
{'repeat': 2, 'id': 'v8-multi-002-zh-CN', 'seconds': 2.4069704999997157}
{'repeat': 2, 'id': 'v8-multi-003-zh-CN', 'seconds': 2.530847199999698}
{'repeat': 2, 'id': 'v8-multi-018-en', 'seconds': 3.490374399999837}
{'repeat': 2, 'id': 'v8-multi-019-en', 'seconds': 3.280235299999731}
{'repeat': 2, 'id': 'v8-multi-017-zh-CN', 'seconds': 2.5915633999998136}
{'repeat': 2, 'id': 'v8-multi-018-zh-CN', 'seconds': 3.4307575999996516}
{'repeat': 2, 'id': 'v8-multi-019-zh-CN', 'seconds': 2.671422899999925}
{'repeat': 2, 'id': 'v8-multi-038-zh-CN', 'seconds': 2.547984099999667}
{'repeat': 2, 'id': 'v8-multi-009-en', 'seconds': 3.392421800000193}
{'repeat': 2, 'id': 'v8-multi-010-en', 'seconds': 2.829801899999893}
{'repeat': 2, 'id': 'v8-multi-011-en', 'seconds': 3.5926487000001543}
{'repeat': 2, 'id': 'v8-multi-009-zh-CN', 'seconds': 2.362631599999986}
{'repeat': 2, 'id': 'v8-multi-010-zh-CN', 'seconds': 3.030794000000242}
{'repeat': 2, 'id': 'v8-multi-011-zh-CN', 'seconds': 3.187710100000004}
