进程内 CPU 隔离: [28, 29, 30, 31]，CPU 线程数 2；不修改系统设置
{'repeat': -1, 'id': 'v8-multi-025-en', 'seconds': 94.5853675999997}
{'repeat': -1, 'id': 'v8-multi-026-en', 'seconds': 3.965167900000324}
{'repeat': -1, 'id': 'v8-multi-027-en', 'seconds': 3.24490250000008}
{'repeat': -1, 'id': 'v8-multi-025-zh-CN', 'seconds': 2.7266461999997773}
{'repeat': -1, 'id': 'v8-multi-026-zh-CN', 'seconds': 2.6986062000000857}
{'repeat': -1, 'id': 'v8-multi-027-zh-CN', 'seconds': 2.3599607000001015}
{'repeat': -1, 'id': 'v8-multi-001-en', 'seconds': 3.3949741999999787}
{'repeat': -1, 'id': 'v8-multi-002-en', 'seconds': 3.152994999999919}
{'repeat': -1, 'id': 'v8-multi-003-en', 'seconds': 2.9079047999998693}
{'repeat': -1, 'id': 'v8-multi-001-zh-CN', 'seconds': 3.152289799999835}
{'repeat': -1, 'id': 'v8-multi-002-zh-CN', 'seconds': 2.416871800000081}
{'repeat': -1, 'id': 'v8-multi-003-zh-CN', 'seconds': 2.549443699999756}
{'repeat': -1, 'id': 'v8-multi-018-en', 'seconds': 3.493931199999679}
{'repeat': -1, 'id': 'v8-multi-019-en', 'seconds': 3.254188100000192}
{'repeat': -1, 'id': 'v8-multi-017-zh-CN', 'seconds': 2.5536770999997316}
{'repeat': -1, 'id': 'v8-multi-018-zh-CN', 'seconds': 3.100087799999983}
{'repeat': -1, 'id': 'v8-multi-019-zh-CN', 'seconds': 2.673778500000026}
{'repeat': -1, 'id': 'v8-multi-038-zh-CN', 'seconds': 2.534338099999786}
{'repeat': -1, 'id': 'v8-multi-009-en', 'seconds': 3.2843941999999515}
{'repeat': -1, 'id': 'v8-multi-010-en', 'seconds': 2.7680202000001373}
{'repeat': -1, 'id': 'v8-multi-011-en', 'seconds': 3.6166277000002083}
{'repeat': -1, 'id': 'v8-multi-009-zh-CN', 'seconds': 2.3323907999997573}
{'repeat': -1, 'id': 'v8-multi-010-zh-CN', 'seconds': 3.228946200000337}
{'repeat': -1, 'id': 'v8-multi-011-zh-CN', 'seconds': 3.9076538999997865}
{'repeat': 0, 'id': 'v8-multi-025-en', 'seconds': 3.9943849999999657}
{'repeat': 0, 'id': 'v8-multi-026-en', 'seconds': 4.140539900000022}
{'repeat': 0, 'id': 'v8-multi-027-en', 'seconds': 3.5858500000003914}
{'repeat': 0, 'id': 'v8-multi-025-zh-CN', 'seconds': 2.9484551000000465}
{'repeat': 0, 'id': 'v8-multi-026-zh-CN', 'seconds': 2.6773581000002196}
{'repeat': 0, 'id': 'v8-multi-027-zh-CN', 'seconds': 2.5707436000002417}
{'repeat': 0, 'id': 'v8-multi-001-en', 'seconds': 3.4285651000000144}
{'repeat': 0, 'id': 'v8-multi-002-en', 'seconds': 3.3194054000000506}
{'repeat': 0, 'id': 'v8-multi-003-en', 'seconds': 3.4155115000003207}
{'repeat': 0, 'id': 'v8-multi-001-zh-CN', 'seconds': 3.3623233999996955}
{'repeat': 0, 'id': 'v8-multi-002-zh-CN', 'seconds': 2.522690700000112}
{'repeat': 0, 'id': 'v8-multi-003-zh-CN', 'seconds': 2.9374822999998287}
{'repeat': 0, 'id': 'v8-multi-018-en', 'seconds': 4.1483423999998195}
{'repeat': 0, 'id': 'v8-multi-019-en', 'seconds': 3.6334599000001617}
{'repeat': 0, 'id': 'v8-multi-017-zh-CN', 'seconds': 3.134827200000018}
{'repeat': 0, 'id': 'v8-multi-018-zh-CN', 'seconds': 3.7907631000002766}
{'repeat': 0, 'id': 'v8-multi-019-zh-CN', 'seconds': 2.945510500000182}
{'repeat': 0, 'id': 'v8-multi-038-zh-CN', 'seconds': 2.9480545999999777}
{'repeat': 0, 'id': 'v8-multi-009-en', 'seconds': 4.224435600000106}
{'repeat': 0, 'id': 'v8-multi-010-en', 'seconds': 2.8295823999997083}
{'repeat': 0, 'id': 'v8-multi-011-en', 'seconds': 3.5785875000001397}
{'repeat': 0, 'id': 'v8-multi-009-zh-CN', 'seconds': 2.510156199999983}
{'repeat': 0, 'id': 'v8-multi-010-zh-CN', 'seconds': 3.248182100000122}
{'repeat': 0, 'id': 'v8-multi-011-zh-CN', 'seconds': 3.6595338000001902}
{'repeat': 1, 'id': 'v8-multi-025-en', 'seconds': 3.9881395000002158}
{'repeat': 1, 'id': 'v8-multi-026-en', 'seconds': 3.4537614999999278}
{'repeat': 1, 'id': 'v8-multi-027-en', 'seconds': 3.0659192999996776}
{'repeat': 1, 'id': 'v8-multi-025-zh-CN', 'seconds': 2.913286900000003}
{'repeat': 1, 'id': 'v8-multi-026-zh-CN', 'seconds': 2.7437973000000966}
{'repeat': 1, 'id': 'v8-multi-027-zh-CN', 'seconds': 2.4173110000001543}
{'repeat': 1, 'id': 'v8-multi-001-en', 'seconds': 3.6071669000002657}
{'repeat': 1, 'id': 'v8-multi-002-en', 'seconds': 3.328520899999603}
{'repeat': 1, 'id': 'v8-multi-003-en', 'seconds': 2.9986455000002934}
{'repeat': 1, 'id': 'v8-multi-001-zh-CN', 'seconds': 3.0357443000002604}
{'repeat': 1, 'id': 'v8-multi-002-zh-CN', 'seconds': 2.504943599999933}
{'repeat': 1, 'id': 'v8-multi-003-zh-CN', 'seconds': 2.597287000000051}
{'repeat': 1, 'id': 'v8-multi-018-en', 'seconds': 3.5146786999998767}
{'repeat': 1, 'id': 'v8-multi-019-en', 'seconds': 3.3299894000001586}
{'repeat': 1, 'id': 'v8-multi-017-zh-CN', 'seconds': 2.608483999999862}
{'repeat': 1, 'id': 'v8-multi-018-zh-CN', 'seconds': 3.220316599999933}
{'repeat': 1, 'id': 'v8-multi-019-zh-CN', 'seconds': 2.5349513000001025}
{'repeat': 1, 'id': 'v8-multi-038-zh-CN', 'seconds': 2.701016499999696}
{'repeat': 1, 'id': 'v8-multi-009-en', 'seconds': 3.2931695000002037}
{'repeat': 1, 'id': 'v8-multi-010-en', 'seconds': 2.816495400000349}
{'repeat': 1, 'id': 'v8-multi-011-en', 'seconds': 3.7576097999999547}
{'repeat': 1, 'id': 'v8-multi-009-zh-CN', 'seconds': 2.4420022999997855}
{'repeat': 1, 'id': 'v8-multi-010-zh-CN', 'seconds': 2.837387100000342}
{'repeat': 1, 'id': 'v8-multi-011-zh-CN', 'seconds': 3.62519999999995}
{'repeat': 2, 'id': 'v8-multi-025-en', 'seconds': 3.429858999999851}
{'repeat': 2, 'id': 'v8-multi-026-en', 'seconds': 3.6165710000000217}
{'repeat': 2, 'id': 'v8-multi-027-en', 'seconds': 3.387200899999698}
{'repeat': 2, 'id': 'v8-multi-025-zh-CN', 'seconds': 2.904312800000298}
{'repeat': 2, 'id': 'v8-multi-026-zh-CN', 'seconds': 2.8710650999996687}
{'repeat': 2, 'id': 'v8-multi-027-zh-CN', 'seconds': 2.4736096999999972}
{'repeat': 2, 'id': 'v8-multi-001-en', 'seconds': 3.5897707999997692}
{'repeat': 2, 'id': 'v8-multi-002-en', 'seconds': 3.323770400000285}
{'repeat': 2, 'id': 'v8-multi-003-en', 'seconds': 3.1729123000000072}
{'repeat': 2, 'id': 'v8-multi-001-zh-CN', 'seconds': 3.265980099999979}
{'repeat': 2, 'id': 'v8-multi-002-zh-CN', 'seconds': 2.5345280000001367}
{'repeat': 2, 'id': 'v8-multi-003-zh-CN', 'seconds': 2.6617154000000482}
{'repeat': 2, 'id': 'v8-multi-018-en', 'seconds': 4.039028200000303}
{'repeat': 2, 'id': 'v8-multi-019-en', 'seconds': 3.598486299999877}
{'repeat': 2, 'id': 'v8-multi-017-zh-CN', 'seconds': 3.0621414000002005}
{'repeat': 2, 'id': 'v8-multi-018-zh-CN', 'seconds': 3.507872700000007}
{'repeat': 2, 'id': 'v8-multi-019-zh-CN', 'seconds': 2.5665776000000733}
{'repeat': 2, 'id': 'v8-multi-038-zh-CN', 'seconds': 2.482992000000195}
{'repeat': 2, 'id': 'v8-multi-009-en', 'seconds': 3.3433123999998315}
{'repeat': 2, 'id': 'v8-multi-010-en', 'seconds': 2.98481479999964}
{'repeat': 2, 'id': 'v8-multi-011-en', 'seconds': 3.582695000000058}
{'repeat': 2, 'id': 'v8-multi-009-zh-CN', 'seconds': 2.4162641000002623}
{'repeat': 2, 'id': 'v8-multi-010-zh-CN', 'seconds': 2.9228133000001435}
{'repeat': 2, 'id': 'v8-multi-011-zh-CN', 'seconds': 3.2068992999998045}
