进程内 CPU 隔离: [28, 29, 30, 31]，CPU 线程数 2；不修改系统设置
{'set': 'known', 'id': 'v4-dev-001-zh-CN', 'json': True, 'eos': True, 'seconds': 30.437291000000187}
{'set': 'known', 'id': 'v4-dev-001-en', 'json': True, 'eos': True, 'seconds': 1.913917799999581}
{'set': 'known', 'id': 'v4-dev-002-zh-CN', 'json': True, 'eos': True, 'seconds': 2.27173380000022}
{'set': 'known', 'id': 'v4-dev-002-en', 'json': True, 'eos': True, 'seconds': 2.130707799999982}
{'set': 'known', 'id': 'v4-dev-003-zh-CN', 'json': True, 'eos': True, 'seconds': 1.9071577000004254}
{'set': 'known', 'id': 'v4-dev-003-en', 'json': True, 'eos': True, 'seconds': 2.1590691000001243}
{'set': 'known', 'id': 'v4-dev-004-zh-CN', 'json': True, 'eos': True, 'seconds': 1.6848393000000215}
{'set': 'known', 'id': 'v4-dev-004-en', 'json': True, 'eos': True, 'seconds': 1.9237695000001622}
{'set': 'known', 'id': 'v4-dev-005-zh-CN', 'json': True, 'eos': True, 'seconds': 1.8919083999999202}
{'set': 'known', 'id': 'v4-dev-005-en', 'json': True, 'eos': True, 'seconds': 2.0756867999998576}
{'set': 'known', 'id': 'v4-dev-006-zh-CN', 'json': True, 'eos': True, 'seconds': 2.192210399999567}
{'set': 'known', 'id': 'v4-dev-006-en', 'json': True, 'eos': True, 'seconds': 2.668926199999987}
{'set': 'known', 'id': 'v4-dev-007-zh-CN', 'json': True, 'eos': True, 'seconds': 2.2275514999992083}
{'set': 'known', 'id': 'v4-dev-007-en', 'json': True, 'eos': True, 'seconds': 2.50865419999991}
{'set': 'known', 'id': 'v4-dev-008-zh-CN', 'json': True, 'eos': True, 'seconds': 1.8060824000003777}
{'set': 'known', 'id': 'v4-dev-008-en', 'json': True, 'eos': True, 'seconds': 1.8944305999993958}
{'set': 'known', 'id': 'v4-dev-009-zh-CN', 'json': True, 'eos': True, 'seconds': 2.0280966000000262}
{'set': 'known', 'id': 'v4-dev-009-en', 'json': True, 'eos': True, 'seconds': 2.112119499999608}
{'set': 'known', 'id': 'v4-dev-010-zh-CN', 'json': True, 'eos': True, 'seconds': 1.83765829999993}
{'set': 'known', 'id': 'v4-dev-010-en', 'json': True, 'eos': True, 'seconds': 2.202046000000337}
{'set': 'known', 'id': 'v4-dev-011-zh-CN', 'json': True, 'eos': True, 'seconds': 2.012510300000031}
{'set': 'known', 'id': 'v4-dev-011-en', 'json': True, 'eos': True, 'seconds': 1.9565942999997787}
{'set': 'known', 'id': 'v4-dev-012-zh-CN', 'json': True, 'eos': True, 'seconds': 1.3522409999995944}
{'set': 'known', 'id': 'v4-dev-012-en', 'json': True, 'eos': True, 'seconds': 1.6993155000000115}
{'set': 'known', 'id': 'v4-dev-013-zh-CN', 'json': True, 'eos': True, 'seconds': 1.5778369999998176}
{'set': 'known', 'id': 'v4-dev-013-en', 'json': True, 'eos': True, 'seconds': 1.9926523000003726}
{'set': 'known', 'id': 'v4-dev-014-zh-CN', 'json': True, 'eos': True, 'seconds': 1.7259347999997772}
{'set': 'known', 'id': 'v4-dev-014-en', 'json': True, 'eos': True, 'seconds': 2.1154004999998506}
{'set': 'known', 'id': 'v4-dev-015-zh-CN', 'json': True, 'eos': True, 'seconds': 1.888375200000155}
{'set': 'known', 'id': 'v4-dev-015-en', 'json': True, 'eos': True, 'seconds': 2.7880791000006866}
{'set': 'known', 'id': 'v4-dev-016-zh-CN', 'json': True, 'eos': True, 'seconds': 1.7937326000001121}
{'set': 'known', 'id': 'v4-dev-016-en', 'json': True, 'eos': True, 'seconds': 2.3639404000005015}
{'set': 'known', 'id': 'v4-dev-017-zh-CN', 'json': True, 'eos': True, 'seconds': 1.8999622999999701}
{'set': 'known', 'id': 'v4-dev-017-en', 'json': True, 'eos': True, 'seconds': 2.0207329000004393}
{'set': 'known', 'id': 'v4-dev-018-zh-CN', 'json': True, 'eos': True, 'seconds': 1.9813928000003216}
{'set': 'known', 'id': 'v4-dev-018-en', 'json': True, 'eos': True, 'seconds': 2.1241165999999794}
{'set': 'known', 'id': 'v4-dev-019-zh-CN', 'json': True, 'eos': True, 'seconds': 1.7681235000000015}
{'set': 'known', 'id': 'v4-dev-019-en', 'json': True, 'eos': True, 'seconds': 2.797420200000488}
{'set': 'known', 'id': 'v4-dev-020-zh-CN', 'json': True, 'eos': True, 'seconds': 1.6058308000001489}
{'set': 'known', 'id': 'v4-dev-020-en', 'json': True, 'eos': True, 'seconds': 1.8034842000006392}
{'set': 'known', 'id': 'v4-dev-021-zh-CN', 'json': True, 'eos': True, 'seconds': 1.7504243000003044}
{'set': 'known', 'id': 'v4-dev-021-en', 'json': True, 'eos': True, 'seconds': 2.2024152000003596}
{'set': 'known', 'id': 'v4-dev-022-zh-CN', 'json': True, 'eos': True, 'seconds': 1.8340705000000526}
{'set': 'known', 'id': 'v4-dev-022-en', 'json': True, 'eos': True, 'seconds': 2.1624503999992157}
{'set': 'known', 'id': 'v4-dev-023-zh-CN', 'json': True, 'eos': True, 'seconds': 1.7251355000007607}
{'set': 'known', 'id': 'v4-dev-023-en', 'json': True, 'eos': True, 'seconds': 1.9931851999999708}
{'set': 'known', 'id': 'v4-dev-024-zh-CN', 'json': True, 'eos': True, 'seconds': 1.7726611000007324}
{'set': 'known', 'id': 'v4-dev-024-en', 'json': True, 'eos': True, 'seconds': 1.8150452999998379}
{'set': 'known', 'id': 'v4-dev-025-zh-CN', 'json': True, 'eos': True, 'seconds': 2.3545559000003777}
{'set': 'known', 'id': 'v4-dev-025-en', 'json': True, 'eos': True, 'seconds': 2.401699699999881}
{'set': 'known', 'id': 'v4-dev-026-zh-CN', 'json': True, 'eos': True, 'seconds': 1.7714430999994875}
{'set': 'known', 'id': 'v4-dev-026-en', 'json': True, 'eos': True, 'seconds': 1.8731236000003264}
{'set': 'known', 'id': 'v4-dev-027-zh-CN', 'json': True, 'eos': True, 'seconds': 1.6719383999998172}
{'set': 'known', 'id': 'v4-dev-027-en', 'json': True, 'eos': True, 'seconds': 2.094807100000253}
{'set': 'known', 'id': 'v4-dev-028-zh-CN', 'json': True, 'eos': True, 'seconds': 1.8583120000002964}
{'set': 'known', 'id': 'v4-dev-028-en', 'json': True, 'eos': True, 'seconds': 2.0958359000005657}
{'set': 'known', 'id': 'v4-dev-029-zh-CN', 'json': True, 'eos': True, 'seconds': 1.684304699999302}
{'set': 'known', 'id': 'v4-dev-029-en', 'json': True, 'eos': True, 'seconds': 2.249830099999599}
{'set': 'known', 'id': 'v4-dev-030-zh-CN', 'json': True, 'eos': True, 'seconds': 1.9105288999999175}
{'set': 'known', 'id': 'v4-dev-030-en', 'json': True, 'eos': True, 'seconds': 2.112602500000321}
{'set': 'known', 'id': 'v4-dev-031-zh-CN', 'json': True, 'eos': True, 'seconds': 1.80913849999979}
{'set': 'known', 'id': 'v4-dev-031-en', 'json': True, 'eos': True, 'seconds': 2.18395320000036}
{'set': 'known', 'id': 'v4-dev-032-zh-CN', 'json': True, 'eos': True, 'seconds': 1.8132183999996414}
{'set': 'known', 'id': 'v4-dev-032-en', 'json': True, 'eos': True, 'seconds': 1.865018699999382}
{'set': 'known', 'id': 'v4-dev-033-zh-CN', 'json': True, 'eos': True, 'seconds': 1.9528415000004316}
{'set': 'known', 'id': 'v4-dev-033-en', 'json': True, 'eos': True, 'seconds': 2.492432399999416}
{'set': 'known', 'id': 'v4-dev-034-zh-CN', 'json': True, 'eos': True, 'seconds': 1.3663185999994312}
{'set': 'known', 'id': 'v4-dev-034-en', 'json': True, 'eos': True, 'seconds': 1.5334011000004466}
{'set': 'known', 'id': 'v4-dev-035-zh-CN', 'json': True, 'eos': True, 'seconds': 1.8432431999999608}
{'set': 'known', 'id': 'v4-dev-035-en', 'json': True, 'eos': True, 'seconds': 2.2576831999995193}
{'set': 'known', 'id': 'v4-dev-036-zh-CN', 'json': True, 'eos': True, 'seconds': 1.6235710999999355}
{'set': 'known', 'id': 'v4-dev-036-en', 'json': True, 'eos': True, 'seconds': 1.7755087000005005}
{'set': 'known', 'id': 'v4-dev-037-zh-CN', 'json': True, 'eos': True, 'seconds': 1.9064259999995556}
{'set': 'known', 'id': 'v4-dev-037-en', 'json': True, 'eos': True, 'seconds': 2.3581758000000264}
{'set': 'known', 'id': 'v4-dev-038-zh-CN', 'json': True, 'eos': True, 'seconds': 1.554695200000424}
{'set': 'known', 'id': 'v4-dev-038-en', 'json': True, 'eos': True, 'seconds': 1.7100719999998546}
{'set': 'known', 'id': 'v4-dev-039-zh-CN', 'json': True, 'eos': True, 'seconds': 1.7507645999994565}
{'set': 'known', 'id': 'v4-dev-039-en', 'json': True, 'eos': True, 'seconds': 2.1754289999998946}
{'set': 'known', 'id': 'v4-dev-040-zh-CN', 'json': True, 'eos': True, 'seconds': 1.749052400000437}
{'set': 'known', 'id': 'v4-dev-040-en', 'json': True, 'eos': True, 'seconds': 1.8928372999998828}
{'set': 'known', 'id': 'v4-dev-041-zh-CN', 'json': True, 'eos': True, 'seconds': 1.8546587999999247}
{'set': 'known', 'id': 'v4-dev-041-en', 'json': True, 'eos': True, 'seconds': 1.9114230000004682}
{'set': 'known', 'id': 'v4-dev-042-zh-CN', 'json': True, 'eos': True, 'seconds': 1.972789599999487}
{'set': 'known', 'id': 'v4-dev-042-en', 'json': True, 'eos': True, 'seconds': 1.8943830000007438}
{'set': 'known', 'id': 'v4-dev-043-zh-CN', 'json': True, 'eos': True, 'seconds': 2.0053091999998287}
{'set': 'known', 'id': 'v4-dev-043-en', 'json': True, 'eos': True, 'seconds': 2.5808392999997523}
{'set': 'known', 'id': 'v4-dev-044-zh-CN', 'json': True, 'eos': True, 'seconds': 2.1256689000001643}
{'set': 'known', 'id': 'v4-dev-044-en', 'json': True, 'eos': True, 'seconds': 2.6304360000003726}
{'set': 'known', 'id': 'v4-dev-045-zh-CN', 'json': True, 'eos': True, 'seconds': 1.693713700000444}
{'set': 'known', 'id': 'v4-dev-045-en', 'json': True, 'eos': True, 'seconds': 2.197695500000009}
{'set': 'known', 'id': 'v4-dev-046-zh-CN', 'json': True, 'eos': True, 'seconds': 1.6464694000005693}
{'set': 'known', 'id': 'v4-dev-046-en', 'json': True, 'eos': True, 'seconds': 2.0145056999999724}
{'set': 'known', 'id': 'v4-dev-047-zh-CN', 'json': True, 'eos': True, 'seconds': 2.1490954000000784}
{'set': 'known', 'id': 'v4-dev-047-en', 'json': True, 'eos': True, 'seconds': 2.386429899999712}
{'set': 'known', 'id': 'v4-dev-048-zh-CN', 'json': True, 'eos': True, 'seconds': 1.6810732999992979}
{'set': 'known', 'id': 'v4-dev-048-en', 'json': True, 'eos': True, 'seconds': 2.11146540000027}
{'set': 'known', 'id': 'v4-dev-049-zh-CN', 'json': True, 'eos': True, 'seconds': 1.780150099999446}
{'set': 'known', 'id': 'v4-dev-049-en', 'json': True, 'eos': True, 'seconds': 1.9604690000005576}
{'set': 'known', 'id': 'v4-dev-050-zh-CN', 'json': True, 'eos': True, 'seconds': 2.056779099999403}
{'set': 'known', 'id': 'v4-dev-050-en', 'json': True, 'eos': True, 'seconds': 1.9678409000007377}
{'set': 'known', 'id': 'v4-dev-051-zh-CN', 'json': True, 'eos': True, 'seconds': 2.1075930999995762}
{'set': 'known', 'id': 'v4-dev-051-en', 'json': True, 'eos': True, 'seconds': 2.1169431000007535}
{'set': 'known', 'id': 'v4-dev-052-zh-CN', 'json': True, 'eos': True, 'seconds': 1.6295865000001868}
{'set': 'known', 'id': 'v4-dev-052-en', 'json': True, 'eos': True, 'seconds': 1.967828400000144}
{'set': 'known', 'id': 'v4-dev-053-zh-CN', 'json': True, 'eos': True, 'seconds': 2.556175199999416}
{'set': 'known', 'id': 'v4-dev-053-en', 'json': True, 'eos': True, 'seconds': 2.1253053999998883}
{'set': 'known', 'id': 'v4-dev-054-zh-CN', 'json': True, 'eos': True, 'seconds': 1.8045821999994587}
{'set': 'known', 'id': 'v4-dev-054-en', 'json': True, 'eos': True, 'seconds': 2.0861716999997952}
{'set': 'known', 'id': 'v4-dev-055-zh-CN', 'json': True, 'eos': True, 'seconds': 2.266902399999708}
{'set': 'known', 'id': 'v4-dev-055-en', 'json': True, 'eos': True, 'seconds': 2.7999362999998993}
{'set': 'known', 'id': 'v4-dev-056-zh-CN', 'json': True, 'eos': True, 'seconds': 2.3519967000002}
{'set': 'known', 'id': 'v4-dev-056-en', 'json': True, 'eos': True, 'seconds': 2.4729233999996723}
{'set': 'known', 'id': 'v4-dev-057-zh-CN', 'json': True, 'eos': True, 'seconds': 2.0834418000004007}
{'set': 'known', 'id': 'v4-dev-057-en', 'json': True, 'eos': True, 'seconds': 2.7049035000000003}
{'set': 'known', 'id': 'v4-dev-058-zh-CN', 'json': True, 'eos': True, 'seconds': 2.1582597999995414}
{'set': 'known', 'id': 'v4-dev-058-en', 'json': True, 'eos': True, 'seconds': 2.2104262000002564}
{'set': 'known', 'id': 'v4-dev-059-zh-CN', 'json': True, 'eos': True, 'seconds': 1.4874990000007529}
{'set': 'known', 'id': 'v4-dev-059-en', 'json': True, 'eos': True, 'seconds': 1.8029615999994348}
{'set': 'known', 'id': 'v4-dev-060-zh-CN', 'json': True, 'eos': True, 'seconds': 1.7873548999996274}
{'set': 'known', 'id': 'v4-dev-060-en', 'json': True, 'eos': True, 'seconds': 2.1433691000002}
{'set': 'known', 'id': 'v4-dev-061-zh-CN', 'json': True, 'eos': True, 'seconds': 1.9130339000003005}
{'set': 'known', 'id': 'v4-dev-061-en', 'json': True, 'eos': True, 'seconds': 2.0184562000004007}
{'set': 'known', 'id': 'v4-dev-062-zh-CN', 'json': True, 'eos': True, 'seconds': 1.8476615999998103}
{'set': 'known', 'id': 'v4-dev-062-en', 'json': True, 'eos': True, 'seconds': 1.6750261999995928}
{'set': 'known', 'id': 'v4-dev-063-zh-CN', 'json': True, 'eos': True, 'seconds': 1.345687199999702}
{'set': 'known', 'id': 'v4-dev-063-en', 'json': True, 'eos': True, 'seconds': 2.1615979999996853}
{'set': 'known', 'id': 'v4-dev-064-zh-CN', 'json': True, 'eos': True, 'seconds': 1.9167532000001302}
{'set': 'known', 'id': 'v4-dev-064-en', 'json': True, 'eos': True, 'seconds': 1.8651371999994808}
{'set': 'known', 'id': 'v4-dev-065-zh-CN', 'json': True, 'eos': True, 'seconds': 1.4440813000001071}
{'set': 'known', 'id': 'v4-dev-065-en', 'json': True, 'eos': True, 'seconds': 1.976423199999772}
{'set': 'known', 'id': 'v4-dev-066-zh-CN', 'json': True, 'eos': True, 'seconds': 1.9006774999998015}
{'set': 'known', 'id': 'v4-dev-066-en', 'json': True, 'eos': True, 'seconds': 1.9340358999997989}
{'set': 'known', 'id': 'v4-dev-067-zh-CN', 'json': True, 'eos': True, 'seconds': 1.5225884000001315}
{'set': 'known', 'id': 'v4-dev-067-en', 'json': True, 'eos': True, 'seconds': 1.7058219000000463}
{'set': 'known', 'id': 'v4-dev-068-zh-CN', 'json': True, 'eos': True, 'seconds': 1.3379270999994333}
{'set': 'known', 'id': 'v4-dev-068-en', 'json': True, 'eos': True, 'seconds': 1.806427600000461}
{'set': 'known', 'id': 'v4-dev-069-zh-CN', 'json': True, 'eos': True, 'seconds': 1.998320199999398}
{'set': 'known', 'id': 'v4-dev-069-en', 'json': True, 'eos': True, 'seconds': 2.2287826000001587}
{'set': 'known', 'id': 'v4-dev-070-zh-CN', 'json': True, 'eos': True, 'seconds': 1.9966722999997728}
{'set': 'known', 'id': 'v4-dev-070-en', 'json': True, 'eos': True, 'seconds': 2.026098600000296}
{'set': 'known', 'id': 'v4-dev-071-zh-CN', 'json': True, 'eos': True, 'seconds': 2.116877899999963}
{'set': 'known', 'id': 'v4-dev-071-en', 'json': True, 'eos': True, 'seconds': 2.3223649999999907}
{'set': 'known', 'id': 'v4-dev-072-zh-CN', 'json': True, 'eos': True, 'seconds': 2.0827517999996417}
{'set': 'known', 'id': 'v4-dev-072-en', 'json': True, 'eos': True, 'seconds': 2.35245870000017}
{'set': 'known', 'id': 'v4-dev-073-zh-CN', 'json': True, 'eos': True, 'seconds': 2.0676207999995313}
{'set': 'known', 'id': 'v4-dev-073-en', 'json': True, 'eos': True, 'seconds': 1.894146599999658}
{'set': 'known', 'id': 'v4-dev-074-zh-CN', 'json': True, 'eos': True, 'seconds': 2.107335700000476}
{'set': 'known', 'id': 'v4-dev-074-en', 'json': True, 'eos': True, 'seconds': 2.672711299999719}
{'set': 'known', 'id': 'v4-dev-075-zh-CN', 'json': True, 'eos': True, 'seconds': 2.084919300000365}
{'set': 'known', 'id': 'v4-dev-075-en', 'json': True, 'eos': True, 'seconds': 2.5128451000000496}
{'set': 'known', 'id': 'v4-dev-076-zh-CN', 'json': True, 'eos': True, 'seconds': 2.5050978999997824}
{'set': 'known', 'id': 'v4-dev-076-en', 'json': True, 'eos': True, 'seconds': 2.2589358999994147}
{'set': 'known', 'id': 'v4-dev-077-zh-CN', 'json': True, 'eos': True, 'seconds': 1.7712472999992315}
{'set': 'known', 'id': 'v4-dev-077-en', 'json': True, 'eos': True, 'seconds': 2.2762173000000985}
{'set': 'known', 'id': 'v4-dev-078-zh-CN', 'json': True, 'eos': True, 'seconds': 1.6695356000000174}
{'set': 'known', 'id': 'v4-dev-078-en', 'json': True, 'eos': True, 'seconds': 2.127599800000098}
{'set': 'known', 'id': 'v4-dev-079-zh-CN', 'json': True, 'eos': True, 'seconds': 1.7452958000003491}
{'set': 'known', 'id': 'v4-dev-079-en', 'json': True, 'eos': True, 'seconds': 2.413478400000713}
{'set': 'known', 'id': 'v4-dev-080-zh-CN', 'json': True, 'eos': True, 'seconds': 2.4548045999999886}
{'set': 'known', 'id': 'v4-dev-080-en', 'json': True, 'eos': True, 'seconds': 2.283715200000188}
{'set': 'known', 'id': 'v4-dev-081-zh-CN', 'json': True, 'eos': True, 'seconds': 1.5529619999997522}
{'set': 'known', 'id': 'v4-dev-081-en', 'json': True, 'eos': True, 'seconds': 1.7361181999995097}
{'set': 'known', 'id': 'v4-dev-082-zh-CN', 'json': True, 'eos': True, 'seconds': 1.2371272999998837}
{'set': 'known', 'id': 'v4-dev-082-en', 'json': True, 'eos': True, 'seconds': 1.2279044000006252}
{'set': 'known', 'id': 'v4-dev-083-zh-CN', 'json': True, 'eos': True, 'seconds': 1.0557386000000406}
{'set': 'known', 'id': 'v4-dev-083-en', 'json': True, 'eos': True, 'seconds': 1.2013146999997844}
{'set': 'known', 'id': 'v4-dev-084-zh-CN', 'json': True, 'eos': True, 'seconds': 1.268932500000119}
{'set': 'known', 'id': 'v4-dev-084-en', 'json': True, 'eos': True, 'seconds': 1.34705539999959}
{'set': 'known', 'id': 'v4-dev-085-zh-CN', 'json': True, 'eos': True, 'seconds': 1.382548399999905}
{'set': 'known', 'id': 'v4-dev-085-en', 'json': True, 'eos': True, 'seconds': 1.6363529000000199}
{'set': 'known', 'id': 'v4-dev-086-zh-CN', 'json': True, 'eos': True, 'seconds': 1.2399286999998367}
{'set': 'known', 'id': 'v4-dev-086-en', 'json': True, 'eos': True, 'seconds': 1.3870649000000412}
{'set': 'known', 'id': 'v4-dev-087-zh-CN', 'json': True, 'eos': True, 'seconds': 1.115438300000278}
{'set': 'known', 'id': 'v4-dev-087-en', 'json': True, 'eos': True, 'seconds': 1.274338600000192}
{'set': 'known', 'id': 'v4-dev-088-zh-CN', 'json': True, 'eos': True, 'seconds': 1.2156056000003446}
{'set': 'known', 'id': 'v4-dev-088-en', 'json': True, 'eos': True, 'seconds': 1.589287400000103}
{'set': 'known', 'id': 'v4-dev-089-zh-CN', 'json': True, 'eos': True, 'seconds': 1.4295357999999396}
{'set': 'known', 'id': 'v4-dev-089-en', 'json': True, 'eos': True, 'seconds': 1.4472406000004412}
{'set': 'known', 'id': 'v4-dev-090-zh-CN', 'json': True, 'eos': True, 'seconds': 1.5427253999996537}
{'set': 'known', 'id': 'v4-dev-090-en', 'json': True, 'eos': True, 'seconds': 1.7931180999994467}
{'set': 'known', 'id': 'v4-dev-091-zh-CN', 'json': True, 'eos': True, 'seconds': 1.3436001999998552}
{'set': 'known', 'id': 'v4-dev-091-en', 'json': True, 'eos': True, 'seconds': 1.5171252999998615}
{'set': 'known', 'id': 'v4-dev-092-zh-CN', 'json': True, 'eos': True, 'seconds': 1.4177997999995569}
{'set': 'known', 'id': 'v4-dev-092-en', 'json': True, 'eos': True, 'seconds': 1.2989762999995946}
{'set': 'known', 'id': 'v4-dev-093-zh-CN', 'json': True, 'eos': True, 'seconds': 1.2339234999999462}
{'set': 'known', 'id': 'v4-dev-093-en', 'json': True, 'eos': True, 'seconds': 1.31022750000011}
{'set': 'known', 'id': 'v4-dev-094-zh-CN', 'json': True, 'eos': True, 'seconds': 1.149858600000698}
{'set': 'known', 'id': 'v4-dev-094-en', 'json': True, 'eos': True, 'seconds': 1.2771316999996998}
{'set': 'known', 'id': 'v4-dev-095-zh-CN', 'json': True, 'eos': True, 'seconds': 1.4144908999996915}
{'set': 'known', 'id': 'v4-dev-095-en', 'json': True, 'eos': True, 'seconds': 1.4103734000000259}
{'set': 'known', 'id': 'v4-dev-096-zh-CN', 'json': True, 'eos': True, 'seconds': 1.724693699999989}
{'set': 'known', 'id': 'v4-dev-096-en', 'json': True, 'eos': True, 'seconds': 1.457658100000117}
{'set': 'known', 'id': 'v4-dev-097-zh-CN', 'json': True, 'eos': True, 'seconds': 1.0799043999995774}
{'set': 'known', 'id': 'v4-dev-097-en', 'json': True, 'eos': True, 'seconds': 1.2670992000003025}
{'set': 'known', 'id': 'v4-dev-098-zh-CN', 'json': True, 'eos': True, 'seconds': 1.0426898000005167}
{'set': 'known', 'id': 'v4-dev-098-en', 'json': True, 'eos': True, 'seconds': 1.3456986000001052}
{'set': 'known', 'id': 'v4-dev-099-zh-CN', 'json': True, 'eos': True, 'seconds': 1.2049520999999004}
{'set': 'known', 'id': 'v4-dev-099-en', 'json': True, 'eos': True, 'seconds': 1.1680668999997579}
{'set': 'known', 'id': 'v4-dev-100-zh-CN', 'json': True, 'eos': True, 'seconds': 1.2240939999992406}
{'set': 'known', 'id': 'v4-dev-100-en', 'json': True, 'eos': True, 'seconds': 1.4393423999999868}
{'set': 'public', 'id': 'public-short-0193-zh-CN', 'json': True, 'eos': True, 'seconds': 1.4599598000004335}
{'set': 'public', 'id': 'public-short-0193-en', 'json': True, 'eos': True, 'seconds': 1.344177299999501}
{'set': 'public', 'id': 'public-short-0407-zh-CN', 'json': True, 'eos': True, 'seconds': 1.176112600000124}
{'set': 'public', 'id': 'public-short-0407-en', 'json': True, 'eos': True, 'seconds': 1.5327745000004143}
{'set': 'public', 'id': 'public-short-0085-zh-CN', 'json': True, 'eos': True, 'seconds': 1.2526006999996753}
{'set': 'public', 'id': 'public-short-0085-en', 'json': True, 'eos': True, 'seconds': 1.5204516999992848}
{'set': 'public', 'id': 'public-short-0015-zh-CN', 'json': True, 'eos': True, 'seconds': 1.1789862999994511}
{'set': 'public', 'id': 'public-short-0015-en', 'json': True, 'eos': True, 'seconds': 1.3144669000002978}
{'set': 'public', 'id': 'public-short-0424-zh-CN', 'json': True, 'eos': True, 'seconds': 1.2423712999998315}
{'set': 'public', 'id': 'public-short-0424-en', 'json': True, 'eos': True, 'seconds': 1.2697992000003069}
{'set': 'public', 'id': 'public-short-0487-zh-CN', 'json': True, 'eos': True, 'seconds': 1.3603594000005614}
{'set': 'public', 'id': 'public-short-0487-en', 'json': True, 'eos': True, 'seconds': 1.716950099999849}
{'set': 'public', 'id': 'public-short-0395-zh-CN', 'json': True, 'eos': True, 'seconds': 1.256087299999308}
{'set': 'public', 'id': 'public-short-0395-en', 'json': True, 'eos': True, 'seconds': 1.550048600000082}
{'set': 'public', 'id': 'public-short-0082-zh-CN', 'json': True, 'eos': True, 'seconds': 1.4824857000003249}
{'set': 'public', 'id': 'public-short-0082-en', 'json': True, 'eos': True, 'seconds': 1.6379751000004035}
{'set': 'public', 'id': 'public-short-0366-zh-CN', 'json': True, 'eos': True, 'seconds': 0.9977754999999888}
{'set': 'public', 'id': 'public-short-0366-en', 'json': True, 'eos': True, 'seconds': 1.4320066999998744}
{'set': 'public', 'id': 'public-short-0527-zh-CN', 'json': True, 'eos': True, 'seconds': 1.286101200000303}
{'set': 'public', 'id': 'public-short-0527-en', 'json': True, 'eos': True, 'seconds': 1.4205129999991186}
{'set': 'public', 'id': 'public-short-0376-zh-CN', 'json': True, 'eos': True, 'seconds': 1.1418025000002672}
{'set': 'public', 'id': 'public-short-0376-en', 'json': True, 'eos': True, 'seconds': 1.6121431999999913}
{'set': 'public', 'id': 'public-short-0278-zh-CN', 'json': True, 'eos': True, 'seconds': 1.1568708000004335}
{'set': 'public', 'id': 'public-short-0278-en', 'json': True, 'eos': True, 'seconds': 1.2954853000001094}
{'set': 'public', 'id': 'public-short-0266-zh-CN', 'json': True, 'eos': True, 'seconds': 1.2029469999997673}
{'set': 'public', 'id': 'public-short-0266-en', 'json': True, 'eos': True, 'seconds': 1.3858455999998114}
{'set': 'public', 'id': 'public-short-0391-zh-CN', 'json': True, 'eos': True, 'seconds': 1.4565261999996437}
{'set': 'public', 'id': 'public-short-0391-en', 'json': True, 'eos': True, 'seconds': 1.9230980000002091}
{'set': 'public', 'id': 'public-short-0351-zh-CN', 'json': True, 'eos': True, 'seconds': 1.4805403000000297}
{'set': 'public', 'id': 'public-short-0351-en', 'json': True, 'eos': True, 'seconds': 1.3723776999995607}
{'set': 'public', 'id': 'public-short-0031-zh-CN', 'json': True, 'eos': True, 'seconds': 1.3129926000001433}
{'set': 'public', 'id': 'public-short-0031-en', 'json': True, 'eos': True, 'seconds': 1.5790024999996604}
{'set': 'public', 'id': 'public-short-0215-zh-CN', 'json': True, 'eos': True, 'seconds': 1.227549000000181}
{'set': 'public', 'id': 'public-short-0215-en', 'json': True, 'eos': True, 'seconds': 1.394844500000545}
{'set': 'public', 'id': 'public-short-0342-zh-CN', 'json': True, 'eos': True, 'seconds': 2.22689629999968}
{'set': 'public', 'id': 'public-short-0342-en', 'json': True, 'eos': True, 'seconds': 2.365060299999641}
{'set': 'public', 'id': 'public-short-0183-zh-CN', 'json': True, 'eos': True, 'seconds': 1.4460229999995136}
{'set': 'public', 'id': 'public-short-0183-en', 'json': True, 'eos': True, 'seconds': 1.5705626999997548}
{'set': 'public', 'id': 'public-short-0597-zh-CN', 'json': True, 'eos': True, 'seconds': 1.6732839000005697}
{'set': 'public', 'id': 'public-short-0597-en', 'json': True, 'eos': True, 'seconds': 1.9409737999994832}
{'set': 'public', 'id': 'public-short-0228-zh-CN', 'json': True, 'eos': True, 'seconds': 1.3796025999999983}
{'set': 'public', 'id': 'public-short-0228-en', 'json': True, 'eos': True, 'seconds': 1.7430152000006274}
{'set': 'public', 'id': 'public-short-0492-zh-CN', 'json': True, 'eos': True, 'seconds': 1.085243100000298}
{'set': 'public', 'id': 'public-short-0492-en', 'json': True, 'eos': True, 'seconds': 1.2913715999993656}
{'set': 'public', 'id': 'public-short-0134-zh-CN', 'json': True, 'eos': True, 'seconds': 1.28579499999978}
{'set': 'public', 'id': 'public-short-0134-en', 'json': True, 'eos': True, 'seconds': 1.3830389000004288}
{'set': 'public', 'id': 'public-short-0474-zh-CN', 'json': True, 'eos': True, 'seconds': 1.2873087000007217}
{'set': 'public', 'id': 'public-short-0474-en', 'json': True, 'eos': True, 'seconds': 1.2958306999998968}
{'set': 'public', 'id': 'public-short-0254-zh-CN', 'json': True, 'eos': True, 'seconds': 1.414774099999704}
{'set': 'public', 'id': 'public-short-0254-en', 'json': True, 'eos': True, 'seconds': 1.7204710999994859}
{'set': 'public', 'id': 'public-short-0189-zh-CN', 'json': True, 'eos': True, 'seconds': 1.5714964999997392}
{'set': 'public', 'id': 'public-short-0189-en', 'json': True, 'eos': True, 'seconds': 1.6980665000000954}
{'set': 'public', 'id': 'public-short-0588-zh-CN', 'json': True, 'eos': True, 'seconds': 1.4650719999999637}
{'set': 'public', 'id': 'public-short-0588-en', 'json': True, 'eos': True, 'seconds': 1.8486894000006941}
{'set': 'public', 'id': 'public-short-0190-zh-CN', 'json': True, 'eos': True, 'seconds': 2.1705259000000297}
{'set': 'public', 'id': 'public-short-0190-en', 'json': True, 'eos': True, 'seconds': 1.8263800000004267}
{'set': 'public', 'id': 'public-short-0292-zh-CN', 'json': True, 'eos': True, 'seconds': 1.7271160999998756}
{'set': 'public', 'id': 'public-short-0292-en', 'json': True, 'eos': True, 'seconds': 1.8913265999999567}
{'set': 'public', 'id': 'public-short-0257-zh-CN', 'json': True, 'eos': True, 'seconds': 0.9713428000004569}
{'set': 'public', 'id': 'public-short-0257-en', 'json': True, 'eos': True, 'seconds': 1.2088517000001957}
{'set': 'public', 'id': 'public-short-0493-zh-CN', 'json': True, 'eos': True, 'seconds': 1.2378797000001214}
{'set': 'public', 'id': 'public-short-0493-en', 'json': True, 'eos': True, 'seconds': 1.4159779000001436}
{'set': 'public', 'id': 'public-short-0500-zh-CN', 'json': True, 'eos': True, 'seconds': 1.2470272000000477}
{'set': 'public', 'id': 'public-short-0500-en', 'json': True, 'eos': True, 'seconds': 1.2662600000003295}
{'set': 'public', 'id': 'public-short-0578-zh-CN', 'json': True, 'eos': True, 'seconds': 1.3391992000006212}
{'set': 'public', 'id': 'public-short-0578-en', 'json': True, 'eos': True, 'seconds': 1.4793703000004825}
{'set': 'public', 'id': 'public-short-0477-zh-CN', 'json': True, 'eos': True, 'seconds': 0.9977905000005194}
{'set': 'public', 'id': 'public-short-0477-en', 'json': True, 'eos': True, 'seconds': 1.1973594000000958}
{'set': 'public', 'id': 'public-short-0307-zh-CN', 'json': True, 'eos': True, 'seconds': 1.3162145000005694}
{'set': 'public', 'id': 'public-short-0307-en', 'json': True, 'eos': True, 'seconds': 1.5447015999998257}
{'set': 'public', 'id': 'public-short-0033-zh-CN', 'json': True, 'eos': True, 'seconds': 1.1956566999997449}
{'set': 'public', 'id': 'public-short-0033-en', 'json': True, 'eos': True, 'seconds': 1.3592248000004474}
{'set': 'public', 'id': 'public-short-0230-zh-CN', 'json': True, 'eos': True, 'seconds': 1.1196758000005502}
{'set': 'public', 'id': 'public-short-0230-en', 'json': True, 'eos': True, 'seconds': 1.4732561000000715}
{'set': 'public', 'id': 'public-short-0133-zh-CN', 'json': True, 'eos': True, 'seconds': 1.117136500000015}
{'set': 'public', 'id': 'public-short-0133-en', 'json': True, 'eos': True, 'seconds': 1.5262157999995907}
{'set': 'public', 'id': 'public-short-0099-zh-CN', 'json': True, 'eos': True, 'seconds': 2.1184721999998146}
{'set': 'public', 'id': 'public-short-0099-en', 'json': True, 'eos': True, 'seconds': 2.451375999999982}
{'set': 'public', 'id': 'public-short-0201-zh-CN', 'json': True, 'eos': True, 'seconds': 1.3211265999998432}
{'set': 'public', 'id': 'public-short-0201-en', 'json': True, 'eos': True, 'seconds': 1.8463758999996571}
{'set': 'public', 'id': 'public-short-0072-zh-CN', 'json': True, 'eos': True, 'seconds': 1.1114379000000554}
{'set': 'public', 'id': 'public-short-0072-en', 'json': True, 'eos': True, 'seconds': 1.3919280000000072}
{'set': 'public', 'id': 'public-short-0025-zh-CN', 'json': True, 'eos': True, 'seconds': 1.109914900000149}
{'set': 'public', 'id': 'public-short-0025-en', 'json': True, 'eos': True, 'seconds': 1.4301698999997825}
{'set': 'public', 'id': 'public-short-0151-zh-CN', 'json': True, 'eos': True, 'seconds': 1.5590064999996684}
{'set': 'public', 'id': 'public-short-0151-en', 'json': True, 'eos': True, 'seconds': 1.6682964999999967}
{'set': 'public', 'id': 'public-short-0226-zh-CN', 'json': True, 'eos': True, 'seconds': 1.0655885000005583}
{'set': 'public', 'id': 'public-short-0226-en', 'json': True, 'eos': True, 'seconds': 1.4849095000008674}
{'set': 'public', 'id': 'public-short-0565-zh-CN', 'json': True, 'eos': True, 'seconds': 1.399742900000092}
{'set': 'public', 'id': 'public-short-0565-en', 'json': True, 'eos': True, 'seconds': 1.5549590000000535}
{'set': 'public', 'id': 'public-short-0227-zh-CN', 'json': True, 'eos': True, 'seconds': 1.2299655000006169}
{'set': 'public', 'id': 'public-short-0227-en', 'json': True, 'eos': True, 'seconds': 1.4007496000003812}
{'set': 'public', 'id': 'public-short-0011-zh-CN', 'json': True, 'eos': True, 'seconds': 1.0637480999994295}
{'set': 'public', 'id': 'public-short-0011-en', 'json': True, 'eos': True, 'seconds': 1.3844160999997257}
{'set': 'public', 'id': 'public-short-0135-zh-CN', 'json': True, 'eos': True, 'seconds': 1.31593200000043}
{'set': 'public', 'id': 'public-short-0135-en', 'json': True, 'eos': True, 'seconds': 1.6338711000007606}
{'set': 'public', 'id': 'public-short-0306-zh-CN', 'json': True, 'eos': True, 'seconds': 1.3030774999997448}
{'set': 'public', 'id': 'public-short-0306-en', 'json': True, 'eos': True, 'seconds': 1.5486019999998462}
{'set': 'public', 'id': 'public-short-0402-zh-CN', 'json': True, 'eos': True, 'seconds': 1.2170089000001099}
{'set': 'public', 'id': 'public-short-0402-en', 'json': True, 'eos': True, 'seconds': 1.3457484999998996}
{'set': 'public', 'id': 'public-short-0104-zh-CN', 'json': True, 'eos': True, 'seconds': 1.853189200000088}
{'set': 'public', 'id': 'public-short-0104-en', 'json': True, 'eos': True, 'seconds': 1.7902883000006113}
{'set': 'public', 'id': 'public-short-0442-zh-CN', 'json': True, 'eos': True, 'seconds': 1.1991311000001588}
{'set': 'public', 'id': 'public-short-0442-en', 'json': True, 'eos': True, 'seconds': 1.132516200000282}
{'set': 'public', 'id': 'public-short-0052-zh-CN', 'json': True, 'eos': True, 'seconds': 1.037439099999574}
{'set': 'public', 'id': 'public-short-0052-en', 'json': True, 'eos': True, 'seconds': 1.6675382000003083}
{'set': 'public', 'id': 'public-short-0174-zh-CN', 'json': True, 'eos': True, 'seconds': 1.7174693999995725}
{'set': 'public', 'id': 'public-short-0174-en', 'json': True, 'eos': True, 'seconds': 1.9559321999995518}
{'set': 'public', 'id': 'public-short-0205-zh-CN', 'json': True, 'eos': True, 'seconds': 1.096594599999662}
{'set': 'public', 'id': 'public-short-0205-en', 'json': True, 'eos': True, 'seconds': 1.5015432000000146}
{'set': 'public', 'id': 'public-short-0507-zh-CN', 'json': True, 'eos': True, 'seconds': 1.10659940000005}
{'set': 'public', 'id': 'public-short-0507-en', 'json': True, 'eos': True, 'seconds': 1.4844017000004897}
{'set': 'public', 'id': 'public-short-0170-zh-CN', 'json': True, 'eos': True, 'seconds': 1.3964881000001697}
{'set': 'public', 'id': 'public-short-0170-en', 'json': True, 'eos': True, 'seconds': 1.3862584999997125}
{'set': 'public', 'id': 'public-short-0248-zh-CN', 'json': True, 'eos': True, 'seconds': 1.383949400000347}
{'set': 'public', 'id': 'public-short-0248-en', 'json': True, 'eos': True, 'seconds': 1.2959520999993401}
