进程内 CPU 隔离: [28, 29, 30, 31]，CPU 线程数 2；不修改系统设置
{'repeat': -1, 'profile': 'semantic_terms', 'row': 1, 'seconds': 29.425955499998963}
{'repeat': -1, 'profile': 'local_terms', 'row': 1, 'seconds': 3.2361764999986917}
{'repeat': -1, 'profile': 'local_terms', 'row': 2, 'seconds': 3.3236973999992188}
{'repeat': -1, 'profile': 'semantic_terms', 'row': 2, 'seconds': 3.422738400000526}
{'repeat': -1, 'profile': 'semantic_terms', 'row': 3, 'seconds': 3.029803000001266}
{'repeat': -1, 'profile': 'local_terms', 'row': 3, 'seconds': 2.9950290999986464}
{'repeat': -1, 'profile': 'local_terms', 'row': 4, 'seconds': 2.7517419000014343}
{'repeat': -1, 'profile': 'semantic_terms', 'row': 4, 'seconds': 2.8223815000001196}
{'repeat': -1, 'profile': 'semantic_terms', 'row': 5, 'seconds': 2.6406683000004705}
{'repeat': -1, 'profile': 'local_terms', 'row': 5, 'seconds': 2.671664299999975}
{'repeat': -1, 'profile': 'local_terms', 'row': 6, 'seconds': 2.392117599998528}
{'repeat': -1, 'profile': 'semantic_terms', 'row': 6, 'seconds': 2.566633800001}
{'repeat': -1, 'profile': 'semantic_terms', 'row': 7, 'seconds': 3.3469014999991487}
{'repeat': -1, 'profile': 'local_terms', 'row': 7, 'seconds': 3.2553329999991547}
{'repeat': -1, 'profile': 'local_terms', 'row': 8, 'seconds': 3.2392579000006663}
{'repeat': -1, 'profile': 'semantic_terms', 'row': 8, 'seconds': 3.1610204000007798}
{'repeat': -1, 'profile': 'semantic_terms', 'row': 9, 'seconds': 2.9181005000009463}
{'repeat': -1, 'profile': 'local_terms', 'row': 9, 'seconds': 2.999785100000736}
{'repeat': -1, 'profile': 'local_terms', 'row': 10, 'seconds': 2.926985899999636}
{'repeat': -1, 'profile': 'semantic_terms', 'row': 10, 'seconds': 2.9263866000001144}
{'repeat': -1, 'profile': 'semantic_terms', 'row': 11, 'seconds': 2.386604700001044}
{'repeat': -1, 'profile': 'local_terms', 'row': 11, 'seconds': 2.451472400000057}
{'repeat': -1, 'profile': 'local_terms', 'row': 12, 'seconds': 2.4959469999994326}
{'repeat': -1, 'profile': 'semantic_terms', 'row': 12, 'seconds': 2.45329799999854}
{'repeat': -1, 'profile': 'semantic_terms', 'row': 13, 'seconds': 3.402085600000646}
{'repeat': -1, 'profile': 'local_terms', 'row': 13, 'seconds': 3.548129200000403}
{'repeat': -1, 'profile': 'local_terms', 'row': 14, 'seconds': 3.1389433999993344}
{'repeat': -1, 'profile': 'semantic_terms', 'row': 14, 'seconds': 5.208684200000789}
{'repeat': -1, 'profile': 'semantic_terms', 'row': 15, 'seconds': 2.4905681000000186}
{'repeat': -1, 'profile': 'local_terms', 'row': 15, 'seconds': 2.5174805000006018}
{'repeat': -1, 'profile': 'local_terms', 'row': 16, 'seconds': 3.0699437000002945}
{'repeat': -1, 'profile': 'semantic_terms', 'row': 16, 'seconds': 3.113441600000442}
{'repeat': -1, 'profile': 'semantic_terms', 'row': 17, 'seconds': 3.728732699999455}
{'repeat': -1, 'profile': 'local_terms', 'row': 17, 'seconds': 2.436187699999209}
{'repeat': -1, 'profile': 'local_terms', 'row': 18, 'seconds': 2.4729255999991437}
{'repeat': -1, 'profile': 'semantic_terms', 'row': 18, 'seconds': 2.5672208000014507}
{'repeat': -1, 'profile': 'semantic_terms', 'row': 19, 'seconds': 3.2698644000010972}
{'repeat': -1, 'profile': 'local_terms', 'row': 19, 'seconds': 3.2558966999986296}
{'repeat': -1, 'profile': 'local_terms', 'row': 20, 'seconds': 2.7613092999999935}
{'repeat': -1, 'profile': 'semantic_terms', 'row': 20, 'seconds': 2.7701018000007025}
{'repeat': -1, 'profile': 'semantic_terms', 'row': 21, 'seconds': 3.607796199999939}
{'repeat': -1, 'profile': 'local_terms', 'row': 21, 'seconds': 3.7003946999993786}
{'repeat': -1, 'profile': 'local_terms', 'row': 22, 'seconds': 2.296584499999881}
{'repeat': -1, 'profile': 'semantic_terms', 'row': 22, 'seconds': 2.291182699998899}
{'repeat': -1, 'profile': 'semantic_terms', 'row': 23, 'seconds': 2.897934599999644}
{'repeat': -1, 'profile': 'local_terms', 'row': 23, 'seconds': 2.928016599998955}
{'repeat': -1, 'profile': 'local_terms', 'row': 24, 'seconds': 3.1916521999992256}
{'repeat': -1, 'profile': 'semantic_terms', 'row': 24, 'seconds': 3.184582699999737}
{'repeat': 0, 'profile': 'local_terms', 'row': 1, 'seconds': 3.263259900000776}
{'repeat': 0, 'profile': 'semantic_terms', 'row': 1, 'seconds': 3.4644928999987314}
{'repeat': 0, 'profile': 'semantic_terms', 'row': 2, 'seconds': 3.325770999999804}
{'repeat': 0, 'profile': 'local_terms', 'row': 2, 'seconds': 3.3169741000001522}
{'repeat': 0, 'profile': 'local_terms', 'row': 3, 'seconds': 3.141166900000826}
{'repeat': 0, 'profile': 'semantic_terms', 'row': 3, 'seconds': 2.9838532999983727}
{'repeat': 0, 'profile': 'semantic_terms', 'row': 4, 'seconds': 2.6955798999988474}
{'repeat': 0, 'profile': 'local_terms', 'row': 4, 'seconds': 2.825937800000247}
{'repeat': 0, 'profile': 'local_terms', 'row': 5, 'seconds': 2.652190700000574}
{'repeat': 0, 'profile': 'semantic_terms', 'row': 5, 'seconds': 2.636322199999995}
{'repeat': 0, 'profile': 'semantic_terms', 'row': 6, 'seconds': 2.5064299999994546}
{'repeat': 0, 'profile': 'local_terms', 'row': 6, 'seconds': 2.552217299999029}
{'repeat': 0, 'profile': 'local_terms', 'row': 7, 'seconds': 3.342768000000433}
{'repeat': 0, 'profile': 'semantic_terms', 'row': 7, 'seconds': 3.281334000001152}
{'repeat': 0, 'profile': 'semantic_terms', 'row': 8, 'seconds': 3.201568899999984}
{'repeat': 0, 'profile': 'local_terms', 'row': 8, 'seconds': 3.44801390000066}
{'repeat': 0, 'profile': 'local_terms', 'row': 9, 'seconds': 2.8974292000002606}
{'repeat': 0, 'profile': 'semantic_terms', 'row': 9, 'seconds': 2.9095871999998053}
{'repeat': 0, 'profile': 'semantic_terms', 'row': 10, 'seconds': 2.9519712000001164}
{'repeat': 0, 'profile': 'local_terms', 'row': 10, 'seconds': 2.9241299999994226}
{'repeat': 0, 'profile': 'local_terms', 'row': 11, 'seconds': 2.4975264000004245}
{'repeat': 0, 'profile': 'semantic_terms', 'row': 11, 'seconds': 2.356873499998983}
{'repeat': 0, 'profile': 'semantic_terms', 'row': 12, 'seconds': 2.503511000000799}
{'repeat': 0, 'profile': 'local_terms', 'row': 12, 'seconds': 2.456391200001235}
{'repeat': 0, 'profile': 'local_terms', 'row': 13, 'seconds': 3.391208300001381}
{'repeat': 0, 'profile': 'semantic_terms', 'row': 13, 'seconds': 3.4975584000003437}
{'repeat': 0, 'profile': 'semantic_terms', 'row': 14, 'seconds': 4.191913499998918}
{'repeat': 0, 'profile': 'local_terms', 'row': 14, 'seconds': 3.1468853000005765}
{'repeat': 0, 'profile': 'local_terms', 'row': 15, 'seconds': 2.6434989999997924}
{'repeat': 0, 'profile': 'semantic_terms', 'row': 15, 'seconds': 2.6300319000001764}
{'repeat': 0, 'profile': 'semantic_terms', 'row': 16, 'seconds': 3.0078503000004275}
{'repeat': 0, 'profile': 'local_terms', 'row': 16, 'seconds': 3.067998599999555}
{'repeat': 0, 'profile': 'local_terms', 'row': 17, 'seconds': 2.7244136999997863}
{'repeat': 0, 'profile': 'semantic_terms', 'row': 17, 'seconds': 8.725627099998746}
{'repeat': 0, 'profile': 'semantic_terms', 'row': 18, 'seconds': 2.469886500000939}
{'repeat': 0, 'profile': 'local_terms', 'row': 18, 'seconds': 2.3428323000007367}
{'repeat': 0, 'profile': 'local_terms', 'row': 19, 'seconds': 3.1684939000006125}
{'repeat': 0, 'profile': 'semantic_terms', 'row': 19, 'seconds': 3.422413999998753}
{'repeat': 0, 'profile': 'semantic_terms', 'row': 20, 'seconds': 2.927817199999481}
{'repeat': 0, 'profile': 'local_terms', 'row': 20, 'seconds': 2.7352159000001848}
{'repeat': 0, 'profile': 'local_terms', 'row': 21, 'seconds': 3.469801799999914}
{'repeat': 0, 'profile': 'semantic_terms', 'row': 21, 'seconds': 3.641222899999775}
{'repeat': 0, 'profile': 'semantic_terms', 'row': 22, 'seconds': 2.2913900000003196}
{'repeat': 0, 'profile': 'local_terms', 'row': 22, 'seconds': 2.263378499999817}
{'repeat': 0, 'profile': 'local_terms', 'row': 23, 'seconds': 2.81973889999972}
{'repeat': 0, 'profile': 'semantic_terms', 'row': 23, 'seconds': 3.0387212000005093}
{'repeat': 0, 'profile': 'semantic_terms', 'row': 24, 'seconds': 3.0718363000014506}
{'repeat': 0, 'profile': 'local_terms', 'row': 24, 'seconds': 3.1506736999999703}
{'repeat': 1, 'profile': 'semantic_terms', 'row': 1, 'seconds': 3.4203340000003664}
{'repeat': 1, 'profile': 'local_terms', 'row': 1, 'seconds': 3.318182400000296}
{'repeat': 1, 'profile': 'local_terms', 'row': 2, 'seconds': 3.3194225000006554}
{'repeat': 1, 'profile': 'semantic_terms', 'row': 2, 'seconds': 3.5387253999997483}
{'repeat': 1, 'profile': 'semantic_terms', 'row': 3, 'seconds': 2.9663571000000957}
{'repeat': 1, 'profile': 'local_terms', 'row': 3, 'seconds': 2.9458967999999004}
{'repeat': 1, 'profile': 'local_terms', 'row': 4, 'seconds': 2.6992964999990363}
{'repeat': 1, 'profile': 'semantic_terms', 'row': 4, 'seconds': 2.842933699999776}
{'repeat': 1, 'profile': 'semantic_terms', 'row': 5, 'seconds': 2.624447099999088}
{'repeat': 1, 'profile': 'local_terms', 'row': 5, 'seconds': 2.597254400001475}
{'repeat': 1, 'profile': 'local_terms', 'row': 6, 'seconds': 2.404769099999612}
{'repeat': 1, 'profile': 'semantic_terms', 'row': 6, 'seconds': 2.5387485999999626}
{'repeat': 1, 'profile': 'semantic_terms', 'row': 7, 'seconds': 3.2629278999993403}
{'repeat': 1, 'profile': 'local_terms', 'row': 7, 'seconds': 3.256964700000026}
{'repeat': 1, 'profile': 'local_terms', 'row': 8, 'seconds': 3.2897984999999608}
{'repeat': 1, 'profile': 'semantic_terms', 'row': 8, 'seconds': 3.1172172000005958}
{'repeat': 1, 'profile': 'semantic_terms', 'row': 9, 'seconds': 2.8402449999994133}
{'repeat': 1, 'profile': 'local_terms', 'row': 9, 'seconds': 2.9457262000014452}
{'repeat': 1, 'profile': 'local_terms', 'row': 10, 'seconds': 2.950840399998924}
{'repeat': 1, 'profile': 'semantic_terms', 'row': 10, 'seconds': 2.833781999999701}
{'repeat': 1, 'profile': 'semantic_terms', 'row': 11, 'seconds': 2.359805199999755}
{'repeat': 1, 'profile': 'local_terms', 'row': 11, 'seconds': 2.499691000000894}
{'repeat': 1, 'profile': 'local_terms', 'row': 12, 'seconds': 2.4501376999996864}
{'repeat': 1, 'profile': 'semantic_terms', 'row': 12, 'seconds': 2.5343750000010914}
{'repeat': 1, 'profile': 'semantic_terms', 'row': 13, 'seconds': 3.4689077000002726}
{'repeat': 1, 'profile': 'local_terms', 'row': 13, 'seconds': 3.619084500000099}
{'repeat': 1, 'profile': 'local_terms', 'row': 14, 'seconds': 3.080892199999653}
{'repeat': 1, 'profile': 'semantic_terms', 'row': 14, 'seconds': 4.231568799999877}
{'repeat': 1, 'profile': 'semantic_terms', 'row': 15, 'seconds': 2.8218739999992977}
{'repeat': 1, 'profile': 'local_terms', 'row': 15, 'seconds': 2.695813399999679}
{'repeat': 1, 'profile': 'local_terms', 'row': 16, 'seconds': 3.1305439000007027}
{'repeat': 1, 'profile': 'semantic_terms', 'row': 16, 'seconds': 3.314731500000562}
{'repeat': 1, 'profile': 'semantic_terms', 'row': 17, 'seconds': 4.106682999999975}
{'repeat': 1, 'profile': 'local_terms', 'row': 17, 'seconds': 2.438072500000999}
{'repeat': 1, 'profile': 'local_terms', 'row': 18, 'seconds': 2.4597329999996873}
{'repeat': 1, 'profile': 'semantic_terms', 'row': 18, 'seconds': 2.603143199999977}
{'repeat': 1, 'profile': 'semantic_terms', 'row': 19, 'seconds': 3.2297668999999587}
{'repeat': 1, 'profile': 'local_terms', 'row': 19, 'seconds': 3.2438305000014225}
{'repeat': 1, 'profile': 'local_terms', 'row': 20, 'seconds': 2.8926437999998598}
{'repeat': 1, 'profile': 'semantic_terms', 'row': 20, 'seconds': 2.729917499998919}
{'repeat': 1, 'profile': 'semantic_terms', 'row': 21, 'seconds': 3.4917318999996496}
{'repeat': 1, 'profile': 'local_terms', 'row': 21, 'seconds': 3.6334296000004542}
{'repeat': 1, 'profile': 'local_terms', 'row': 22, 'seconds': 2.288180999999895}
{'repeat': 1, 'profile': 'semantic_terms', 'row': 22, 'seconds': 2.3332540999999765}
{'repeat': 1, 'profile': 'semantic_terms', 'row': 23, 'seconds': 2.8458394999997836}
{'repeat': 1, 'profile': 'local_terms', 'row': 23, 'seconds': 2.9098661999996693}
{'repeat': 1, 'profile': 'local_terms', 'row': 24, 'seconds': 3.1448580999986007}
{'repeat': 1, 'profile': 'semantic_terms', 'row': 24, 'seconds': 3.148313900001085}
{'repeat': 2, 'profile': 'local_terms', 'row': 1, 'seconds': 3.244123100001161}
{'repeat': 2, 'profile': 'semantic_terms', 'row': 1, 'seconds': 3.3872787000000244}
{'repeat': 2, 'profile': 'semantic_terms', 'row': 2, 'seconds': 3.3479888000001665}
{'repeat': 2, 'profile': 'local_terms', 'row': 2, 'seconds': 3.4165825999989465}
{'repeat': 2, 'profile': 'local_terms', 'row': 3, 'seconds': 3.145915799999784}
{'repeat': 2, 'profile': 'semantic_terms', 'row': 3, 'seconds': 3.2089728000009927}
{'repeat': 2, 'profile': 'semantic_terms', 'row': 4, 'seconds': 2.8041437000010774}
{'repeat': 2, 'profile': 'local_terms', 'row': 4, 'seconds': 2.9302250999990065}
{'repeat': 2, 'profile': 'local_terms', 'row': 5, 'seconds': 2.6589714999990974}
{'repeat': 2, 'profile': 'semantic_terms', 'row': 5, 'seconds': 2.653145099999165}
{'repeat': 2, 'profile': 'semantic_terms', 'row': 6, 'seconds': 2.3815867000012076}
{'repeat': 2, 'profile': 'local_terms', 'row': 6, 'seconds': 2.6268008000006375}
{'repeat': 2, 'profile': 'local_terms', 'row': 7, 'seconds': 3.276361899999756}
{'repeat': 2, 'profile': 'semantic_terms', 'row': 7, 'seconds': 3.2518003000004683}
{'repeat': 2, 'profile': 'semantic_terms', 'row': 8, 'seconds': 3.315216799999689}
{'repeat': 2, 'profile': 'local_terms', 'row': 8, 'seconds': 3.212412900000345}
{'repeat': 2, 'profile': 'local_terms', 'row': 9, 'seconds': 2.8807452999990346}
{'repeat': 2, 'profile': 'semantic_terms', 'row': 9, 'seconds': 2.9306443000004947}
{'repeat': 2, 'profile': 'semantic_terms', 'row': 10, 'seconds': 3.2394076000000496}
{'repeat': 2, 'profile': 'local_terms', 'row': 10, 'seconds': 2.9284008999984508}
{'repeat': 2, 'profile': 'local_terms', 'row': 11, 'seconds': 2.385910499999227}
{'repeat': 2, 'profile': 'semantic_terms', 'row': 11, 'seconds': 2.421195599999919}
{'repeat': 2, 'profile': 'semantic_terms', 'row': 12, 'seconds': 2.7598919000010937}
{'repeat': 2, 'profile': 'local_terms', 'row': 12, 'seconds': 2.4707899000004545}
{'repeat': 2, 'profile': 'local_terms', 'row': 13, 'seconds': 3.4871293000014703}
{'repeat': 2, 'profile': 'semantic_terms', 'row': 13, 'seconds': 3.537779499998578}
{'repeat': 2, 'profile': 'semantic_terms', 'row': 14, 'seconds': 4.070876699999644}
{'repeat': 2, 'profile': 'local_terms', 'row': 14, 'seconds': 3.0852983000004315}
{'repeat': 2, 'profile': 'local_terms', 'row': 15, 'seconds': 2.8092115000017657}
{'repeat': 2, 'profile': 'semantic_terms', 'row': 15, 'seconds': 2.737648199999967}
{'repeat': 2, 'profile': 'semantic_terms', 'row': 16, 'seconds': 3.1930174000008265}
{'repeat': 2, 'profile': 'local_terms', 'row': 16, 'seconds': 3.104522800000268}
{'repeat': 2, 'profile': 'local_terms', 'row': 17, 'seconds': 2.660968199999843}
{'repeat': 2, 'profile': 'semantic_terms', 'row': 17, 'seconds': 3.6691726999997627}
{'repeat': 2, 'profile': 'semantic_terms', 'row': 18, 'seconds': 2.5167881999987003}
{'repeat': 2, 'profile': 'local_terms', 'row': 18, 'seconds': 2.7799706000005244}
{'repeat': 2, 'profile': 'local_terms', 'row': 19, 'seconds': 3.282023699999627}
{'repeat': 2, 'profile': 'semantic_terms', 'row': 19, 'seconds': 3.226204799999323}
{'repeat': 2, 'profile': 'semantic_terms', 'row': 20, 'seconds': 2.728030599999329}
{'repeat': 2, 'profile': 'local_terms', 'row': 20, 'seconds': 2.8886980999996013}
{'repeat': 2, 'profile': 'local_terms', 'row': 21, 'seconds': 3.5149154999999155}
{'repeat': 2, 'profile': 'semantic_terms', 'row': 21, 'seconds': 3.5387730000002193}
{'repeat': 2, 'profile': 'semantic_terms', 'row': 22, 'seconds': 2.5079445999999734}
{'repeat': 2, 'profile': 'local_terms', 'row': 22, 'seconds': 2.273247500001162}
{'repeat': 2, 'profile': 'local_terms', 'row': 23, 'seconds': 2.8275778999995964}
{'repeat': 2, 'profile': 'semantic_terms', 'row': 23, 'seconds': 2.8299737999986974}
{'repeat': 2, 'profile': 'semantic_terms', 'row': 24, 'seconds': 3.3971294999992097}
{'repeat': 2, 'profile': 'local_terms', 'row': 24, 'seconds': 3.1198380999994697}
