进程内 CPU 隔离: [28, 29, 30, 31]，CPU 线程数 2；不修改系统设置
{'set': 'known', 'profile': 'semantic_terms', 'row': 1, 'id': 'v4-dev-001-zh-CN', 'reuse': False}
{'set': 'known', 'profile': 'semantic_terms', 'row': 2, 'id': 'v4-dev-001-en', 'reuse': False}
{'set': 'known', 'profile': 'semantic_terms', 'row': 3, 'id': 'v4-dev-002-zh-CN', 'reuse': False}
{'set': 'known', 'profile': 'semantic_terms', 'row': 4, 'id': 'v4-dev-002-en', 'reuse': False}
{'set': 'known', 'profile': 'semantic_terms', 'row': 5, 'id': 'v4-dev-003-zh-CN', 'reuse': False}
{'set': 'known', 'profile': 'semantic_terms', 'row': 6, 'id': 'v4-dev-003-en', 'reuse': False}
{'set': 'known', 'profile': 'semantic_terms', 'row': 7, 'id': 'v4-dev-004-zh-CN', 'reuse': False}
{'set': 'known', 'profile': 'semantic_terms', 'row': 8, 'id': 'v4-dev-004-en', 'reuse': False}
{'set': 'known', 'profile': 'semantic_terms', 'row': 9, 'id': 'v4-dev-005-zh-CN', 'reuse': False}
{'set': 'known', 'profile': 'semantic_terms', 'row': 10, 'id': 'v4-dev-005-en', 'reuse': False}
{'set': 'known', 'profile': 'semantic_terms', 'row': 11, 'id': 'v4-dev-006-zh-CN', 'reuse': False}
{'set': 'known', 'profile': 'semantic_terms', 'row': 12, 'id': 'v4-dev-006-en', 'reuse': False}
{'set': 'known', 'profile': 'semantic_terms', 'row': 13, 'id': 'v4-dev-007-zh-CN', 'reuse': False}
{'set': 'known', 'profile': 'semantic_terms', 'row': 14, 'id': 'v4-dev-007-en', 'reuse': False}
{'set': 'known', 'profile': 'semantic_terms', 'row': 15, 'id': 'v4-dev-008-zh-CN', 'reuse': False}
{'set': 'known', 'profile': 'semantic_terms', 'row': 16, 'id': 'v4-dev-008-en', 'reuse': False}
{'set': 'known', 'profile': 'semantic_terms', 'row': 17, 'id': 'v4-dev-009-zh-CN', 'reuse': False}
{'set': 'known', 'profile': 'semantic_terms', 'row': 18, 'id': 'v4-dev-009-en', 'reuse': False}
{'set': 'known', 'profile': 'semantic_terms', 'row': 19, 'id': 'v4-dev-010-zh-CN', 'reuse': False}
{'set': 'known', 'profile': 'semantic_terms', 'row': 20, 'id': 'v4-dev-010-en', 'reuse': False}
{'set': 'known', 'profile': 'semantic_terms', 'row': 21, 'id': 'v4-dev-011-zh-CN', 'reuse': False}
{'set': 'known', 'profile': 'semantic_terms', 'row': 22, 'id': 'v4-dev-011-en', 'reuse': False}
{'set': 'known', 'profile': 'semantic_terms', 'row': 23, 'id': 'v4-dev-012-zh-CN', 'reuse': False}
{'set': 'known', 'profile': 'semantic_terms', 'row': 24, 'id': 'v4-dev-012-en', 'reuse': False}
{'set': 'known', 'profile': 'semantic_terms', 'row': 25, 'id': 'v4-dev-013-zh-CN', 'reuse': False}
{'set': 'known', 'profile': 'semantic_terms', 'row': 26, 'id': 'v4-dev-013-en', 'reuse': False}
{'set': 'known', 'profile': 'semantic_terms', 'row': 27, 'id': 'v4-dev-014-zh-CN', 'reuse': False}
{'set': 'known', 'profile': 'semantic_terms', 'row': 28, 'id': 'v4-dev-014-en', 'reuse': False}
{'set': 'known', 'profile': 'semantic_terms', 'row': 29, 'id': 'v4-dev-015-zh-CN', 'reuse': False}
{'set': 'known', 'profile': 'semantic_terms', 'row': 30, 'id': 'v4-dev-015-en', 'reuse': False}
{'set': 'known', 'profile': 'semantic_terms', 'row': 31, 'id': 'v4-dev-016-zh-CN', 'reuse': False}
{'set': 'known', 'profile': 'semantic_terms', 'row': 32, 'id': 'v4-dev-016-en', 'reuse': False}
{'set': 'known', 'profile': 'semantic_terms', 'row': 33, 'id': 'v4-dev-017-zh-CN', 'reuse': False}
{'set': 'known', 'profile': 'semantic_terms', 'row': 34, 'id': 'v4-dev-017-en', 'reuse': False}
{'set': 'known', 'profile': 'semantic_terms', 'row': 35, 'id': 'v4-dev-018-zh-CN', 'reuse': False}
{'set': 'known', 'profile': 'semantic_terms', 'row': 36, 'id': 'v4-dev-018-en', 'reuse': False}
{'set': 'known', 'profile': 'semantic_terms', 'row': 37, 'id': 'v4-dev-019-zh-CN', 'reuse': False}
{'set': 'known', 'profile': 'semantic_terms', 'row': 38, 'id': 'v4-dev-019-en', 'reuse': False}
{'set': 'known', 'profile': 'semantic_terms', 'row': 39, 'id': 'v4-dev-020-zh-CN', 'reuse': False}
{'set': 'known', 'profile': 'semantic_terms', 'row': 40, 'id': 'v4-dev-020-en', 'reuse': False}
{'set': 'known', 'profile': 'semantic_terms', 'row': 41, 'id': 'v4-dev-021-zh-CN', 'reuse': False}
{'set': 'known', 'profile': 'semantic_terms', 'row': 42, 'id': 'v4-dev-021-en', 'reuse': False}
{'set': 'known', 'profile': 'semantic_terms', 'row': 43, 'id': 'v4-dev-022-zh-CN', 'reuse': False}
{'set': 'known', 'profile': 'semantic_terms', 'row': 44, 'id': 'v4-dev-022-en', 'reuse': False}
{'set': 'known', 'profile': 'semantic_terms', 'row': 45, 'id': 'v4-dev-023-zh-CN', 'reuse': False}
{'set': 'known', 'profile': 'semantic_terms', 'row': 46, 'id': 'v4-dev-023-en', 'reuse': False}
{'set': 'known', 'profile': 'semantic_terms', 'row': 47, 'id': 'v4-dev-024-zh-CN', 'reuse': False}
{'set': 'known', 'profile': 'semantic_terms', 'row': 48, 'id': 'v4-dev-024-en', 'reuse': False}
{'set': 'known', 'profile': 'semantic_terms', 'row': 49, 'id': 'v4-dev-025-zh-CN', 'reuse': False}
{'set': 'known', 'profile': 'semantic_terms', 'row': 50, 'id': 'v4-dev-025-en', 'reuse': False}
{'set': 'known', 'profile': 'semantic_terms', 'row': 51, 'id': 'v4-dev-026-zh-CN', 'reuse': False}
{'set': 'known', 'profile': 'semantic_terms', 'row': 52, 'id': 'v4-dev-026-en', 'reuse': False}
{'set': 'known', 'profile': 'semantic_terms', 'row': 53, 'id': 'v4-dev-027-zh-CN', 'reuse': False}
{'set': 'known', 'profile': 'semantic_terms', 'row': 54, 'id': 'v4-dev-027-en', 'reuse': False}
{'set': 'known', 'profile': 'semantic_terms', 'row': 55, 'id': 'v4-dev-028-zh-CN', 'reuse': False}
{'set': 'known', 'profile': 'semantic_terms', 'row': 56, 'id': 'v4-dev-028-en', 'reuse': False}
{'set': 'known', 'profile': 'semantic_terms', 'row': 57, 'id': 'v4-dev-029-zh-CN', 'reuse': False}
{'set': 'known', 'profile': 'semantic_terms', 'row': 58, 'id': 'v4-dev-029-en', 'reuse': False}
{'set': 'known', 'profile': 'semantic_terms', 'row': 59, 'id': 'v4-dev-030-zh-CN', 'reuse': False}
{'set': 'known', 'profile': 'semantic_terms', 'row': 60, 'id': 'v4-dev-030-en', 'reuse': False}
{'set': 'known', 'profile': 'semantic_terms', 'row': 61, 'id': 'v4-dev-031-zh-CN', 'reuse': False}
{'set': 'known', 'profile': 'semantic_terms', 'row': 62, 'id': 'v4-dev-031-en', 'reuse': False}
{'set': 'known', 'profile': 'semantic_terms', 'row': 63, 'id': 'v4-dev-032-zh-CN', 'reuse': False}
{'set': 'known', 'profile': 'semantic_terms', 'row': 64, 'id': 'v4-dev-032-en', 'reuse': False}
{'set': 'known', 'profile': 'semantic_terms', 'row': 65, 'id': 'v4-dev-033-zh-CN', 'reuse': False}
{'set': 'known', 'profile': 'semantic_terms', 'row': 66, 'id': 'v4-dev-033-en', 'reuse': False}
{'set': 'known', 'profile': 'semantic_terms', 'row': 67, 'id': 'v4-dev-034-zh-CN', 'reuse': False}
{'set': 'known', 'profile': 'semantic_terms', 'row': 68, 'id': 'v4-dev-034-en', 'reuse': False}
{'set': 'known', 'profile': 'semantic_terms', 'row': 69, 'id': 'v4-dev-035-zh-CN', 'reuse': False}
{'set': 'known', 'profile': 'semantic_terms', 'row': 70, 'id': 'v4-dev-035-en', 'reuse': False}
{'set': 'known', 'profile': 'semantic_terms', 'row': 71, 'id': 'v4-dev-036-zh-CN', 'reuse': False}
{'set': 'known', 'profile': 'semantic_terms', 'row': 72, 'id': 'v4-dev-036-en', 'reuse': False}
{'set': 'known', 'profile': 'semantic_terms', 'row': 73, 'id': 'v4-dev-037-zh-CN', 'reuse': False}
{'set': 'known', 'profile': 'semantic_terms', 'row': 74, 'id': 'v4-dev-037-en', 'reuse': False}
{'set': 'known', 'profile': 'semantic_terms', 'row': 75, 'id': 'v4-dev-038-zh-CN', 'reuse': False}
{'set': 'known', 'profile': 'semantic_terms', 'row': 76, 'id': 'v4-dev-038-en', 'reuse': False}
{'set': 'known', 'profile': 'semantic_terms', 'row': 77, 'id': 'v4-dev-039-zh-CN', 'reuse': False}
{'set': 'known', 'profile': 'semantic_terms', 'row': 78, 'id': 'v4-dev-039-en', 'reuse': False}
{'set': 'known', 'profile': 'semantic_terms', 'row': 79, 'id': 'v4-dev-040-zh-CN', 'reuse': False}
{'set': 'known', 'profile': 'semantic_terms', 'row': 80, 'id': 'v4-dev-040-en', 'reuse': False}
{'set': 'known', 'profile': 'semantic_terms', 'row': 81, 'id': 'v4-dev-041-zh-CN', 'reuse': False}
{'set': 'known', 'profile': 'semantic_terms', 'row': 82, 'id': 'v4-dev-041-en', 'reuse': False}
{'set': 'known', 'profile': 'semantic_terms', 'row': 83, 'id': 'v4-dev-042-zh-CN', 'reuse': False}
{'set': 'known', 'profile': 'semantic_terms', 'row': 84, 'id': 'v4-dev-042-en', 'reuse': False}
{'set': 'known', 'profile': 'semantic_terms', 'row': 85, 'id': 'v4-dev-043-zh-CN', 'reuse': False}
{'set': 'known', 'profile': 'semantic_terms', 'row': 86, 'id': 'v4-dev-043-en', 'reuse': False}
{'set': 'known', 'profile': 'semantic_terms', 'row': 87, 'id': 'v4-dev-044-zh-CN', 'reuse': False}
{'set': 'known', 'profile': 'semantic_terms', 'row': 88, 'id': 'v4-dev-044-en', 'reuse': False}
{'set': 'known', 'profile': 'semantic_terms', 'row': 89, 'id': 'v4-dev-045-zh-CN', 'reuse': False}
{'set': 'known', 'profile': 'semantic_terms', 'row': 90, 'id': 'v4-dev-045-en', 'reuse': False}
{'set': 'known', 'profile': 'semantic_terms', 'row': 91, 'id': 'v4-dev-046-zh-CN', 'reuse': False}
{'set': 'known', 'profile': 'semantic_terms', 'row': 92, 'id': 'v4-dev-046-en', 'reuse': False}
{'set': 'known', 'profile': 'semantic_terms', 'row': 93, 'id': 'v4-dev-047-zh-CN', 'reuse': False}
{'set': 'known', 'profile': 'semantic_terms', 'row': 94, 'id': 'v4-dev-047-en', 'reuse': False}
{'set': 'known', 'profile': 'semantic_terms', 'row': 95, 'id': 'v4-dev-048-zh-CN', 'reuse': False}
{'set': 'known', 'profile': 'semantic_terms', 'row': 96, 'id': 'v4-dev-048-en', 'reuse': False}
{'set': 'known', 'profile': 'semantic_terms', 'row': 97, 'id': 'v4-dev-049-zh-CN', 'reuse': False}
{'set': 'known', 'profile': 'semantic_terms', 'row': 98, 'id': 'v4-dev-049-en', 'reuse': False}
{'set': 'known', 'profile': 'semantic_terms', 'row': 99, 'id': 'v4-dev-050-zh-CN', 'reuse': False}
{'set': 'known', 'profile': 'semantic_terms', 'row': 100, 'id': 'v4-dev-050-en', 'reuse': False}
{'set': 'known', 'profile': 'semantic_terms', 'row': 101, 'id': 'v4-dev-051-zh-CN', 'reuse': False}
{'set': 'known', 'profile': 'semantic_terms', 'row': 102, 'id': 'v4-dev-051-en', 'reuse': False}
{'set': 'known', 'profile': 'semantic_terms', 'row': 103, 'id': 'v4-dev-052-zh-CN', 'reuse': False}
{'set': 'known', 'profile': 'semantic_terms', 'row': 104, 'id': 'v4-dev-052-en', 'reuse': False}
{'set': 'known', 'profile': 'semantic_terms', 'row': 105, 'id': 'v4-dev-053-zh-CN', 'reuse': False}
{'set': 'known', 'profile': 'semantic_terms', 'row': 106, 'id': 'v4-dev-053-en', 'reuse': False}
{'set': 'known', 'profile': 'semantic_terms', 'row': 107, 'id': 'v4-dev-054-zh-CN', 'reuse': False}
{'set': 'known', 'profile': 'semantic_terms', 'row': 108, 'id': 'v4-dev-054-en', 'reuse': False}
{'set': 'known', 'profile': 'semantic_terms', 'row': 109, 'id': 'v4-dev-055-zh-CN', 'reuse': False}
{'set': 'known', 'profile': 'semantic_terms', 'row': 110, 'id': 'v4-dev-055-en', 'reuse': False}
{'set': 'known', 'profile': 'semantic_terms', 'row': 111, 'id': 'v4-dev-056-zh-CN', 'reuse': False}
{'set': 'known', 'profile': 'semantic_terms', 'row': 112, 'id': 'v4-dev-056-en', 'reuse': False}
{'set': 'known', 'profile': 'semantic_terms', 'row': 113, 'id': 'v4-dev-057-zh-CN', 'reuse': False}
{'set': 'known', 'profile': 'semantic_terms', 'row': 114, 'id': 'v4-dev-057-en', 'reuse': False}
{'set': 'known', 'profile': 'semantic_terms', 'row': 115, 'id': 'v4-dev-058-zh-CN', 'reuse': False}
{'set': 'known', 'profile': 'semantic_terms', 'row': 116, 'id': 'v4-dev-058-en', 'reuse': False}
{'set': 'known', 'profile': 'semantic_terms', 'row': 117, 'id': 'v4-dev-059-zh-CN', 'reuse': False}
{'set': 'known', 'profile': 'semantic_terms', 'row': 118, 'id': 'v4-dev-059-en', 'reuse': False}
{'set': 'known', 'profile': 'semantic_terms', 'row': 119, 'id': 'v4-dev-060-zh-CN', 'reuse': False}
{'set': 'known', 'profile': 'semantic_terms', 'row': 120, 'id': 'v4-dev-060-en', 'reuse': False}
{'set': 'known', 'profile': 'semantic_terms', 'row': 121, 'id': 'v4-dev-061-zh-CN', 'reuse': False}
{'set': 'known', 'profile': 'semantic_terms', 'row': 122, 'id': 'v4-dev-061-en', 'reuse': False}
{'set': 'known', 'profile': 'semantic_terms', 'row': 123, 'id': 'v4-dev-062-zh-CN', 'reuse': False}
{'set': 'known', 'profile': 'semantic_terms', 'row': 124, 'id': 'v4-dev-062-en', 'reuse': False}
{'set': 'known', 'profile': 'semantic_terms', 'row': 125, 'id': 'v4-dev-063-zh-CN', 'reuse': False}
{'set': 'known', 'profile': 'semantic_terms', 'row': 126, 'id': 'v4-dev-063-en', 'reuse': False}
{'set': 'known', 'profile': 'semantic_terms', 'row': 127, 'id': 'v4-dev-064-zh-CN', 'reuse': False}
{'set': 'known', 'profile': 'semantic_terms', 'row': 128, 'id': 'v4-dev-064-en', 'reuse': False}
{'set': 'known', 'profile': 'semantic_terms', 'row': 129, 'id': 'v4-dev-065-zh-CN', 'reuse': False}
{'set': 'known', 'profile': 'semantic_terms', 'row': 130, 'id': 'v4-dev-065-en', 'reuse': False}
{'set': 'known', 'profile': 'semantic_terms', 'row': 131, 'id': 'v4-dev-066-zh-CN', 'reuse': False}
{'set': 'known', 'profile': 'semantic_terms', 'row': 132, 'id': 'v4-dev-066-en', 'reuse': False}
{'set': 'known', 'profile': 'semantic_terms', 'row': 133, 'id': 'v4-dev-067-zh-CN', 'reuse': False}
{'set': 'known', 'profile': 'semantic_terms', 'row': 134, 'id': 'v4-dev-067-en', 'reuse': False}
{'set': 'known', 'profile': 'semantic_terms', 'row': 135, 'id': 'v4-dev-068-zh-CN', 'reuse': False}
{'set': 'known', 'profile': 'semantic_terms', 'row': 136, 'id': 'v4-dev-068-en', 'reuse': False}
{'set': 'known', 'profile': 'semantic_terms', 'row': 137, 'id': 'v4-dev-069-zh-CN', 'reuse': False}
{'set': 'known', 'profile': 'semantic_terms', 'row': 138, 'id': 'v4-dev-069-en', 'reuse': False}
{'set': 'known', 'profile': 'semantic_terms', 'row': 139, 'id': 'v4-dev-070-zh-CN', 'reuse': False}
{'set': 'known', 'profile': 'semantic_terms', 'row': 140, 'id': 'v4-dev-070-en', 'reuse': False}
{'set': 'known', 'profile': 'semantic_terms', 'row': 141, 'id': 'v4-dev-071-zh-CN', 'reuse': False}
{'set': 'known', 'profile': 'semantic_terms', 'row': 142, 'id': 'v4-dev-071-en', 'reuse': False}
{'set': 'known', 'profile': 'semantic_terms', 'row': 143, 'id': 'v4-dev-072-zh-CN', 'reuse': False}
{'set': 'known', 'profile': 'semantic_terms', 'row': 144, 'id': 'v4-dev-072-en', 'reuse': False}
{'set': 'known', 'profile': 'semantic_terms', 'row': 145, 'id': 'v4-dev-073-zh-CN', 'reuse': False}
{'set': 'known', 'profile': 'semantic_terms', 'row': 146, 'id': 'v4-dev-073-en', 'reuse': False}
{'set': 'known', 'profile': 'semantic_terms', 'row': 147, 'id': 'v4-dev-074-zh-CN', 'reuse': False}
{'set': 'known', 'profile': 'semantic_terms', 'row': 148, 'id': 'v4-dev-074-en', 'reuse': False}
{'set': 'known', 'profile': 'semantic_terms', 'row': 149, 'id': 'v4-dev-075-zh-CN', 'reuse': False}
{'set': 'known', 'profile': 'semantic_terms', 'row': 150, 'id': 'v4-dev-075-en', 'reuse': False}
{'set': 'known', 'profile': 'semantic_terms', 'row': 151, 'id': 'v4-dev-076-zh-CN', 'reuse': False}
{'set': 'known', 'profile': 'semantic_terms', 'row': 152, 'id': 'v4-dev-076-en', 'reuse': False}
{'set': 'known', 'profile': 'semantic_terms', 'row': 153, 'id': 'v4-dev-077-zh-CN', 'reuse': False}
{'set': 'known', 'profile': 'semantic_terms', 'row': 154, 'id': 'v4-dev-077-en', 'reuse': False}
{'set': 'known', 'profile': 'semantic_terms', 'row': 155, 'id': 'v4-dev-078-zh-CN', 'reuse': False}
{'set': 'known', 'profile': 'semantic_terms', 'row': 156, 'id': 'v4-dev-078-en', 'reuse': False}
{'set': 'known', 'profile': 'semantic_terms', 'row': 157, 'id': 'v4-dev-079-zh-CN', 'reuse': False}
{'set': 'known', 'profile': 'semantic_terms', 'row': 158, 'id': 'v4-dev-079-en', 'reuse': False}
{'set': 'known', 'profile': 'semantic_terms', 'row': 159, 'id': 'v4-dev-080-zh-CN', 'reuse': False}
{'set': 'known', 'profile': 'semantic_terms', 'row': 160, 'id': 'v4-dev-080-en', 'reuse': False}
{'set': 'known', 'profile': 'semantic_terms', 'row': 161, 'id': 'v4-dev-081-zh-CN', 'reuse': False}
{'set': 'known', 'profile': 'semantic_terms', 'row': 162, 'id': 'v4-dev-081-en', 'reuse': False}
{'set': 'known', 'profile': 'semantic_terms', 'row': 163, 'id': 'v4-dev-082-zh-CN', 'reuse': False}
{'set': 'known', 'profile': 'semantic_terms', 'row': 164, 'id': 'v4-dev-082-en', 'reuse': False}
{'set': 'known', 'profile': 'semantic_terms', 'row': 165, 'id': 'v4-dev-083-zh-CN', 'reuse': False}
{'set': 'known', 'profile': 'semantic_terms', 'row': 166, 'id': 'v4-dev-083-en', 'reuse': False}
{'set': 'known', 'profile': 'semantic_terms', 'row': 167, 'id': 'v4-dev-084-zh-CN', 'reuse': False}
{'set': 'known', 'profile': 'semantic_terms', 'row': 168, 'id': 'v4-dev-084-en', 'reuse': False}
{'set': 'known', 'profile': 'semantic_terms', 'row': 169, 'id': 'v4-dev-085-zh-CN', 'reuse': False}
{'set': 'known', 'profile': 'semantic_terms', 'row': 170, 'id': 'v4-dev-085-en', 'reuse': False}
{'set': 'known', 'profile': 'semantic_terms', 'row': 171, 'id': 'v4-dev-086-zh-CN', 'reuse': False}
{'set': 'known', 'profile': 'semantic_terms', 'row': 172, 'id': 'v4-dev-086-en', 'reuse': False}
{'set': 'known', 'profile': 'semantic_terms', 'row': 173, 'id': 'v4-dev-087-zh-CN', 'reuse': False}
{'set': 'known', 'profile': 'semantic_terms', 'row': 174, 'id': 'v4-dev-087-en', 'reuse': False}
{'set': 'known', 'profile': 'semantic_terms', 'row': 175, 'id': 'v4-dev-088-zh-CN', 'reuse': False}
{'set': 'known', 'profile': 'semantic_terms', 'row': 176, 'id': 'v4-dev-088-en', 'reuse': False}
{'set': 'known', 'profile': 'semantic_terms', 'row': 177, 'id': 'v4-dev-089-zh-CN', 'reuse': False}
{'set': 'known', 'profile': 'semantic_terms', 'row': 178, 'id': 'v4-dev-089-en', 'reuse': False}
{'set': 'known', 'profile': 'semantic_terms', 'row': 179, 'id': 'v4-dev-090-zh-CN', 'reuse': False}
{'set': 'known', 'profile': 'semantic_terms', 'row': 180, 'id': 'v4-dev-090-en', 'reuse': False}
{'set': 'known', 'profile': 'semantic_terms', 'row': 181, 'id': 'v4-dev-091-zh-CN', 'reuse': False}
{'set': 'known', 'profile': 'semantic_terms', 'row': 182, 'id': 'v4-dev-091-en', 'reuse': False}
{'set': 'known', 'profile': 'semantic_terms', 'row': 183, 'id': 'v4-dev-092-zh-CN', 'reuse': False}
{'set': 'known', 'profile': 'semantic_terms', 'row': 184, 'id': 'v4-dev-092-en', 'reuse': False}
{'set': 'known', 'profile': 'semantic_terms', 'row': 185, 'id': 'v4-dev-093-zh-CN', 'reuse': False}
{'set': 'known', 'profile': 'semantic_terms', 'row': 186, 'id': 'v4-dev-093-en', 'reuse': False}
{'set': 'known', 'profile': 'semantic_terms', 'row': 187, 'id': 'v4-dev-094-zh-CN', 'reuse': False}
{'set': 'known', 'profile': 'semantic_terms', 'row': 188, 'id': 'v4-dev-094-en', 'reuse': False}
{'set': 'known', 'profile': 'semantic_terms', 'row': 189, 'id': 'v4-dev-095-zh-CN', 'reuse': False}
{'set': 'known', 'profile': 'semantic_terms', 'row': 190, 'id': 'v4-dev-095-en', 'reuse': False}
{'set': 'known', 'profile': 'semantic_terms', 'row': 191, 'id': 'v4-dev-096-zh-CN', 'reuse': False}
{'set': 'known', 'profile': 'semantic_terms', 'row': 192, 'id': 'v4-dev-096-en', 'reuse': False}
{'set': 'known', 'profile': 'semantic_terms', 'row': 193, 'id': 'v4-dev-097-zh-CN', 'reuse': False}
{'set': 'known', 'profile': 'semantic_terms', 'row': 194, 'id': 'v4-dev-097-en', 'reuse': False}
{'set': 'known', 'profile': 'semantic_terms', 'row': 195, 'id': 'v4-dev-098-zh-CN', 'reuse': False}
{'set': 'known', 'profile': 'semantic_terms', 'row': 196, 'id': 'v4-dev-098-en', 'reuse': False}
{'set': 'known', 'profile': 'semantic_terms', 'row': 197, 'id': 'v4-dev-099-zh-CN', 'reuse': False}
{'set': 'known', 'profile': 'semantic_terms', 'row': 198, 'id': 'v4-dev-099-en', 'reuse': False}
{'set': 'known', 'profile': 'semantic_terms', 'row': 199, 'id': 'v4-dev-100-zh-CN', 'reuse': False}
{'set': 'known', 'profile': 'semantic_terms', 'row': 200, 'id': 'v4-dev-100-en', 'reuse': False}
{'set': 'known', 'profile': 'local_terms', 'row': 1, 'id': 'v4-dev-001-zh-CN', 'reuse': True}
{'set': 'known', 'profile': 'local_terms', 'row': 2, 'id': 'v4-dev-001-en', 'reuse': True}
{'set': 'known', 'profile': 'local_terms', 'row': 3, 'id': 'v4-dev-002-zh-CN', 'reuse': True}
{'set': 'known', 'profile': 'local_terms', 'row': 4, 'id': 'v4-dev-002-en', 'reuse': True}
{'set': 'known', 'profile': 'local_terms', 'row': 5, 'id': 'v4-dev-003-zh-CN', 'reuse': True}
{'set': 'known', 'profile': 'local_terms', 'row': 6, 'id': 'v4-dev-003-en', 'reuse': True}
{'set': 'known', 'profile': 'local_terms', 'row': 7, 'id': 'v4-dev-004-zh-CN', 'reuse': True}
{'set': 'known', 'profile': 'local_terms', 'row': 8, 'id': 'v4-dev-004-en', 'reuse': True}
{'set': 'known', 'profile': 'local_terms', 'row': 9, 'id': 'v4-dev-005-zh-CN', 'reuse': True}
{'set': 'known', 'profile': 'local_terms', 'row': 10, 'id': 'v4-dev-005-en', 'reuse': True}
{'set': 'known', 'profile': 'local_terms', 'row': 11, 'id': 'v4-dev-006-zh-CN', 'reuse': True}
{'set': 'known', 'profile': 'local_terms', 'row': 12, 'id': 'v4-dev-006-en', 'reuse': True}
{'set': 'known', 'profile': 'local_terms', 'row': 13, 'id': 'v4-dev-007-zh-CN', 'reuse': True}
{'set': 'known', 'profile': 'local_terms', 'row': 14, 'id': 'v4-dev-007-en', 'reuse': True}
{'set': 'known', 'profile': 'local_terms', 'row': 15, 'id': 'v4-dev-008-zh-CN', 'reuse': True}
{'set': 'known', 'profile': 'local_terms', 'row': 16, 'id': 'v4-dev-008-en', 'reuse': True}
{'set': 'known', 'profile': 'local_terms', 'row': 17, 'id': 'v4-dev-009-zh-CN', 'reuse': True}
{'set': 'known', 'profile': 'local_terms', 'row': 18, 'id': 'v4-dev-009-en', 'reuse': True}
{'set': 'known', 'profile': 'local_terms', 'row': 19, 'id': 'v4-dev-010-zh-CN', 'reuse': True}
{'set': 'known', 'profile': 'local_terms', 'row': 20, 'id': 'v4-dev-010-en', 'reuse': True}
{'set': 'known', 'profile': 'local_terms', 'row': 21, 'id': 'v4-dev-011-zh-CN', 'reuse': True}
{'set': 'known', 'profile': 'local_terms', 'row': 22, 'id': 'v4-dev-011-en', 'reuse': True}
{'set': 'known', 'profile': 'local_terms', 'row': 23, 'id': 'v4-dev-012-zh-CN', 'reuse': True}
{'set': 'known', 'profile': 'local_terms', 'row': 24, 'id': 'v4-dev-012-en', 'reuse': True}
{'set': 'known', 'profile': 'local_terms', 'row': 25, 'id': 'v4-dev-013-zh-CN', 'reuse': True}
{'set': 'known', 'profile': 'local_terms', 'row': 26, 'id': 'v4-dev-013-en', 'reuse': True}
{'set': 'known', 'profile': 'local_terms', 'row': 27, 'id': 'v4-dev-014-zh-CN', 'reuse': True}
{'set': 'known', 'profile': 'local_terms', 'row': 28, 'id': 'v4-dev-014-en', 'reuse': True}
{'set': 'known', 'profile': 'local_terms', 'row': 29, 'id': 'v4-dev-015-zh-CN', 'reuse': True}
{'set': 'known', 'profile': 'local_terms', 'row': 30, 'id': 'v4-dev-015-en', 'reuse': True}
{'set': 'known', 'profile': 'local_terms', 'row': 31, 'id': 'v4-dev-016-zh-CN', 'reuse': True}
{'set': 'known', 'profile': 'local_terms', 'row': 32, 'id': 'v4-dev-016-en', 'reuse': True}
{'set': 'known', 'profile': 'local_terms', 'row': 33, 'id': 'v4-dev-017-zh-CN', 'reuse': True}
{'set': 'known', 'profile': 'local_terms', 'row': 34, 'id': 'v4-dev-017-en', 'reuse': True}
{'set': 'known', 'profile': 'local_terms', 'row': 35, 'id': 'v4-dev-018-zh-CN', 'reuse': True}
{'set': 'known', 'profile': 'local_terms', 'row': 36, 'id': 'v4-dev-018-en', 'reuse': True}
{'set': 'known', 'profile': 'local_terms', 'row': 37, 'id': 'v4-dev-019-zh-CN', 'reuse': True}
{'set': 'known', 'profile': 'local_terms', 'row': 38, 'id': 'v4-dev-019-en', 'reuse': True}
{'set': 'known', 'profile': 'local_terms', 'row': 39, 'id': 'v4-dev-020-zh-CN', 'reuse': True}
{'set': 'known', 'profile': 'local_terms', 'row': 40, 'id': 'v4-dev-020-en', 'reuse': True}
{'set': 'known', 'profile': 'local_terms', 'row': 41, 'id': 'v4-dev-021-zh-CN', 'reuse': True}
{'set': 'known', 'profile': 'local_terms', 'row': 42, 'id': 'v4-dev-021-en', 'reuse': True}
{'set': 'known', 'profile': 'local_terms', 'row': 43, 'id': 'v4-dev-022-zh-CN', 'reuse': True}
{'set': 'known', 'profile': 'local_terms', 'row': 44, 'id': 'v4-dev-022-en', 'reuse': True}
{'set': 'known', 'profile': 'local_terms', 'row': 45, 'id': 'v4-dev-023-zh-CN', 'reuse': True}
{'set': 'known', 'profile': 'local_terms', 'row': 46, 'id': 'v4-dev-023-en', 'reuse': True}
{'set': 'known', 'profile': 'local_terms', 'row': 47, 'id': 'v4-dev-024-zh-CN', 'reuse': True}
{'set': 'known', 'profile': 'local_terms', 'row': 48, 'id': 'v4-dev-024-en', 'reuse': True}
{'set': 'known', 'profile': 'local_terms', 'row': 49, 'id': 'v4-dev-025-zh-CN', 'reuse': True}
{'set': 'known', 'profile': 'local_terms', 'row': 50, 'id': 'v4-dev-025-en', 'reuse': True}
{'set': 'known', 'profile': 'local_terms', 'row': 51, 'id': 'v4-dev-026-zh-CN', 'reuse': True}
{'set': 'known', 'profile': 'local_terms', 'row': 52, 'id': 'v4-dev-026-en', 'reuse': True}
{'set': 'known', 'profile': 'local_terms', 'row': 53, 'id': 'v4-dev-027-zh-CN', 'reuse': True}
{'set': 'known', 'profile': 'local_terms', 'row': 54, 'id': 'v4-dev-027-en', 'reuse': True}
{'set': 'known', 'profile': 'local_terms', 'row': 55, 'id': 'v4-dev-028-zh-CN', 'reuse': True}
{'set': 'known', 'profile': 'local_terms', 'row': 56, 'id': 'v4-dev-028-en', 'reuse': True}
{'set': 'known', 'profile': 'local_terms', 'row': 57, 'id': 'v4-dev-029-zh-CN', 'reuse': True}
{'set': 'known', 'profile': 'local_terms', 'row': 58, 'id': 'v4-dev-029-en', 'reuse': True}
{'set': 'known', 'profile': 'local_terms', 'row': 59, 'id': 'v4-dev-030-zh-CN', 'reuse': True}
{'set': 'known', 'profile': 'local_terms', 'row': 60, 'id': 'v4-dev-030-en', 'reuse': True}
{'set': 'known', 'profile': 'local_terms', 'row': 61, 'id': 'v4-dev-031-zh-CN', 'reuse': True}
{'set': 'known', 'profile': 'local_terms', 'row': 62, 'id': 'v4-dev-031-en', 'reuse': True}
{'set': 'known', 'profile': 'local_terms', 'row': 63, 'id': 'v4-dev-032-zh-CN', 'reuse': True}
{'set': 'known', 'profile': 'local_terms', 'row': 64, 'id': 'v4-dev-032-en', 'reuse': True}
{'set': 'known', 'profile': 'local_terms', 'row': 65, 'id': 'v4-dev-033-zh-CN', 'reuse': True}
{'set': 'known', 'profile': 'local_terms', 'row': 66, 'id': 'v4-dev-033-en', 'reuse': True}
{'set': 'known', 'profile': 'local_terms', 'row': 67, 'id': 'v4-dev-034-zh-CN', 'reuse': True}
{'set': 'known', 'profile': 'local_terms', 'row': 68, 'id': 'v4-dev-034-en', 'reuse': True}
{'set': 'known', 'profile': 'local_terms', 'row': 69, 'id': 'v4-dev-035-zh-CN', 'reuse': True}
{'set': 'known', 'profile': 'local_terms', 'row': 70, 'id': 'v4-dev-035-en', 'reuse': True}
{'set': 'known', 'profile': 'local_terms', 'row': 71, 'id': 'v4-dev-036-zh-CN', 'reuse': True}
{'set': 'known', 'profile': 'local_terms', 'row': 72, 'id': 'v4-dev-036-en', 'reuse': True}
{'set': 'known', 'profile': 'local_terms', 'row': 73, 'id': 'v4-dev-037-zh-CN', 'reuse': True}
{'set': 'known', 'profile': 'local_terms', 'row': 74, 'id': 'v4-dev-037-en', 'reuse': True}
{'set': 'known', 'profile': 'local_terms', 'row': 75, 'id': 'v4-dev-038-zh-CN', 'reuse': True}
{'set': 'known', 'profile': 'local_terms', 'row': 76, 'id': 'v4-dev-038-en', 'reuse': True}
{'set': 'known', 'profile': 'local_terms', 'row': 77, 'id': 'v4-dev-039-zh-CN', 'reuse': True}
{'set': 'known', 'profile': 'local_terms', 'row': 78, 'id': 'v4-dev-039-en', 'reuse': True}
{'set': 'known', 'profile': 'local_terms', 'row': 79, 'id': 'v4-dev-040-zh-CN', 'reuse': True}
{'set': 'known', 'profile': 'local_terms', 'row': 80, 'id': 'v4-dev-040-en', 'reuse': True}
{'set': 'known', 'profile': 'local_terms', 'row': 81, 'id': 'v4-dev-041-zh-CN', 'reuse': True}
{'set': 'known', 'profile': 'local_terms', 'row': 82, 'id': 'v4-dev-041-en', 'reuse': True}
{'set': 'known', 'profile': 'local_terms', 'row': 83, 'id': 'v4-dev-042-zh-CN', 'reuse': True}
{'set': 'known', 'profile': 'local_terms', 'row': 84, 'id': 'v4-dev-042-en', 'reuse': True}
{'set': 'known', 'profile': 'local_terms', 'row': 85, 'id': 'v4-dev-043-zh-CN', 'reuse': True}
{'set': 'known', 'profile': 'local_terms', 'row': 86, 'id': 'v4-dev-043-en', 'reuse': True}
{'set': 'known', 'profile': 'local_terms', 'row': 87, 'id': 'v4-dev-044-zh-CN', 'reuse': True}
{'set': 'known', 'profile': 'local_terms', 'row': 88, 'id': 'v4-dev-044-en', 'reuse': True}
{'set': 'known', 'profile': 'local_terms', 'row': 89, 'id': 'v4-dev-045-zh-CN', 'reuse': True}
{'set': 'known', 'profile': 'local_terms', 'row': 90, 'id': 'v4-dev-045-en', 'reuse': True}
{'set': 'known', 'profile': 'local_terms', 'row': 91, 'id': 'v4-dev-046-zh-CN', 'reuse': True}
{'set': 'known', 'profile': 'local_terms', 'row': 92, 'id': 'v4-dev-046-en', 'reuse': True}
{'set': 'known', 'profile': 'local_terms', 'row': 93, 'id': 'v4-dev-047-zh-CN', 'reuse': True}
{'set': 'known', 'profile': 'local_terms', 'row': 94, 'id': 'v4-dev-047-en', 'reuse': True}
{'set': 'known', 'profile': 'local_terms', 'row': 95, 'id': 'v4-dev-048-zh-CN', 'reuse': True}
{'set': 'known', 'profile': 'local_terms', 'row': 96, 'id': 'v4-dev-048-en', 'reuse': True}
{'set': 'known', 'profile': 'local_terms', 'row': 97, 'id': 'v4-dev-049-zh-CN', 'reuse': True}
{'set': 'known', 'profile': 'local_terms', 'row': 98, 'id': 'v4-dev-049-en', 'reuse': True}
{'set': 'known', 'profile': 'local_terms', 'row': 99, 'id': 'v4-dev-050-zh-CN', 'reuse': True}
{'set': 'known', 'profile': 'local_terms', 'row': 100, 'id': 'v4-dev-050-en', 'reuse': True}
{'set': 'known', 'profile': 'local_terms', 'row': 101, 'id': 'v4-dev-051-zh-CN', 'reuse': True}
{'set': 'known', 'profile': 'local_terms', 'row': 102, 'id': 'v4-dev-051-en', 'reuse': True}
{'set': 'known', 'profile': 'local_terms', 'row': 103, 'id': 'v4-dev-052-zh-CN', 'reuse': True}
{'set': 'known', 'profile': 'local_terms', 'row': 104, 'id': 'v4-dev-052-en', 'reuse': True}
{'set': 'known', 'profile': 'local_terms', 'row': 105, 'id': 'v4-dev-053-zh-CN', 'reuse': True}
{'set': 'known', 'profile': 'local_terms', 'row': 106, 'id': 'v4-dev-053-en', 'reuse': True}
{'set': 'known', 'profile': 'local_terms', 'row': 107, 'id': 'v4-dev-054-zh-CN', 'reuse': True}
{'set': 'known', 'profile': 'local_terms', 'row': 108, 'id': 'v4-dev-054-en', 'reuse': True}
{'set': 'known', 'profile': 'local_terms', 'row': 109, 'id': 'v4-dev-055-zh-CN', 'reuse': True}
{'set': 'known', 'profile': 'local_terms', 'row': 110, 'id': 'v4-dev-055-en', 'reuse': True}
{'set': 'known', 'profile': 'local_terms', 'row': 111, 'id': 'v4-dev-056-zh-CN', 'reuse': True}
{'set': 'known', 'profile': 'local_terms', 'row': 112, 'id': 'v4-dev-056-en', 'reuse': True}
{'set': 'known', 'profile': 'local_terms', 'row': 113, 'id': 'v4-dev-057-zh-CN', 'reuse': True}
{'set': 'known', 'profile': 'local_terms', 'row': 114, 'id': 'v4-dev-057-en', 'reuse': True}
{'set': 'known', 'profile': 'local_terms', 'row': 115, 'id': 'v4-dev-058-zh-CN', 'reuse': True}
{'set': 'known', 'profile': 'local_terms', 'row': 116, 'id': 'v4-dev-058-en', 'reuse': True}
{'set': 'known', 'profile': 'local_terms', 'row': 117, 'id': 'v4-dev-059-zh-CN', 'reuse': True}
{'set': 'known', 'profile': 'local_terms', 'row': 118, 'id': 'v4-dev-059-en', 'reuse': True}
{'set': 'known', 'profile': 'local_terms', 'row': 119, 'id': 'v4-dev-060-zh-CN', 'reuse': True}
{'set': 'known', 'profile': 'local_terms', 'row': 120, 'id': 'v4-dev-060-en', 'reuse': True}
{'set': 'known', 'profile': 'local_terms', 'row': 121, 'id': 'v4-dev-061-zh-CN', 'reuse': True}
{'set': 'known', 'profile': 'local_terms', 'row': 122, 'id': 'v4-dev-061-en', 'reuse': True}
{'set': 'known', 'profile': 'local_terms', 'row': 123, 'id': 'v4-dev-062-zh-CN', 'reuse': True}
{'set': 'known', 'profile': 'local_terms', 'row': 124, 'id': 'v4-dev-062-en', 'reuse': True}
{'set': 'known', 'profile': 'local_terms', 'row': 125, 'id': 'v4-dev-063-zh-CN', 'reuse': True}
{'set': 'known', 'profile': 'local_terms', 'row': 126, 'id': 'v4-dev-063-en', 'reuse': True}
{'set': 'known', 'profile': 'local_terms', 'row': 127, 'id': 'v4-dev-064-zh-CN', 'reuse': True}
{'set': 'known', 'profile': 'local_terms', 'row': 128, 'id': 'v4-dev-064-en', 'reuse': True}
{'set': 'known', 'profile': 'local_terms', 'row': 129, 'id': 'v4-dev-065-zh-CN', 'reuse': True}
{'set': 'known', 'profile': 'local_terms', 'row': 130, 'id': 'v4-dev-065-en', 'reuse': True}
{'set': 'known', 'profile': 'local_terms', 'row': 131, 'id': 'v4-dev-066-zh-CN', 'reuse': True}
{'set': 'known', 'profile': 'local_terms', 'row': 132, 'id': 'v4-dev-066-en', 'reuse': True}
{'set': 'known', 'profile': 'local_terms', 'row': 133, 'id': 'v4-dev-067-zh-CN', 'reuse': True}
{'set': 'known', 'profile': 'local_terms', 'row': 134, 'id': 'v4-dev-067-en', 'reuse': True}
{'set': 'known', 'profile': 'local_terms', 'row': 135, 'id': 'v4-dev-068-zh-CN', 'reuse': True}
{'set': 'known', 'profile': 'local_terms', 'row': 136, 'id': 'v4-dev-068-en', 'reuse': True}
{'set': 'known', 'profile': 'local_terms', 'row': 137, 'id': 'v4-dev-069-zh-CN', 'reuse': True}
{'set': 'known', 'profile': 'local_terms', 'row': 138, 'id': 'v4-dev-069-en', 'reuse': True}
{'set': 'known', 'profile': 'local_terms', 'row': 139, 'id': 'v4-dev-070-zh-CN', 'reuse': True}
{'set': 'known', 'profile': 'local_terms', 'row': 140, 'id': 'v4-dev-070-en', 'reuse': True}
{'set': 'known', 'profile': 'local_terms', 'row': 141, 'id': 'v4-dev-071-zh-CN', 'reuse': True}
{'set': 'known', 'profile': 'local_terms', 'row': 142, 'id': 'v4-dev-071-en', 'reuse': True}
{'set': 'known', 'profile': 'local_terms', 'row': 143, 'id': 'v4-dev-072-zh-CN', 'reuse': True}
{'set': 'known', 'profile': 'local_terms', 'row': 144, 'id': 'v4-dev-072-en', 'reuse': True}
{'set': 'known', 'profile': 'local_terms', 'row': 145, 'id': 'v4-dev-073-zh-CN', 'reuse': True}
{'set': 'known', 'profile': 'local_terms', 'row': 146, 'id': 'v4-dev-073-en', 'reuse': True}
{'set': 'known', 'profile': 'local_terms', 'row': 147, 'id': 'v4-dev-074-zh-CN', 'reuse': True}
{'set': 'known', 'profile': 'local_terms', 'row': 148, 'id': 'v4-dev-074-en', 'reuse': True}
{'set': 'known', 'profile': 'local_terms', 'row': 149, 'id': 'v4-dev-075-zh-CN', 'reuse': True}
{'set': 'known', 'profile': 'local_terms', 'row': 150, 'id': 'v4-dev-075-en', 'reuse': True}
{'set': 'known', 'profile': 'local_terms', 'row': 151, 'id': 'v4-dev-076-zh-CN', 'reuse': True}
{'set': 'known', 'profile': 'local_terms', 'row': 152, 'id': 'v4-dev-076-en', 'reuse': True}
{'set': 'known', 'profile': 'local_terms', 'row': 153, 'id': 'v4-dev-077-zh-CN', 'reuse': True}
{'set': 'known', 'profile': 'local_terms', 'row': 154, 'id': 'v4-dev-077-en', 'reuse': True}
{'set': 'known', 'profile': 'local_terms', 'row': 155, 'id': 'v4-dev-078-zh-CN', 'reuse': True}
{'set': 'known', 'profile': 'local_terms', 'row': 156, 'id': 'v4-dev-078-en', 'reuse': True}
{'set': 'known', 'profile': 'local_terms', 'row': 157, 'id': 'v4-dev-079-zh-CN', 'reuse': True}
{'set': 'known', 'profile': 'local_terms', 'row': 158, 'id': 'v4-dev-079-en', 'reuse': True}
{'set': 'known', 'profile': 'local_terms', 'row': 159, 'id': 'v4-dev-080-zh-CN', 'reuse': True}
{'set': 'known', 'profile': 'local_terms', 'row': 160, 'id': 'v4-dev-080-en', 'reuse': True}
{'set': 'known', 'profile': 'local_terms', 'row': 161, 'id': 'v4-dev-081-zh-CN', 'reuse': True}
{'set': 'known', 'profile': 'local_terms', 'row': 162, 'id': 'v4-dev-081-en', 'reuse': True}
{'set': 'known', 'profile': 'local_terms', 'row': 163, 'id': 'v4-dev-082-zh-CN', 'reuse': True}
{'set': 'known', 'profile': 'local_terms', 'row': 164, 'id': 'v4-dev-082-en', 'reuse': True}
{'set': 'known', 'profile': 'local_terms', 'row': 165, 'id': 'v4-dev-083-zh-CN', 'reuse': True}
{'set': 'known', 'profile': 'local_terms', 'row': 166, 'id': 'v4-dev-083-en', 'reuse': True}
{'set': 'known', 'profile': 'local_terms', 'row': 167, 'id': 'v4-dev-084-zh-CN', 'reuse': True}
{'set': 'known', 'profile': 'local_terms', 'row': 168, 'id': 'v4-dev-084-en', 'reuse': True}
{'set': 'known', 'profile': 'local_terms', 'row': 169, 'id': 'v4-dev-085-zh-CN', 'reuse': True}
{'set': 'known', 'profile': 'local_terms', 'row': 170, 'id': 'v4-dev-085-en', 'reuse': True}
{'set': 'known', 'profile': 'local_terms', 'row': 171, 'id': 'v4-dev-086-zh-CN', 'reuse': True}
{'set': 'known', 'profile': 'local_terms', 'row': 172, 'id': 'v4-dev-086-en', 'reuse': True}
{'set': 'known', 'profile': 'local_terms', 'row': 173, 'id': 'v4-dev-087-zh-CN', 'reuse': True}
{'set': 'known', 'profile': 'local_terms', 'row': 174, 'id': 'v4-dev-087-en', 'reuse': True}
{'set': 'known', 'profile': 'local_terms', 'row': 175, 'id': 'v4-dev-088-zh-CN', 'reuse': True}
{'set': 'known', 'profile': 'local_terms', 'row': 176, 'id': 'v4-dev-088-en', 'reuse': True}
{'set': 'known', 'profile': 'local_terms', 'row': 177, 'id': 'v4-dev-089-zh-CN', 'reuse': True}
{'set': 'known', 'profile': 'local_terms', 'row': 178, 'id': 'v4-dev-089-en', 'reuse': True}
{'set': 'known', 'profile': 'local_terms', 'row': 179, 'id': 'v4-dev-090-zh-CN', 'reuse': True}
{'set': 'known', 'profile': 'local_terms', 'row': 180, 'id': 'v4-dev-090-en', 'reuse': True}
{'set': 'known', 'profile': 'local_terms', 'row': 181, 'id': 'v4-dev-091-zh-CN', 'reuse': True}
{'set': 'known', 'profile': 'local_terms', 'row': 182, 'id': 'v4-dev-091-en', 'reuse': True}
{'set': 'known', 'profile': 'local_terms', 'row': 183, 'id': 'v4-dev-092-zh-CN', 'reuse': True}
{'set': 'known', 'profile': 'local_terms', 'row': 184, 'id': 'v4-dev-092-en', 'reuse': True}
{'set': 'known', 'profile': 'local_terms', 'row': 185, 'id': 'v4-dev-093-zh-CN', 'reuse': True}
{'set': 'known', 'profile': 'local_terms', 'row': 186, 'id': 'v4-dev-093-en', 'reuse': True}
{'set': 'known', 'profile': 'local_terms', 'row': 187, 'id': 'v4-dev-094-zh-CN', 'reuse': True}
{'set': 'known', 'profile': 'local_terms', 'row': 188, 'id': 'v4-dev-094-en', 'reuse': True}
{'set': 'known', 'profile': 'local_terms', 'row': 189, 'id': 'v4-dev-095-zh-CN', 'reuse': True}
{'set': 'known', 'profile': 'local_terms', 'row': 190, 'id': 'v4-dev-095-en', 'reuse': True}
{'set': 'known', 'profile': 'local_terms', 'row': 191, 'id': 'v4-dev-096-zh-CN', 'reuse': True}
{'set': 'known', 'profile': 'local_terms', 'row': 192, 'id': 'v4-dev-096-en', 'reuse': True}
{'set': 'known', 'profile': 'local_terms', 'row': 193, 'id': 'v4-dev-097-zh-CN', 'reuse': True}
{'set': 'known', 'profile': 'local_terms', 'row': 194, 'id': 'v4-dev-097-en', 'reuse': True}
{'set': 'known', 'profile': 'local_terms', 'row': 195, 'id': 'v4-dev-098-zh-CN', 'reuse': True}
{'set': 'known', 'profile': 'local_terms', 'row': 196, 'id': 'v4-dev-098-en', 'reuse': True}
{'set': 'known', 'profile': 'local_terms', 'row': 197, 'id': 'v4-dev-099-zh-CN', 'reuse': True}
{'set': 'known', 'profile': 'local_terms', 'row': 198, 'id': 'v4-dev-099-en', 'reuse': True}
{'set': 'known', 'profile': 'local_terms', 'row': 199, 'id': 'v4-dev-100-zh-CN', 'reuse': True}
{'set': 'known', 'profile': 'local_terms', 'row': 200, 'id': 'v4-dev-100-en', 'reuse': True}
{'set': 'public', 'profile': 'semantic_terms', 'row': 1, 'id': 'public-short-0193-zh-CN', 'reuse': False}
{'set': 'public', 'profile': 'semantic_terms', 'row': 2, 'id': 'public-short-0193-en', 'reuse': False}
{'set': 'public', 'profile': 'semantic_terms', 'row': 3, 'id': 'public-short-0407-zh-CN', 'reuse': False}
{'set': 'public', 'profile': 'semantic_terms', 'row': 4, 'id': 'public-short-0407-en', 'reuse': False}
{'set': 'public', 'profile': 'semantic_terms', 'row': 5, 'id': 'public-short-0085-zh-CN', 'reuse': False}
{'set': 'public', 'profile': 'semantic_terms', 'row': 6, 'id': 'public-short-0085-en', 'reuse': False}
{'set': 'public', 'profile': 'semantic_terms', 'row': 7, 'id': 'public-short-0015-zh-CN', 'reuse': False}
{'set': 'public', 'profile': 'semantic_terms', 'row': 8, 'id': 'public-short-0015-en', 'reuse': False}
{'set': 'public', 'profile': 'semantic_terms', 'row': 9, 'id': 'public-short-0424-zh-CN', 'reuse': False}
{'set': 'public', 'profile': 'semantic_terms', 'row': 10, 'id': 'public-short-0424-en', 'reuse': False}
{'set': 'public', 'profile': 'semantic_terms', 'row': 11, 'id': 'public-short-0487-zh-CN', 'reuse': False}
{'set': 'public', 'profile': 'semantic_terms', 'row': 12, 'id': 'public-short-0487-en', 'reuse': False}
{'set': 'public', 'profile': 'semantic_terms', 'row': 13, 'id': 'public-short-0395-zh-CN', 'reuse': False}
{'set': 'public', 'profile': 'semantic_terms', 'row': 14, 'id': 'public-short-0395-en', 'reuse': False}
{'set': 'public', 'profile': 'semantic_terms', 'row': 15, 'id': 'public-short-0082-zh-CN', 'reuse': False}
{'set': 'public', 'profile': 'semantic_terms', 'row': 16, 'id': 'public-short-0082-en', 'reuse': False}
{'set': 'public', 'profile': 'semantic_terms', 'row': 17, 'id': 'public-short-0366-zh-CN', 'reuse': False}
{'set': 'public', 'profile': 'semantic_terms', 'row': 18, 'id': 'public-short-0366-en', 'reuse': False}
{'set': 'public', 'profile': 'semantic_terms', 'row': 19, 'id': 'public-short-0527-zh-CN', 'reuse': False}
{'set': 'public', 'profile': 'semantic_terms', 'row': 20, 'id': 'public-short-0527-en', 'reuse': False}
{'set': 'public', 'profile': 'semantic_terms', 'row': 21, 'id': 'public-short-0376-zh-CN', 'reuse': False}
{'set': 'public', 'profile': 'semantic_terms', 'row': 22, 'id': 'public-short-0376-en', 'reuse': False}
{'set': 'public', 'profile': 'semantic_terms', 'row': 23, 'id': 'public-short-0278-zh-CN', 'reuse': False}
{'set': 'public', 'profile': 'semantic_terms', 'row': 24, 'id': 'public-short-0278-en', 'reuse': False}
{'set': 'public', 'profile': 'semantic_terms', 'row': 25, 'id': 'public-short-0266-zh-CN', 'reuse': False}
{'set': 'public', 'profile': 'semantic_terms', 'row': 26, 'id': 'public-short-0266-en', 'reuse': False}
{'set': 'public', 'profile': 'semantic_terms', 'row': 27, 'id': 'public-short-0391-zh-CN', 'reuse': False}
{'set': 'public', 'profile': 'semantic_terms', 'row': 28, 'id': 'public-short-0391-en', 'reuse': False}
{'set': 'public', 'profile': 'semantic_terms', 'row': 29, 'id': 'public-short-0351-zh-CN', 'reuse': False}
{'set': 'public', 'profile': 'semantic_terms', 'row': 30, 'id': 'public-short-0351-en', 'reuse': False}
{'set': 'public', 'profile': 'semantic_terms', 'row': 31, 'id': 'public-short-0031-zh-CN', 'reuse': False}
{'set': 'public', 'profile': 'semantic_terms', 'row': 32, 'id': 'public-short-0031-en', 'reuse': False}
{'set': 'public', 'profile': 'semantic_terms', 'row': 33, 'id': 'public-short-0215-zh-CN', 'reuse': False}
{'set': 'public', 'profile': 'semantic_terms', 'row': 34, 'id': 'public-short-0215-en', 'reuse': False}
{'set': 'public', 'profile': 'semantic_terms', 'row': 35, 'id': 'public-short-0342-zh-CN', 'reuse': False}
{'set': 'public', 'profile': 'semantic_terms', 'row': 36, 'id': 'public-short-0342-en', 'reuse': False}
{'set': 'public', 'profile': 'semantic_terms', 'row': 37, 'id': 'public-short-0183-zh-CN', 'reuse': False}
{'set': 'public', 'profile': 'semantic_terms', 'row': 38, 'id': 'public-short-0183-en', 'reuse': False}
{'set': 'public', 'profile': 'semantic_terms', 'row': 39, 'id': 'public-short-0597-zh-CN', 'reuse': False}
{'set': 'public', 'profile': 'semantic_terms', 'row': 40, 'id': 'public-short-0597-en', 'reuse': False}
{'set': 'public', 'profile': 'semantic_terms', 'row': 41, 'id': 'public-short-0228-zh-CN', 'reuse': False}
{'set': 'public', 'profile': 'semantic_terms', 'row': 42, 'id': 'public-short-0228-en', 'reuse': False}
{'set': 'public', 'profile': 'semantic_terms', 'row': 43, 'id': 'public-short-0492-zh-CN', 'reuse': False}
{'set': 'public', 'profile': 'semantic_terms', 'row': 44, 'id': 'public-short-0492-en', 'reuse': False}
{'set': 'public', 'profile': 'semantic_terms', 'row': 45, 'id': 'public-short-0134-zh-CN', 'reuse': False}
{'set': 'public', 'profile': 'semantic_terms', 'row': 46, 'id': 'public-short-0134-en', 'reuse': False}
{'set': 'public', 'profile': 'semantic_terms', 'row': 47, 'id': 'public-short-0474-zh-CN', 'reuse': False}
{'set': 'public', 'profile': 'semantic_terms', 'row': 48, 'id': 'public-short-0474-en', 'reuse': False}
{'set': 'public', 'profile': 'semantic_terms', 'row': 49, 'id': 'public-short-0254-zh-CN', 'reuse': False}
{'set': 'public', 'profile': 'semantic_terms', 'row': 50, 'id': 'public-short-0254-en', 'reuse': False}
{'set': 'public', 'profile': 'semantic_terms', 'row': 51, 'id': 'public-short-0189-zh-CN', 'reuse': False}
{'set': 'public', 'profile': 'semantic_terms', 'row': 52, 'id': 'public-short-0189-en', 'reuse': False}
{'set': 'public', 'profile': 'semantic_terms', 'row': 53, 'id': 'public-short-0588-zh-CN', 'reuse': False}
{'set': 'public', 'profile': 'semantic_terms', 'row': 54, 'id': 'public-short-0588-en', 'reuse': False}
{'set': 'public', 'profile': 'semantic_terms', 'row': 55, 'id': 'public-short-0190-zh-CN', 'reuse': False}
{'set': 'public', 'profile': 'semantic_terms', 'row': 56, 'id': 'public-short-0190-en', 'reuse': False}
{'set': 'public', 'profile': 'semantic_terms', 'row': 57, 'id': 'public-short-0292-zh-CN', 'reuse': False}
{'set': 'public', 'profile': 'semantic_terms', 'row': 58, 'id': 'public-short-0292-en', 'reuse': False}
{'set': 'public', 'profile': 'semantic_terms', 'row': 59, 'id': 'public-short-0257-zh-CN', 'reuse': False}
{'set': 'public', 'profile': 'semantic_terms', 'row': 60, 'id': 'public-short-0257-en', 'reuse': False}
{'set': 'public', 'profile': 'semantic_terms', 'row': 61, 'id': 'public-short-0493-zh-CN', 'reuse': False}
{'set': 'public', 'profile': 'semantic_terms', 'row': 62, 'id': 'public-short-0493-en', 'reuse': False}
{'set': 'public', 'profile': 'semantic_terms', 'row': 63, 'id': 'public-short-0500-zh-CN', 'reuse': False}
{'set': 'public', 'profile': 'semantic_terms', 'row': 64, 'id': 'public-short-0500-en', 'reuse': False}
{'set': 'public', 'profile': 'semantic_terms', 'row': 65, 'id': 'public-short-0578-zh-CN', 'reuse': False}
{'set': 'public', 'profile': 'semantic_terms', 'row': 66, 'id': 'public-short-0578-en', 'reuse': False}
{'set': 'public', 'profile': 'semantic_terms', 'row': 67, 'id': 'public-short-0477-zh-CN', 'reuse': False}
{'set': 'public', 'profile': 'semantic_terms', 'row': 68, 'id': 'public-short-0477-en', 'reuse': False}
{'set': 'public', 'profile': 'semantic_terms', 'row': 69, 'id': 'public-short-0307-zh-CN', 'reuse': False}
{'set': 'public', 'profile': 'semantic_terms', 'row': 70, 'id': 'public-short-0307-en', 'reuse': False}
{'set': 'public', 'profile': 'semantic_terms', 'row': 71, 'id': 'public-short-0033-zh-CN', 'reuse': False}
{'set': 'public', 'profile': 'semantic_terms', 'row': 72, 'id': 'public-short-0033-en', 'reuse': False}
{'set': 'public', 'profile': 'semantic_terms', 'row': 73, 'id': 'public-short-0230-zh-CN', 'reuse': False}
{'set': 'public', 'profile': 'semantic_terms', 'row': 74, 'id': 'public-short-0230-en', 'reuse': False}
{'set': 'public', 'profile': 'semantic_terms', 'row': 75, 'id': 'public-short-0133-zh-CN', 'reuse': False}
{'set': 'public', 'profile': 'semantic_terms', 'row': 76, 'id': 'public-short-0133-en', 'reuse': False}
{'set': 'public', 'profile': 'semantic_terms', 'row': 77, 'id': 'public-short-0099-zh-CN', 'reuse': False}
{'set': 'public', 'profile': 'semantic_terms', 'row': 78, 'id': 'public-short-0099-en', 'reuse': False}
{'set': 'public', 'profile': 'semantic_terms', 'row': 79, 'id': 'public-short-0201-zh-CN', 'reuse': False}
{'set': 'public', 'profile': 'semantic_terms', 'row': 80, 'id': 'public-short-0201-en', 'reuse': False}
{'set': 'public', 'profile': 'semantic_terms', 'row': 81, 'id': 'public-short-0072-zh-CN', 'reuse': False}
{'set': 'public', 'profile': 'semantic_terms', 'row': 82, 'id': 'public-short-0072-en', 'reuse': False}
{'set': 'public', 'profile': 'semantic_terms', 'row': 83, 'id': 'public-short-0025-zh-CN', 'reuse': False}
{'set': 'public', 'profile': 'semantic_terms', 'row': 84, 'id': 'public-short-0025-en', 'reuse': False}
{'set': 'public', 'profile': 'semantic_terms', 'row': 85, 'id': 'public-short-0151-zh-CN', 'reuse': False}
{'set': 'public', 'profile': 'semantic_terms', 'row': 86, 'id': 'public-short-0151-en', 'reuse': False}
{'set': 'public', 'profile': 'semantic_terms', 'row': 87, 'id': 'public-short-0226-zh-CN', 'reuse': False}
{'set': 'public', 'profile': 'semantic_terms', 'row': 88, 'id': 'public-short-0226-en', 'reuse': False}
{'set': 'public', 'profile': 'semantic_terms', 'row': 89, 'id': 'public-short-0565-zh-CN', 'reuse': False}
{'set': 'public', 'profile': 'semantic_terms', 'row': 90, 'id': 'public-short-0565-en', 'reuse': False}
{'set': 'public', 'profile': 'semantic_terms', 'row': 91, 'id': 'public-short-0227-zh-CN', 'reuse': False}
{'set': 'public', 'profile': 'semantic_terms', 'row': 92, 'id': 'public-short-0227-en', 'reuse': False}
{'set': 'public', 'profile': 'semantic_terms', 'row': 93, 'id': 'public-short-0011-zh-CN', 'reuse': False}
{'set': 'public', 'profile': 'semantic_terms', 'row': 94, 'id': 'public-short-0011-en', 'reuse': False}
{'set': 'public', 'profile': 'semantic_terms', 'row': 95, 'id': 'public-short-0135-zh-CN', 'reuse': False}
{'set': 'public', 'profile': 'semantic_terms', 'row': 96, 'id': 'public-short-0135-en', 'reuse': False}
{'set': 'public', 'profile': 'semantic_terms', 'row': 97, 'id': 'public-short-0306-zh-CN', 'reuse': False}
{'set': 'public', 'profile': 'semantic_terms', 'row': 98, 'id': 'public-short-0306-en', 'reuse': False}
{'set': 'public', 'profile': 'semantic_terms', 'row': 99, 'id': 'public-short-0402-zh-CN', 'reuse': False}
{'set': 'public', 'profile': 'semantic_terms', 'row': 100, 'id': 'public-short-0402-en', 'reuse': False}
{'set': 'public', 'profile': 'semantic_terms', 'row': 101, 'id': 'public-short-0104-zh-CN', 'reuse': False}
{'set': 'public', 'profile': 'semantic_terms', 'row': 102, 'id': 'public-short-0104-en', 'reuse': False}
{'set': 'public', 'profile': 'semantic_terms', 'row': 103, 'id': 'public-short-0442-zh-CN', 'reuse': False}
{'set': 'public', 'profile': 'semantic_terms', 'row': 104, 'id': 'public-short-0442-en', 'reuse': False}
{'set': 'public', 'profile': 'semantic_terms', 'row': 105, 'id': 'public-short-0052-zh-CN', 'reuse': False}
{'set': 'public', 'profile': 'semantic_terms', 'row': 106, 'id': 'public-short-0052-en', 'reuse': False}
{'set': 'public', 'profile': 'semantic_terms', 'row': 107, 'id': 'public-short-0174-zh-CN', 'reuse': False}
{'set': 'public', 'profile': 'semantic_terms', 'row': 108, 'id': 'public-short-0174-en', 'reuse': False}
{'set': 'public', 'profile': 'semantic_terms', 'row': 109, 'id': 'public-short-0205-zh-CN', 'reuse': False}
{'set': 'public', 'profile': 'semantic_terms', 'row': 110, 'id': 'public-short-0205-en', 'reuse': False}
{'set': 'public', 'profile': 'semantic_terms', 'row': 111, 'id': 'public-short-0507-zh-CN', 'reuse': False}
{'set': 'public', 'profile': 'semantic_terms', 'row': 112, 'id': 'public-short-0507-en', 'reuse': False}
{'set': 'public', 'profile': 'semantic_terms', 'row': 113, 'id': 'public-short-0170-zh-CN', 'reuse': False}
{'set': 'public', 'profile': 'semantic_terms', 'row': 114, 'id': 'public-short-0170-en', 'reuse': False}
{'set': 'public', 'profile': 'semantic_terms', 'row': 115, 'id': 'public-short-0248-zh-CN', 'reuse': False}
{'set': 'public', 'profile': 'semantic_terms', 'row': 116, 'id': 'public-short-0248-en', 'reuse': False}
{'set': 'public', 'profile': 'local_terms', 'row': 1, 'id': 'public-short-0193-zh-CN', 'reuse': True}
{'set': 'public', 'profile': 'local_terms', 'row': 2, 'id': 'public-short-0193-en', 'reuse': True}
{'set': 'public', 'profile': 'local_terms', 'row': 3, 'id': 'public-short-0407-zh-CN', 'reuse': True}
{'set': 'public', 'profile': 'local_terms', 'row': 4, 'id': 'public-short-0407-en', 'reuse': True}
{'set': 'public', 'profile': 'local_terms', 'row': 5, 'id': 'public-short-0085-zh-CN', 'reuse': True}
{'set': 'public', 'profile': 'local_terms', 'row': 6, 'id': 'public-short-0085-en', 'reuse': True}
{'set': 'public', 'profile': 'local_terms', 'row': 7, 'id': 'public-short-0015-zh-CN', 'reuse': True}
{'set': 'public', 'profile': 'local_terms', 'row': 8, 'id': 'public-short-0015-en', 'reuse': True}
{'set': 'public', 'profile': 'local_terms', 'row': 9, 'id': 'public-short-0424-zh-CN', 'reuse': True}
{'set': 'public', 'profile': 'local_terms', 'row': 10, 'id': 'public-short-0424-en', 'reuse': True}
{'set': 'public', 'profile': 'local_terms', 'row': 11, 'id': 'public-short-0487-zh-CN', 'reuse': True}
{'set': 'public', 'profile': 'local_terms', 'row': 12, 'id': 'public-short-0487-en', 'reuse': True}
{'set': 'public', 'profile': 'local_terms', 'row': 13, 'id': 'public-short-0395-zh-CN', 'reuse': True}
{'set': 'public', 'profile': 'local_terms', 'row': 14, 'id': 'public-short-0395-en', 'reuse': True}
{'set': 'public', 'profile': 'local_terms', 'row': 15, 'id': 'public-short-0082-zh-CN', 'reuse': True}
{'set': 'public', 'profile': 'local_terms', 'row': 16, 'id': 'public-short-0082-en', 'reuse': True}
{'set': 'public', 'profile': 'local_terms', 'row': 17, 'id': 'public-short-0366-zh-CN', 'reuse': True}
{'set': 'public', 'profile': 'local_terms', 'row': 18, 'id': 'public-short-0366-en', 'reuse': True}
{'set': 'public', 'profile': 'local_terms', 'row': 19, 'id': 'public-short-0527-zh-CN', 'reuse': True}
{'set': 'public', 'profile': 'local_terms', 'row': 20, 'id': 'public-short-0527-en', 'reuse': True}
{'set': 'public', 'profile': 'local_terms', 'row': 21, 'id': 'public-short-0376-zh-CN', 'reuse': True}
{'set': 'public', 'profile': 'local_terms', 'row': 22, 'id': 'public-short-0376-en', 'reuse': True}
{'set': 'public', 'profile': 'local_terms', 'row': 23, 'id': 'public-short-0278-zh-CN', 'reuse': True}
{'set': 'public', 'profile': 'local_terms', 'row': 24, 'id': 'public-short-0278-en', 'reuse': True}
{'set': 'public', 'profile': 'local_terms', 'row': 25, 'id': 'public-short-0266-zh-CN', 'reuse': True}
{'set': 'public', 'profile': 'local_terms', 'row': 26, 'id': 'public-short-0266-en', 'reuse': True}
{'set': 'public', 'profile': 'local_terms', 'row': 27, 'id': 'public-short-0391-zh-CN', 'reuse': True}
{'set': 'public', 'profile': 'local_terms', 'row': 28, 'id': 'public-short-0391-en', 'reuse': True}
{'set': 'public', 'profile': 'local_terms', 'row': 29, 'id': 'public-short-0351-zh-CN', 'reuse': True}
{'set': 'public', 'profile': 'local_terms', 'row': 30, 'id': 'public-short-0351-en', 'reuse': True}
{'set': 'public', 'profile': 'local_terms', 'row': 31, 'id': 'public-short-0031-zh-CN', 'reuse': True}
{'set': 'public', 'profile': 'local_terms', 'row': 32, 'id': 'public-short-0031-en', 'reuse': True}
{'set': 'public', 'profile': 'local_terms', 'row': 33, 'id': 'public-short-0215-zh-CN', 'reuse': True}
{'set': 'public', 'profile': 'local_terms', 'row': 34, 'id': 'public-short-0215-en', 'reuse': True}
{'set': 'public', 'profile': 'local_terms', 'row': 35, 'id': 'public-short-0342-zh-CN', 'reuse': True}
{'set': 'public', 'profile': 'local_terms', 'row': 36, 'id': 'public-short-0342-en', 'reuse': True}
{'set': 'public', 'profile': 'local_terms', 'row': 37, 'id': 'public-short-0183-zh-CN', 'reuse': True}
{'set': 'public', 'profile': 'local_terms', 'row': 38, 'id': 'public-short-0183-en', 'reuse': True}
{'set': 'public', 'profile': 'local_terms', 'row': 39, 'id': 'public-short-0597-zh-CN', 'reuse': True}
{'set': 'public', 'profile': 'local_terms', 'row': 40, 'id': 'public-short-0597-en', 'reuse': True}
{'set': 'public', 'profile': 'local_terms', 'row': 41, 'id': 'public-short-0228-zh-CN', 'reuse': True}
{'set': 'public', 'profile': 'local_terms', 'row': 42, 'id': 'public-short-0228-en', 'reuse': True}
{'set': 'public', 'profile': 'local_terms', 'row': 43, 'id': 'public-short-0492-zh-CN', 'reuse': True}
{'set': 'public', 'profile': 'local_terms', 'row': 44, 'id': 'public-short-0492-en', 'reuse': True}
{'set': 'public', 'profile': 'local_terms', 'row': 45, 'id': 'public-short-0134-zh-CN', 'reuse': True}
{'set': 'public', 'profile': 'local_terms', 'row': 46, 'id': 'public-short-0134-en', 'reuse': True}
{'set': 'public', 'profile': 'local_terms', 'row': 47, 'id': 'public-short-0474-zh-CN', 'reuse': True}
{'set': 'public', 'profile': 'local_terms', 'row': 48, 'id': 'public-short-0474-en', 'reuse': True}
{'set': 'public', 'profile': 'local_terms', 'row': 49, 'id': 'public-short-0254-zh-CN', 'reuse': True}
{'set': 'public', 'profile': 'local_terms', 'row': 50, 'id': 'public-short-0254-en', 'reuse': True}
{'set': 'public', 'profile': 'local_terms', 'row': 51, 'id': 'public-short-0189-zh-CN', 'reuse': True}
{'set': 'public', 'profile': 'local_terms', 'row': 52, 'id': 'public-short-0189-en', 'reuse': True}
{'set': 'public', 'profile': 'local_terms', 'row': 53, 'id': 'public-short-0588-zh-CN', 'reuse': True}
{'set': 'public', 'profile': 'local_terms', 'row': 54, 'id': 'public-short-0588-en', 'reuse': True}
{'set': 'public', 'profile': 'local_terms', 'row': 55, 'id': 'public-short-0190-zh-CN', 'reuse': True}
{'set': 'public', 'profile': 'local_terms', 'row': 56, 'id': 'public-short-0190-en', 'reuse': True}
{'set': 'public', 'profile': 'local_terms', 'row': 57, 'id': 'public-short-0292-zh-CN', 'reuse': True}
{'set': 'public', 'profile': 'local_terms', 'row': 58, 'id': 'public-short-0292-en', 'reuse': True}
{'set': 'public', 'profile': 'local_terms', 'row': 59, 'id': 'public-short-0257-zh-CN', 'reuse': True}
{'set': 'public', 'profile': 'local_terms', 'row': 60, 'id': 'public-short-0257-en', 'reuse': True}
{'set': 'public', 'profile': 'local_terms', 'row': 61, 'id': 'public-short-0493-zh-CN', 'reuse': True}
{'set': 'public', 'profile': 'local_terms', 'row': 62, 'id': 'public-short-0493-en', 'reuse': True}
{'set': 'public', 'profile': 'local_terms', 'row': 63, 'id': 'public-short-0500-zh-CN', 'reuse': True}
{'set': 'public', 'profile': 'local_terms', 'row': 64, 'id': 'public-short-0500-en', 'reuse': True}
{'set': 'public', 'profile': 'local_terms', 'row': 65, 'id': 'public-short-0578-zh-CN', 'reuse': True}
{'set': 'public', 'profile': 'local_terms', 'row': 66, 'id': 'public-short-0578-en', 'reuse': True}
{'set': 'public', 'profile': 'local_terms', 'row': 67, 'id': 'public-short-0477-zh-CN', 'reuse': True}
{'set': 'public', 'profile': 'local_terms', 'row': 68, 'id': 'public-short-0477-en', 'reuse': True}
{'set': 'public', 'profile': 'local_terms', 'row': 69, 'id': 'public-short-0307-zh-CN', 'reuse': True}
{'set': 'public', 'profile': 'local_terms', 'row': 70, 'id': 'public-short-0307-en', 'reuse': True}
{'set': 'public', 'profile': 'local_terms', 'row': 71, 'id': 'public-short-0033-zh-CN', 'reuse': True}
{'set': 'public', 'profile': 'local_terms', 'row': 72, 'id': 'public-short-0033-en', 'reuse': True}
{'set': 'public', 'profile': 'local_terms', 'row': 73, 'id': 'public-short-0230-zh-CN', 'reuse': True}
{'set': 'public', 'profile': 'local_terms', 'row': 74, 'id': 'public-short-0230-en', 'reuse': True}
{'set': 'public', 'profile': 'local_terms', 'row': 75, 'id': 'public-short-0133-zh-CN', 'reuse': True}
{'set': 'public', 'profile': 'local_terms', 'row': 76, 'id': 'public-short-0133-en', 'reuse': True}
{'set': 'public', 'profile': 'local_terms', 'row': 77, 'id': 'public-short-0099-zh-CN', 'reuse': True}
{'set': 'public', 'profile': 'local_terms', 'row': 78, 'id': 'public-short-0099-en', 'reuse': True}
{'set': 'public', 'profile': 'local_terms', 'row': 79, 'id': 'public-short-0201-zh-CN', 'reuse': True}
{'set': 'public', 'profile': 'local_terms', 'row': 80, 'id': 'public-short-0201-en', 'reuse': True}
{'set': 'public', 'profile': 'local_terms', 'row': 81, 'id': 'public-short-0072-zh-CN', 'reuse': True}
{'set': 'public', 'profile': 'local_terms', 'row': 82, 'id': 'public-short-0072-en', 'reuse': True}
{'set': 'public', 'profile': 'local_terms', 'row': 83, 'id': 'public-short-0025-zh-CN', 'reuse': True}
{'set': 'public', 'profile': 'local_terms', 'row': 84, 'id': 'public-short-0025-en', 'reuse': True}
{'set': 'public', 'profile': 'local_terms', 'row': 85, 'id': 'public-short-0151-zh-CN', 'reuse': True}
{'set': 'public', 'profile': 'local_terms', 'row': 86, 'id': 'public-short-0151-en', 'reuse': True}
{'set': 'public', 'profile': 'local_terms', 'row': 87, 'id': 'public-short-0226-zh-CN', 'reuse': True}
{'set': 'public', 'profile': 'local_terms', 'row': 88, 'id': 'public-short-0226-en', 'reuse': True}
{'set': 'public', 'profile': 'local_terms', 'row': 89, 'id': 'public-short-0565-zh-CN', 'reuse': True}
{'set': 'public', 'profile': 'local_terms', 'row': 90, 'id': 'public-short-0565-en', 'reuse': True}
{'set': 'public', 'profile': 'local_terms', 'row': 91, 'id': 'public-short-0227-zh-CN', 'reuse': True}
{'set': 'public', 'profile': 'local_terms', 'row': 92, 'id': 'public-short-0227-en', 'reuse': True}
{'set': 'public', 'profile': 'local_terms', 'row': 93, 'id': 'public-short-0011-zh-CN', 'reuse': True}
{'set': 'public', 'profile': 'local_terms', 'row': 94, 'id': 'public-short-0011-en', 'reuse': True}
{'set': 'public', 'profile': 'local_terms', 'row': 95, 'id': 'public-short-0135-zh-CN', 'reuse': True}
{'set': 'public', 'profile': 'local_terms', 'row': 96, 'id': 'public-short-0135-en', 'reuse': True}
{'set': 'public', 'profile': 'local_terms', 'row': 97, 'id': 'public-short-0306-zh-CN', 'reuse': True}
{'set': 'public', 'profile': 'local_terms', 'row': 98, 'id': 'public-short-0306-en', 'reuse': True}
{'set': 'public', 'profile': 'local_terms', 'row': 99, 'id': 'public-short-0402-zh-CN', 'reuse': True}
{'set': 'public', 'profile': 'local_terms', 'row': 100, 'id': 'public-short-0402-en', 'reuse': True}
{'set': 'public', 'profile': 'local_terms', 'row': 101, 'id': 'public-short-0104-zh-CN', 'reuse': True}
{'set': 'public', 'profile': 'local_terms', 'row': 102, 'id': 'public-short-0104-en', 'reuse': True}
{'set': 'public', 'profile': 'local_terms', 'row': 103, 'id': 'public-short-0442-zh-CN', 'reuse': True}
{'set': 'public', 'profile': 'local_terms', 'row': 104, 'id': 'public-short-0442-en', 'reuse': True}
{'set': 'public', 'profile': 'local_terms', 'row': 105, 'id': 'public-short-0052-zh-CN', 'reuse': True}
{'set': 'public', 'profile': 'local_terms', 'row': 106, 'id': 'public-short-0052-en', 'reuse': True}
{'set': 'public', 'profile': 'local_terms', 'row': 107, 'id': 'public-short-0174-zh-CN', 'reuse': True}
{'set': 'public', 'profile': 'local_terms', 'row': 108, 'id': 'public-short-0174-en', 'reuse': True}
{'set': 'public', 'profile': 'local_terms', 'row': 109, 'id': 'public-short-0205-zh-CN', 'reuse': True}
{'set': 'public', 'profile': 'local_terms', 'row': 110, 'id': 'public-short-0205-en', 'reuse': True}
{'set': 'public', 'profile': 'local_terms', 'row': 111, 'id': 'public-short-0507-zh-CN', 'reuse': True}
{'set': 'public', 'profile': 'local_terms', 'row': 112, 'id': 'public-short-0507-en', 'reuse': True}
{'set': 'public', 'profile': 'local_terms', 'row': 113, 'id': 'public-short-0170-zh-CN', 'reuse': True}
{'set': 'public', 'profile': 'local_terms', 'row': 114, 'id': 'public-short-0170-en', 'reuse': True}
{'set': 'public', 'profile': 'local_terms', 'row': 115, 'id': 'public-short-0248-zh-CN', 'reuse': True}
{'set': 'public', 'profile': 'local_terms', 'row': 116, 'id': 'public-short-0248-en', 'reuse': True}
